
################################################################################
#
# This file has been generated by SpyGlass:
#     Report Name      : RSTree
#     Report Created by: ICer
#     Report Created on:  Wed Sep 23 03:36:13 2026
#     Working Directory: /home/ICer/UART_System/Spyglass
#     SpyGlass Version : SpyGlass_vL-2016.06
#     Policy Name      : clock-reset(SpyGlass_vL-2016.06)
#     Comment          : Report Generated By Rule Reset_info02
#
################################################################################

################################################################################
# 
# Purpose: 
#     This report shows the reset trees for resets. It is generated if you have
#     enabled rule Reset_info02 and defined reset constraints or enabled parameter
#     use_inferred_resets.
#     This report is sensitive to any case analysis settings that have been set.
# 
# Format: 
#     The trees are shown in a tree-like format.(The nodes are indented according to
#     their position in hierarchy,"`--" is  used to indicate whether a net/cell is
#     the last child at a particular level,"|--" is used for rest of the nodes. The 
#     level is also printed in braces before every net/cell).
#     The (+)/(-) suffix to a leaf-level cell output net name indicates the reset
#     polarity reaching the flip-flop.
#     When (x) suffix is present, it indicates that reset polarity could not be
#     uniquely determined.
# 
#     A leaf on the tree can be one of:
#     a. A register inferred from the RTL - the hierarchical name of the registered
#                net is shown along with the polarity of the reset at that point
#     b. A black box - the hierarchical name of the black box instance is annotated
#                with its master name, the name of the pin connected to the reset, 
#                the polarity of the reset and (Black-Box) to indicate that
#                this is a black box
#     c. A latch inferred from the RTL - the hierarchical name of the latched net is
#                shown along with the polarity of the reset and (Latch) to indicate 
#                that this is latched net. For a latch to be a leaf, the data pin
#                of the latch should be connected to the reset.
#     d. A sequential leaf cell - the hierarchical name of the sequential instance, 
#                which is neither known to be a flop nor a latch, is annotated with 
#                its master name, the name of the pin connected to the reset, the polarity
#                of the reset and (Sequential Logic Cell) to indicate that this is a 
#                sequential leaf cell
# 
#     The intermediate nodes of a tree are the hierarchical name of the net found while 
#     walking along a path from the root of the tree to a leaf
#     If the same intermediate node is observed more than once on different paths
#     from root to leaves, then the sub-tree beyond this node is shown only after its
#     first occurence in the tree. For the other occurences, a reference to the sub-tree
#     is shown. This rule is recursively followed for the sub-trees also.
################################################################################

============================================
ROOT RESET: sys_top.RST
|-- (1)sys_top.uart_rst_sync.n_synch[0] (-)
|-- (1)sys_top.uart_rst_sync.n_synch[1] (-)
|-- (1)sys_top.uart_rst_sync.n_synch[2] (-)
|-- (1)sys_top.uart_rst_sync.n_synch[2]
|   `-- (2)sys_top.uart_rst
|       |-- (3)sys_top.rx_rst_sync.n_synch[0] (-)
|       |-- (3)sys_top.rx_rst_sync.n_synch[1] (-)
|       |-- (3)sys_top.rx_rst_sync.n_synch[2] (-)
|       |-- (3)sys_top.rx_rst_sync.n_synch[2]
|       |   `-- (4)sys_top.rx_rst
|       |       |-- (5)sys_top.rx_p_out[0] (-)
|       |       |-- (5)sys_top.rx_p_out[1] (-)
|       |       |-- (5)sys_top.rx_p_out[2] (-)
|       |       |-- (5)sys_top.rx_p_out[3] (-)
|       |       |-- (5)sys_top.rx_p_out[4] (-)
|       |       |-- (5)sys_top.rx_p_out[5] (-)
|       |       |-- (5)sys_top.rx_p_out[6] (-)
|       |       |-- (5)sys_top.rx_p_out[7] (-)
|       |       |-- (5)sys_top.UART_TX_RX.U0_UART_RX.samp_b (-)
|       |       |-- (5)sys_top.UART_TX_RX.U0_UART_RX.samp_valid (-)
|       |       |-- (5)sys_top.UART_TX_RX.U0_UART_RX.U2.s0 (-)
|       |       |-- (5)sys_top.UART_TX_RX.U0_UART_RX.U2.s1 (-)
|       |       |-- (5)sys_top.UART_TX_RX.U0_UART_RX.bit_cnt[0] (-)
|       |       |-- (5)sys_top.UART_TX_RX.U0_UART_RX.bit_cnt[1] (-)
|       |       |-- (5)sys_top.UART_TX_RX.U0_UART_RX.bit_cnt[2] (-)
|       |       |-- (5)sys_top.UART_TX_RX.U0_UART_RX.bit_cnt[3] (-)
|       |       |-- (5)sys_top.UART_TX_RX.U0_UART_RX.edge_cnt[0] (-)
|       |       |-- (5)sys_top.UART_TX_RX.U0_UART_RX.edge_cnt[1] (-)
|       |       |-- (5)sys_top.UART_TX_RX.U0_UART_RX.edge_cnt[2] (-)
|       |       |-- (5)sys_top.UART_TX_RX.U0_UART_RX.edge_cnt[3] (-)
|       |       |-- (5)sys_top.UART_TX_RX.U0_UART_RX.edge_cnt[4] (-)
|       |       |-- (5)sys_top.UART_TX_RX.U0_UART_RX.edge_cnt[5] (-)
|       |       |-- (5)sys_top.UART_TX_RX.U0_UART_RX.par_err (-)
|       |       |-- (5)sys_top.UART_TX_RX.U0_UART_RX.par_done (-)
|       |       |-- (5)sys_top.UART_TX_RX.U0_UART_RX.U4.parity_reg (-)
|       |       |-- (5)sys_top.UART_TX_RX.U0_UART_RX.U4.count[0] (-)
|       |       |-- (5)sys_top.UART_TX_RX.U0_UART_RX.U4.count[1] (-)
|       |       |-- (5)sys_top.UART_TX_RX.U0_UART_RX.U4.count[2] (-)
|       |       |-- (5)sys_top.UART_TX_RX.U0_UART_RX.U4.count[3] (-)
|       |       |-- (5)sys_top.UART_TX_RX.U0_UART_RX.strt_glitch (-)
|       |       |-- (5)sys_top.UART_TX_RX.U0_UART_RX.stp_err (-)
|       |       |-- (5)sys_top.UART_TX_RX.U0_UART_RX.stp_done (-)
|       |       |-- (5)sys_top.UART_TX_RX.U0_UART_RX.U7.sample_valid_d (-)
|       |       |-- (5)sys_top.UART_TX_RX.U0_UART_RX.U7.c_state[0] (-)
|       |       |-- (5)sys_top.UART_TX_RX.U0_UART_RX.U7.c_state[1] (-)
|       |       |-- (5)sys_top.UART_TX_RX.U0_UART_RX.U7.c_state[2] (-)
|       |       `-- (5)sys_top.rx_out_v (-)
|       |-- (3)sys_top.tx_rst_sync.n_synch[0] (-)
|       |-- (3)sys_top.tx_rst_sync.n_synch[1] (-)
|       |-- (3)sys_top.tx_rst_sync.n_synch[2] (-)
|       `-- (3)sys_top.tx_rst_sync.n_synch[2]
|           `-- (4)sys_top.tx_rst
|               |-- (5)sys_top.UART_TX_RX.U0_UART_TX.par_bit (-)
|               |-- (5)sys_top.UART_TX_RX.U0_UART_TX.U2.current_state[0] (-)
|               |-- (5)sys_top.UART_TX_RX.U0_UART_TX.U2.current_state[1] (-)
|               |-- (5)sys_top.UART_TX_RX.U0_UART_TX.U2.current_state[2] (-)
|               |-- (5)sys_top.UART_TX_RX.U0_UART_TX.ser_done (-)
|               |-- (5)sys_top.UART_TX_RX.U0_UART_TX.ser_data (-)
|               |-- (5)sys_top.UART_TX_RX.U0_UART_TX.U1.mem[0] (-)
|               |-- (5)sys_top.UART_TX_RX.U0_UART_TX.U1.mem[1] (-)
|               |-- (5)sys_top.UART_TX_RX.U0_UART_TX.U1.mem[2] (-)
|               |-- (5)sys_top.UART_TX_RX.U0_UART_TX.U1.mem[3] (-)
|               |-- (5)sys_top.UART_TX_RX.U0_UART_TX.U1.mem[4] (-)
|               |-- (5)sys_top.UART_TX_RX.U0_UART_TX.U1.mem[5] (-)
|               |-- (5)sys_top.UART_TX_RX.U0_UART_TX.U1.mem[6] (-)
|               |-- (5)sys_top.UART_TX_RX.U0_UART_TX.U1.mem[7] (-)
|               |-- (5)sys_top.UART_TX_RX.U0_UART_TX.U1.loading (-)
|               |-- (5)sys_top.UART_TX_RX.U0_UART_TX.U1.counter[0] (-)
|               |-- (5)sys_top.UART_TX_RX.U0_UART_TX.U1.counter[1] (-)
|               |-- (5)sys_top.UART_TX_RX.U0_UART_TX.U1.counter[2] (-)
|               |-- (5)sys_top.FIFO_u.U5.RD_PTR_BIN[0] (-)
|               |-- (5)sys_top.FIFO_u.U5.RD_PTR_BIN[1] (-)
|               |-- (5)sys_top.FIFO_u.U5.RD_PTR_BIN[2] (-)
|               |-- (5)sys_top.FIFO_u.U5.RD_PTR_BIN[3] (-)
|               |-- (5)sys_top.FIFO_u.empty_w (-)
|               |-- (5)sys_top.FIFO_u.r_ptr[0] (-)
|               |-- (5)sys_top.FIFO_u.r_ptr[1] (-)
|               |-- (5)sys_top.FIFO_u.r_ptr[2] (-)
|               |-- (5)sys_top.FIFO_u.r_ptr[3] (-)
|               |-- (5)sys_top.FIFO_u.U2_WRptr_sync.s1[0] (-)
|               |-- (5)sys_top.FIFO_u.U2_WRptr_sync.s1[1] (-)
|               |-- (5)sys_top.FIFO_u.U2_WRptr_sync.s1[2] (-)
|               |-- (5)sys_top.FIFO_u.U2_WRptr_sync.s1[3] (-)
|               |-- (5)sys_top.FIFO_u.U2_WRptr_sync.s0[0] (-)
|               |-- (5)sys_top.FIFO_u.U2_WRptr_sync.s0[1] (-)
|               |-- (5)sys_top.FIFO_u.U2_WRptr_sync.s0[2] (-)
|               |-- (5)sys_top.FIFO_u.U2_WRptr_sync.s0[3] (-)
|               |-- (5)sys_top.Pulse_U.pls_flop (-)
|               `-- (5)sys_top.Pulse_U.rcv_flop (-)
|-- (1)sys_top.RF1.n_synch[0] (-)
|-- (1)sys_top.RF1.n_synch[1] (-)
|-- (1)sys_top.RF1.n_synch[2] (-)
`-- (1)sys_top.RF1.n_synch[2]
    `-- (2)sys_top.ref_rst
        |-- (3)sys_top.synced_p_data[0] (-)
        |-- (3)sys_top.synced_p_data[1] (-)
        |-- (3)sys_top.synced_p_data[2] (-)
        |-- (3)sys_top.synced_p_data[3] (-)
        |-- (3)sys_top.synced_p_data[4] (-)
        |-- (3)sys_top.synced_p_data[5] (-)
        |-- (3)sys_top.synced_p_data[6] (-)
        |-- (3)sys_top.synced_p_data[7] (-)
        |-- (3)sys_top.Rx2SysCtrl.pulse_out (-)
        |-- (3)sys_top.synced_v_data (-)
        |-- (3)sys_top.Rx2SysCtrl.SYNC[0] (-)
        |-- (3)sys_top.Rx2SysCtrl.SYNC[1] (-)
        |-- (3)sys_top.Rx2SysCtrl.SYNC[2] (-)
        |-- (3)sys_top.Rx2SysCtrl.SYNC[3] (-)
        |-- (3)sys_top.sys_ctrl_u.current_state[0] (-)
        |-- (3)sys_top.sys_ctrl_u.current_state[1] (-)
        |-- (3)sys_top.sys_ctrl_u.current_state[2] (-)
        |-- (3)sys_top.sys_ctrl_u.current_state[3] (-)
        |-- (3)sys_top.sys_ctrl_u.wr_addr[0] (-)
        |-- (3)sys_top.sys_ctrl_u.wr_addr[1] (-)
        |-- (3)sys_top.sys_ctrl_u.wr_addr[2] (-)
        |-- (3)sys_top.sys_ctrl_u.wr_addr[3] (-)
        |-- (3)sys_top.sys_ctrl_u.frame2[0] (-)
        |-- (3)sys_top.sys_ctrl_u.frame2[1] (-)
        |-- (3)sys_top.sys_ctrl_u.frame2[2] (-)
        |-- (3)sys_top.sys_ctrl_u.frame2[3] (-)
        |-- (3)sys_top.sys_ctrl_u.frame2[4] (-)
        |-- (3)sys_top.sys_ctrl_u.frame2[5] (-)
        |-- (3)sys_top.sys_ctrl_u.frame2[6] (-)
        |-- (3)sys_top.sys_ctrl_u.frame2[7] (-)
        |-- (3)sys_top.sys_ctrl_u.cfg_locked (-)
        |-- (3)sys_top.sys_ctrl_u.reg2_cfg (-)
        |-- (3)sys_top.sys_ctrl_u.reg3_cfg (-)
        |-- (3)sys_top.rd_data_vld (-)
        |-- (3)sys_top.rd_data[0] (-)
        |-- (3)sys_top.rd_data[1] (-)
        |-- (3)sys_top.rd_data[2] (-)
        |-- (3)sys_top.rd_data[3] (-)
        |-- (3)sys_top.rd_data[4] (-)
        |-- (3)sys_top.rd_data[5] (-)
        |-- (3)sys_top.rd_data[6] (-)
        |-- (3)sys_top.rd_data[7] (-)
        |-- (3)sys_top.Regfile_u.reg_file[15][0] (-)
        |-- (3)sys_top.Regfile_u.reg_file[15][1] (-)
        |-- (3)sys_top.Regfile_u.reg_file[15][2] (-)
        |-- (3)sys_top.Regfile_u.reg_file[15][3] (-)
        |-- (3)sys_top.Regfile_u.reg_file[15][4] (-)
        |-- (3)sys_top.Regfile_u.reg_file[15][5] (-)
        |-- (3)sys_top.Regfile_u.reg_file[15][6] (-)
        |-- (3)sys_top.Regfile_u.reg_file[15][7] (-)
        |-- (3)sys_top.Regfile_u.reg_file[14][0] (-)
        |-- (3)sys_top.Regfile_u.reg_file[14][1] (-)
        |-- (3)sys_top.Regfile_u.reg_file[14][2] (-)
        |-- (3)sys_top.Regfile_u.reg_file[14][3] (-)
        |-- (3)sys_top.Regfile_u.reg_file[14][4] (-)
        |-- (3)sys_top.Regfile_u.reg_file[14][5] (-)
        |-- (3)sys_top.Regfile_u.reg_file[14][6] (-)
        |-- (3)sys_top.Regfile_u.reg_file[14][7] (-)
        |-- (3)sys_top.Regfile_u.reg_file[13][0] (-)
        |-- (3)sys_top.Regfile_u.reg_file[13][1] (-)
        |-- (3)sys_top.Regfile_u.reg_file[13][2] (-)
        |-- (3)sys_top.Regfile_u.reg_file[13][3] (-)
        |-- (3)sys_top.Regfile_u.reg_file[13][4] (-)
        |-- (3)sys_top.Regfile_u.reg_file[13][5] (-)
        |-- (3)sys_top.Regfile_u.reg_file[13][6] (-)
        |-- (3)sys_top.Regfile_u.reg_file[13][7] (-)
        |-- (3)sys_top.Regfile_u.reg_file[12][0] (-)
        |-- (3)sys_top.Regfile_u.reg_file[12][1] (-)
        |-- (3)sys_top.Regfile_u.reg_file[12][2] (-)
        |-- (3)sys_top.Regfile_u.reg_file[12][3] (-)
        |-- (3)sys_top.Regfile_u.reg_file[12][4] (-)
        |-- (3)sys_top.Regfile_u.reg_file[12][5] (-)
        |-- (3)sys_top.Regfile_u.reg_file[12][6] (-)
        |-- (3)sys_top.Regfile_u.reg_file[12][7] (-)
        |-- (3)sys_top.Regfile_u.reg_file[11][0] (-)
        |-- (3)sys_top.Regfile_u.reg_file[11][1] (-)
        |-- (3)sys_top.Regfile_u.reg_file[11][2] (-)
        |-- (3)sys_top.Regfile_u.reg_file[11][3] (-)
        |-- (3)sys_top.Regfile_u.reg_file[11][4] (-)
        |-- (3)sys_top.Regfile_u.reg_file[11][5] (-)
        |-- (3)sys_top.Regfile_u.reg_file[11][6] (-)
        |-- (3)sys_top.Regfile_u.reg_file[11][7] (-)
        |-- (3)sys_top.Regfile_u.reg_file[10][0] (-)
        |-- (3)sys_top.Regfile_u.reg_file[10][1] (-)
        |-- (3)sys_top.Regfile_u.reg_file[10][2] (-)
        |-- (3)sys_top.Regfile_u.reg_file[10][3] (-)
        |-- (3)sys_top.Regfile_u.reg_file[10][4] (-)
        |-- (3)sys_top.Regfile_u.reg_file[10][5] (-)
        |-- (3)sys_top.Regfile_u.reg_file[10][6] (-)
        |-- (3)sys_top.Regfile_u.reg_file[10][7] (-)
        |-- (3)sys_top.Regfile_u.reg_file[9][0] (-)
        |-- (3)sys_top.Regfile_u.reg_file[9][1] (-)
        |-- (3)sys_top.Regfile_u.reg_file[9][2] (-)
        |-- (3)sys_top.Regfile_u.reg_file[9][3] (-)
        |-- (3)sys_top.Regfile_u.reg_file[9][4] (-)
        |-- (3)sys_top.Regfile_u.reg_file[9][5] (-)
        |-- (3)sys_top.Regfile_u.reg_file[9][6] (-)
        |-- (3)sys_top.Regfile_u.reg_file[9][7] (-)
        |-- (3)sys_top.Regfile_u.reg_file[8][0] (-)
        |-- (3)sys_top.Regfile_u.reg_file[8][1] (-)
        |-- (3)sys_top.Regfile_u.reg_file[8][2] (-)
        |-- (3)sys_top.Regfile_u.reg_file[8][3] (-)
        |-- (3)sys_top.Regfile_u.reg_file[8][4] (-)
        |-- (3)sys_top.Regfile_u.reg_file[8][5] (-)
        |-- (3)sys_top.Regfile_u.reg_file[8][6] (-)
        |-- (3)sys_top.Regfile_u.reg_file[8][7] (-)
        |-- (3)sys_top.Regfile_u.reg_file[7][0] (-)
        |-- (3)sys_top.Regfile_u.reg_file[7][1] (-)
        |-- (3)sys_top.Regfile_u.reg_file[7][2] (-)
        |-- (3)sys_top.Regfile_u.reg_file[7][3] (-)
        |-- (3)sys_top.Regfile_u.reg_file[7][4] (-)
        |-- (3)sys_top.Regfile_u.reg_file[7][5] (-)
        |-- (3)sys_top.Regfile_u.reg_file[7][6] (-)
        |-- (3)sys_top.Regfile_u.reg_file[7][7] (-)
        |-- (3)sys_top.Regfile_u.reg_file[6][0] (-)
        |-- (3)sys_top.Regfile_u.reg_file[6][1] (-)
        |-- (3)sys_top.Regfile_u.reg_file[6][2] (-)
        |-- (3)sys_top.Regfile_u.reg_file[6][3] (-)
        |-- (3)sys_top.Regfile_u.reg_file[6][4] (-)
        |-- (3)sys_top.Regfile_u.reg_file[6][5] (-)
        |-- (3)sys_top.Regfile_u.reg_file[6][6] (-)
        |-- (3)sys_top.Regfile_u.reg_file[6][7] (-)
        |-- (3)sys_top.Regfile_u.reg_file[5][0] (-)
        |-- (3)sys_top.Regfile_u.reg_file[5][1] (-)
        |-- (3)sys_top.Regfile_u.reg_file[5][2] (-)
        |-- (3)sys_top.Regfile_u.reg_file[5][3] (-)
        |-- (3)sys_top.Regfile_u.reg_file[5][4] (-)
        |-- (3)sys_top.Regfile_u.reg_file[5][5] (-)
        |-- (3)sys_top.Regfile_u.reg_file[5][6] (-)
        |-- (3)sys_top.Regfile_u.reg_file[5][7] (-)
        |-- (3)sys_top.Regfile_u.reg_file[4][0] (-)
        |-- (3)sys_top.Regfile_u.reg_file[4][1] (-)
        |-- (3)sys_top.Regfile_u.reg_file[4][2] (-)
        |-- (3)sys_top.Regfile_u.reg_file[4][3] (-)
        |-- (3)sys_top.Regfile_u.reg_file[4][4] (-)
        |-- (3)sys_top.Regfile_u.reg_file[4][5] (-)
        |-- (3)sys_top.Regfile_u.reg_file[4][6] (-)
        |-- (3)sys_top.Regfile_u.reg_file[4][7] (-)
        |-- (3)sys_top.Regfile_u.reg_file[3][0] (-)
        |-- (3)sys_top.Regfile_u.reg_file[3][1] (-)
        |-- (3)sys_top.Regfile_u.reg_file[3][2] (-)
        |-- (3)sys_top.Regfile_u.reg_file[3][3] (-)
        |-- (3)sys_top.Regfile_u.reg_file[3][4] (-)
        |-- (3)sys_top.Regfile_u.reg_file[3][5] (-)
        |-- (3)sys_top.Regfile_u.reg_file[3][6] (-)
        |-- (3)sys_top.Regfile_u.reg_file[3][7] (-)
        |-- (3)sys_top.Regfile_u.reg_file[2][0] (-)
        |-- (3)sys_top.Regfile_u.reg_file[2][1] (-)
        |-- (3)sys_top.Regfile_u.reg_file[2][2] (-)
        |-- (3)sys_top.Regfile_u.reg_file[2][3] (-)
        |-- (3)sys_top.Regfile_u.reg_file[2][4] (-)
        |-- (3)sys_top.Regfile_u.reg_file[2][5] (-)
        |-- (3)sys_top.Regfile_u.reg_file[2][6] (-)
        |-- (3)sys_top.Regfile_u.reg_file[2][7] (-)
        |-- (3)sys_top.Regfile_u.reg_file[1][0] (-)
        |-- (3)sys_top.Regfile_u.reg_file[1][1] (-)
        |-- (3)sys_top.Regfile_u.reg_file[1][2] (-)
        |-- (3)sys_top.Regfile_u.reg_file[1][3] (-)
        |-- (3)sys_top.Regfile_u.reg_file[1][4] (-)
        |-- (3)sys_top.Regfile_u.reg_file[1][5] (-)
        |-- (3)sys_top.Regfile_u.reg_file[1][6] (-)
        |-- (3)sys_top.Regfile_u.reg_file[1][7] (-)
        |-- (3)sys_top.Regfile_u.reg_file[0][0] (-)
        |-- (3)sys_top.Regfile_u.reg_file[0][1] (-)
        |-- (3)sys_top.Regfile_u.reg_file[0][2] (-)
        |-- (3)sys_top.Regfile_u.reg_file[0][3] (-)
        |-- (3)sys_top.Regfile_u.reg_file[0][4] (-)
        |-- (3)sys_top.Regfile_u.reg_file[0][5] (-)
        |-- (3)sys_top.Regfile_u.reg_file[0][6] (-)
        |-- (3)sys_top.Regfile_u.reg_file[0][7] (-)
        |-- (3)sys_top.alu_out[0] (-)
        |-- (3)sys_top.alu_out[1] (-)
        |-- (3)sys_top.alu_out[2] (-)
        |-- (3)sys_top.alu_out[3] (-)
        |-- (3)sys_top.alu_out[4] (-)
        |-- (3)sys_top.alu_out[5] (-)
        |-- (3)sys_top.alu_out[6] (-)
        |-- (3)sys_top.alu_out[7] (-)
        |-- (3)sys_top.alu_out[8] (-)
        |-- (3)sys_top.alu_out[9] (-)
        |-- (3)sys_top.alu_out[10] (-)
        |-- (3)sys_top.alu_out[11] (-)
        |-- (3)sys_top.alu_out[12] (-)
        |-- (3)sys_top.alu_out[13] (-)
        |-- (3)sys_top.alu_out[14] (-)
        |-- (3)sys_top.alu_out[15] (-)
        |-- (3)sys_top.alu_out_v (-)
        |-- (3)sys_top.FIFO_u.U4.WR_PTR_BIN[0] (-)
        |-- (3)sys_top.FIFO_u.U4.WR_PTR_BIN[1] (-)
        |-- (3)sys_top.FIFO_u.U4.WR_PTR_BIN[2] (-)
        |-- (3)sys_top.FIFO_u.U4.WR_PTR_BIN[3] (-)
        |-- (3)sys_top.FIFO_u.full_w (-)
        |-- (3)sys_top.FIFO_u.w_ptr[0] (-)
        |-- (3)sys_top.FIFO_u.w_ptr[1] (-)
        |-- (3)sys_top.FIFO_u.w_ptr[2] (-)
        |-- (3)sys_top.FIFO_u.w_ptr[3] (-)
        |-- (3)sys_top.FIFO_u.U3_RDptr_sync.s1[0] (-)
        |-- (3)sys_top.FIFO_u.U3_RDptr_sync.s1[1] (-)
        |-- (3)sys_top.FIFO_u.U3_RDptr_sync.s1[2] (-)
        |-- (3)sys_top.FIFO_u.U3_RDptr_sync.s1[3] (-)
        |-- (3)sys_top.FIFO_u.U3_RDptr_sync.s0[0] (-)
        |-- (3)sys_top.FIFO_u.U3_RDptr_sync.s0[1] (-)
        |-- (3)sys_top.FIFO_u.U3_RDptr_sync.s0[2] (-)
        `-- (3)sys_top.FIFO_u.U3_RDptr_sync.s0[3] (-)
