
################################################################################
#
# This file has been generated by SpyGlass:
#     Report Name      : waiver
#     Report Created by: ICer
#     Report Created on:  Wed Sep 23 03:36:13 2026
#     Working Directory: /home/ICer/UART_System/Spyglass
#     SpyGlass Version : SpyGlass_vL-2016.06
#     Policy Name      : SpyGlass(SpyGlass_vL-2016.06)
#                        clock-reset(SpyGlass_vL-2016.06)
#
#     Total Number of Generated Messages :         36
#     Number of Waived Messages          :          4
#     Number of Reported Messages        :         32
#     Number of Overlimit Messages       :          0
#
#     Total Number of Waivers                            :          3
#     Number of Waivers Applied                          :          3
#     Number of Waivers with Regex and/or wildcard       :          0
#     Number of Waivers with -rule                       :          3
#     Number of Waivers with line number and/or file info:          0
#     Number of Waive -IP commands                       :          0
#
#
################################################################################

WAIVER REPORT:
+++++++++++++++++++++++++++++++++++++++++++++++++++++++++++++++++++++++++++++++

Design Issues Waiver Report
+++++++++++++++++++++++++++++++++++++++++++++++++++++++++++++++++++++++++++++++

Waiver comment : Created by ICer on 22-Sep-2026 21:49:24  rst port partial constraints
waive -rule "Setup_port01" 
#spg_backref : "./spyglass-1/sys_top/cdc/cdc_verify_struct/spyglass-1_waiver_file.awl" 1

2 message(s) waived:
===============================================================================
Index    Rule         Severity File                                                                                                Line Wt Message
===============================================================================
[2A]     Setup_port01 Info     ./spyglass-1/sys_top/cdc/cdc_verify_struct/spyglass_reports/clock-reset/sys_top_input_abstract.sgdc 0    2  Abstracted sgdc file for input ports of block 'sys_top' is generated
[28]     Setup_port01 Info     /home/ICer/UART_System/rtl/System_Top/System_TOP.sv                                                 1    2  Port coverage for top design unit 'sys_top' is: '0' (0.00 %) port(s) not fully constrained
===============================================================================

Waiver comment : Created by ICer on 23-Sep-2026 02:24:44
waive -rule "Reset_sync04" 
#spg_backref : "./spyglass-1/sys_top/cdc/cdc_verify_struct/spyglass-1_waiver_file.awl" 2

1 message(s) waived:
===============================================================================
Index    Rule         Severity File                                                               Line Wt Message
===============================================================================
[19]     Reset_sync04 Warning  /home/ICer/UART_System/rtl/DataSynch_RstSynch_PulseGen/RST_SYNCH.v 33   10 Asynchronous reset signal 'sys_top.RST' is synchronized at least twice (at 'sys_top.rx_rst_sync.n_synch[0]' and 'sys_top.tx_rst_sync.n_synch[0]') relative to clock signal 'sys_top.tx_clk'
===============================================================================

Waiver comment : Created by ICer on 23-Sep-2026 02:48:30
waive -rule "Ac_conv02" 
#spg_backref : "./spyglass-1/sys_top/cdc/cdc_verify_struct/spyglass-1_waiver_file.awl" 3

1 message(s) waived:
===============================================================================
Index    Rule      Severity File                                      Line Wt Message
===============================================================================
[2C]     Ac_conv02 Warning  /home/ICer/UART_System/rtl/FIFO/FIFO_RD.v 25   2  4 synchronizers (sys_top.FIFO_u.U2_WRptr_sync.s0[3:0]) converge on combinational gate 'sys_top.FIFO_u.U5.empty_next'. Gray encoding check: 'DISABLED'
===============================================================================

