*----------------------------------------------------------------------------------------
*	First Encounter 08.10-p004_1 (32bit) 11/04/2008 14:34 (Linux 2.6)
*	
*
* 	Date & Time:	2026-Oct-05 00:58:40 (2026-Oct-04 22:58:40 GMT)
*
*----------------------------------------------------------------------------------------
*
*	Design: sys_top
*
*	Liberty Libraries used: 
*	        ../std_cells/libs/scmetro_tsmc_cl013g_rvt_ss_1p08v_125c.lib
*
*	Power Domain used: 
*		Rail:        VDD 	Voltage:       1.08 
*
*       User-Defined Activity : N.A.
*
*       Activity File: N.A.
*
*       Hierarchical Global Activity: N.A.
*
*       Global Activity: N.A.
*
*       Sequential Element Activity: N.A.
*
*       Clock Gates Enable Activity: N.A.
*
*       Primary Input Activity: 0.200000
*
*	Power Units = 1mW
*
*	Time Units = 1e-09 secs 
*
*       report_power -outfile report/power.rpt
*
-----------------------------------------------------------------------------------------


Total Power 
-----------------------------------------------------------------------------------------
Total Internal Power:      0.8469      73.53%
Total Switching Power:     0.2913      25.29%
Total Leakage Power:      0.01362      1.183%
Total Power:                1.152 
-----------------------------------------------------------------------------------------


Group                           Internal   Switching     Leakage       Total  Percentage 
                                Power      Power         Power         Power  (%)        
-----------------------------------------------------------------------------------------
Sequential                        0.6922     0.04044    0.006481      0.7391       64.17 
Macro                                  0           0           0           0           0 
IO                                     0           0           0           0           0 
Combinational                     0.1547      0.2509    0.007143      0.4127       35.83 
-----------------------------------------------------------------------------------------
Total                             0.8469      0.2913     0.01362       1.152         100 
-----------------------------------------------------------------------------------------


Rail                  Voltage   Internal   Switching     Leakage       Total  Percentage 
                                Power      Power         Power         Power  (%)        
-----------------------------------------------------------------------------------------
VDD                      1.08     0.8469      0.2913     0.01362       1.152         100 


Clock                           Internal   Switching     Leakage       Total  Percentage 
                                Power      Power         Power         Power  (%)        
-----------------------------------------------------------------------------------------
Gated_clk                        0.03199     0.01638   0.0001645     0.04854       4.214 
Rx_clk                         0.0004489   0.0007383   8.879e-05    0.001276      0.1108 
Tx_clk                         1.265e-05   2.195e-05   8.879e-05   0.0001234     0.01071 
scan_clk                          0.0648      0.2335    0.001091      0.2994       25.99 
UART_clk                        0.002466    0.001648   0.0004778    0.004592      0.3987 
Ref_clk                          0.05437       0.127   0.0003863      0.1817       15.78 
-----------------------------------------------------------------------------------------
Total                             0.1541      0.3792    0.002298      0.5356        46.5 
-----------------------------------------------------------------------------------------


-----------------------------------------------------------------------------------------
*	Power Distribution Summary: 
* 		Highest Average Power:          clk_m_REF__L6_I1 (CLKINVX40M): 	   0.05028 
* 		Highest Leakage Power:             rx_clk__L1_I0 (CLKBUFX40M): 	 5.483e-05 
* 		Total Cap: 	2.04615e-11 F
* 		Total instances in design:  1922
* 		Total instances in design with no power:     1
*          Total instances in design with no activty:     1
* 		Total Fillers and Decap:     0
-----------------------------------------------------------------------------------------

