
################################################################################
#
# This file has been generated by SpyGlass:
#     Report Name      : moresimple
#     Report Created by: ICer
#     Report Created on:  Mon Oct  5 02:39:36 2026
#     Working Directory: /home/ICer/UART_System/Spyglass2
#     SpyGlass Version : SpyGlass_vL-2016.06
#     Policy Name      : SpyGlass(SpyGlass_vL-2016.06)
#                        clock-reset(SpyGlass_vL-2016.06)
#                        latch(SpyGlass_vL-2016.06)
#                        morelint(SpyGlass_vL-2016.06)
#                        openmore(SpyGlass_vL-2016.06)
#                        power_est(SpyGlass_vL-2016.06)
#                        starc(SpyGlass_vL-2016.06)
#                        timing(SpyGlass_vL-2016.06)
#                        txv(SpyGlass_vL-2016.06)
#
#     Total Number of Generated Messages :          3
#     Number of Waived Messages          :          0
#     Number of Reported Messages        :          3
#     Number of Overlimit Messages       :          0
#
#
################################################################################

+++++++++++++++++++++++++++++++++++++++++++++++++++++++++++++++++++++++
MORESIMPLE REPORT:


############### BuiltIn -> RuleGroup=Command-line read ###############
+++++++++++++++++++++++++++++++++++++++++++++++++++++++++++++++++++++++++++++++++++++++
ID       Rule           Alias          Severity    File    Line    Wt    Message
======================================================================================
[2]      CMD_sglib03    SglibUnused    Info        N.A     -1      10    No Cell has been used in design from sglib file './spyglass-1/spyglass_cache/autogenerated_sglib/aggregate.sglib'
+++++++++++++++++++++++++++++++++++++++++++++++++++++++++++++++++++++++++++++++++++++++


############### BuiltIn -> RuleGroup=Design Read ###############
+++++++++++++++++++++++++++++++++++++++++++++++++++++++++++++++++++++++++++++++++++++++
ID       Rule                    Alias                   Severity    File                                                                           Line    Wt    Message
======================================================================================
[1]      DetectTopDesignUnits    DetectTopDesignUnits    Info        ../rtl/System_Top/SYS_TOP_dft.v                                                1       2     Module sys_top is a top level design unit
[0]      ElabSummary             ElabSummary             Info        ./spyglass-1/sys_top/Design_Read/spyglass_reports/SpyGlass/elab_summary.rpt    0       2     Please refer file './spyglass-1/sys_top/Design_Read/spyglass_reports/SpyGlass/elab_summary.rpt' for elab summary report
+++++++++++++++++++++++++++++++++++++++++++++++++++++++++++++++++++++++++++++++++++++++
