Error: Library Compiler executable path is not set. (PT-063)

                                 PrimeTime (R)

               Version O-2018.06-SP1 for linux64 - Jul 19, 2018 

                    Copyright (c) 1988 - 2018 Synopsys, Inc.
   This software and the associated documentation are proprietary to Synopsys,
 Inc. This software may only be used in accordance with the terms and conditions
 of a written license agreement with Synopsys, Inc. All other use, reproduction,
            or distribution of this software is strictly prohibited.
# PrimeTime STA script for the routed SYS_TOP implementation.
#
# Run (functional mode is the default):
#   pt_shell -f primeTime.tcl
# Run another constraint mode:
#   PT_MODE=scan pt_shell -f primeTime.tcl
#   PT_MODE=capture pt_shell -f primeTime.tcl
#
# Inputs were taken from import/MMMC.tcl and the signoff Encounter database:
#   - max: SS 1.08 V, 125 C          - min: FF 1.32 V, -40 C
#   - routed netlist: export/sys_top.v
#   - routed delay:   export/sys_top.sdf (SS/1.08 V/125 C)
set SCRIPT_DIR "/home/ICer/UART_System"
/home/ICer/UART_System
set TOP        sys_top
sys_top
if {[info exists ::env(PT_MODE)]} {
    set MODE $::env(PT_MODE)
} else {
    set MODE func
}
func
set PNR_DIR    "/home/ICer/UART_System/System_pnr/pnr"
/home/ICer/UART_System/System_pnr/pnr
set NETLIST    "$PNR_DIR/export/sys_top.v"
/home/ICer/UART_System/System_pnr/pnr/export/sys_top.v
set SDF_FILE   "$PNR_DIR/export/sys_top.sdf"
/home/ICer/UART_System/System_pnr/pnr/export/sys_top.sdf
set MAX_LIB    "$SCRIPT_DIR/../System_pnr/std_cells/libs/scmetro_tsmc_cl013g_rvt_ss_1p08v_125c.lib"
/home/ICer/UART_System/../System_pnr/std_cells/libs/scmetro_tsmc_cl013g_rvt_ss_1p08v_125c.lib
set MIN_LIB    "$SCRIPT_DIR/../System_pnr/std_cells/libs/scmetro_tsmc_cl013g_rvt_ff_1p32v_m40c.lib"
/home/ICer/UART_System/../System_pnr/std_cells/libs/scmetro_tsmc_cl013g_rvt_ff_1p32v_m40c.lib
set SDC_DIR    "$PNR_DIR/sys_top_signoff.enc.dat/mmmc/modes"
/home/ICer/UART_System/System_pnr/pnr/sys_top_signoff.enc.dat/mmmc/modes
set RPT_DIR    "$SCRIPT_DIR/pt_reports/$MODE"
/home/ICer/UART_System/pt_reports/func
switch -- $MODE {
    func    { set SDC_FILE "$SDC_DIR/func_mode/func_mode.sdc" }
    scan    { set SDC_FILE "$SDC_DIR/scan_mode/scan_mode.sdc" }
    capture { set SDC_FILE "$SDC_DIR/capture_mode/capture_mode.sdc" }
    default {
        echo "Error: PT_MODE must be func, scan, or capture (got '$MODE')."
        exit 2
    }
}
/home/ICer/UART_System/System_pnr/pnr/sys_top_signoff.enc.dat/mmmc/modes/func_mode/func_mode.sdc
foreach required_file [list $NETLIST $SDF_FILE $MAX_LIB $MIN_LIB $SDC_FILE] {
    if {![file exists $required_file]} {
        echo "Error: required file not found: $required_file"
        exit 2
    }
}
Error: required file not found: /home/ICer/UART_System/../System_pnr/std_cells/libs/scmetro_tsmc_cl013g_rvt_ss_1p08v_125c.lib
Information: Defining new variable 'SDC_DIR'. (CMD-041)
Information: Defining new variable 'MAX_LIB'. (CMD-041)
Information: Defining new variable 'TOP'. (CMD-041)
Information: Defining new variable 'SCRIPT_DIR'. (CMD-041)
Information: Defining new variable 'MIN_LIB'. (CMD-041)
Information: Defining new variable 'NETLIST'. (CMD-041)
Information: Defining new variable 'SDF_FILE'. (CMD-041)
Information: Defining new variable 'SDC_FILE'. (CMD-041)
Information: Defining new variable 'MODE'. (CMD-041)
Information: Defining new variable 'PNR_DIR'. (CMD-041)
Information: Defining new variable 'required_file'. (CMD-041)
Information: Defining new variable 'RPT_DIR'. (CMD-041)

Timing updates: 0 (0 implicit, 0 explicit) (0 incremental, 0 full, 0 logical)
Noise updates: 0 (0 implicit, 0 explicit) (0 incremental, 0 full)
Maximum memory usage for this session: 870.86 MB
CPU usage for this session: 1 seconds 
Elapsed time for this session: 1 seconds
Diagnostics summary: 1 error, 12 informationals

Thank you for using pt_shell!
