################################################################################
#
# This file has been generated by SpyGlass:
#     Report Created by: ICer
#     Report Created on: Wed Sep 23 03:36:51 2026
#     Working Directory: /home/ICer/UART_System/Spyglass
#     Report Location  : ./spyglass-1/sys_top/cdc/cdc_verify/spyglass_reports/clock-reset/adv_cdc.rpt
#     SpyGlass Version : SpyGlass_vL-2016.06
#     Policy Name      : clock-reset(SpyGlass_vL-2016.06)
#     Comment          : Generated by clock-reset
#
################################################################################


################################################################################
#
# Purpose: 
#   This report contains the functional analysis statistics of a design.
#
# Format: 
#   It contains the following sections :
#   Section A: Clock Information
#     Lists the clock information of the design 
#   Section B: Reset Information
#     Lists the reset information of the design 
#   Section C: Set-Case Analysis Settings
#     Lists the set case analysis settings used in the design 
#   Section D: Initial State of the Design
#     Lists the initial-state statistics of the design along with the 
#     reset percentage. The initial state of each register can be seen 
#     in adv_cdc.reg file.
#   Section E: Results Summary (Current) 
#     Lists the statistics of the assertions formed for each rule.
#     Following is a description of the columns of this table:
#       Passed           - Assertions that prove are listed here
#       Failed           - Assertions that fail are listed here
#       Partially Proved - Assertions that remain unconcluded are listed along
#                          with the average depth of formal analysis
#       Not Analyzed     - This column gets populated in audit mode(-fa_audit)
#       Others           - Lists those assertions for which functional analysis
#                          could not be carried out either due to Conflicting
#                          Constraints or due to some Internal-Error
#   Section F: Results Summary (Cumulative) 
#     Lists the summary of cumulative set of assertions formed in the current 
#     run and the information of earlier runs in the property file. This section 
#     is printed when you specify a property file using the -fa_propfile
#     command-line option.
#   Section G: Assertion Details
#     Lists the assertion details. In case of failures and partially proved 
#     assertions, the depth information is also reported. 
#     The format for this is : 
#       <CycleDepth> (<Depth>) where
#           <CycleDepth> - Number of cycles of the fastest clock till that depth
#           <Depth>      - Verification Depth till which the assertion was evaluated
################################################################################

Section A: Clock Information
=============================

(clock): (period); (clock source); (rising/falling); (edgeList); (no. of flops on posedge); (no. of flops on negedge)
-----------------------------------------------------------------------------------------------------
sys_top.rx_clk: 271.25; SGDC; Rising; (0.0, 135.6); 40; 0
sys_top.tx_clk: 8680.00; SGDC; Rising; (0.0, 4340.0); 40; 0
sys_top.UART_CLK: 271.25; SGDC; Rising; (0.0, 135.6); 3; 0
sys_top.REF_CLK: 10.00; SGDC; Rising; (0.0, 5.0); 271; 0
VIRTUAL_RST_CLK: 20.00; SGDC; Rising; (0.0, 10.0); 0; 0

Design Cycle: 1792

##########################################################################################################


Section B: Resets Information
==============================

(reset) ; (value)
------------------------
sys_top.RST ; Active Low

##########################################################################################################


Section C: Set-Case Analysis Settings
======================================

(name) ; (value)
------------------------
sys_top.reg2[0] ; 1
sys_top.reg2[1] ; 1
sys_top.reg2[2] ; 1
sys_top.reg2[3] ; 1
sys_top.reg2[4] ; 1
sys_top.reg2[5] ; 1
sys_top.reg2[6] ; 1
sys_top.reg2[7] ; 1
sys_top.reg3[0] ; 0
sys_top.reg3[1] ; 0
sys_top.reg3[2] ; 0
sys_top.reg3[3] ; 0
sys_top.reg3[4] ; 0
sys_top.reg3[5] ; 0
sys_top.reg3[6] ; 0
sys_top.reg3[7] ; 0

##########################################################################################################


Section D: Initial State of the Design
======================================

Total no of FFs: 368
No of '1's: 6
No of '0's: 298
No of 'x's: 64
RESET PERCENTAGE for root 'sys_top'(368 flops) is '82.61%'

################################################################################

Section E: Results Summary (Current)
====================================

------------------------------------------------------------------------------------------------------------------------
RuleName            Passed         Failed         Partially Proved         Not Analyzed         Others         Total
                                                   (Average Depth) 
------------------------------------------------------------------------------------------------------------------------
Ac_conv02              1              0                   0                      0                 0             1
Ac_cdc01a              0              0                   1(200)                 0                 0             1
Ac_datahold01a         1              0                   3(200)                 0                 0             4
------------------------------------------------------------------------------------------------------------------------
Total                  2              0                   4                      0                 0             6
------------------------------------------------------------------------------------------------------------------------

################################################################################

Section F: Results Summary (Cumulative)
========================================

NOT APPLICABLE (AS NO PROPERTY FILE PASSED)

################################################################################

Section G:  Assertion Details
===============================


RuleName: Ac_conv02 
-----------------------
1. (Hier:sys_top.FIFO_u.U5) sys_top.FIFO_u.U5.empty_next, /home/ICer/UART_System/rtl/FIFO/FIFO_RD.v, 25, :  PROVED

================================================================================

RuleName: Ac_cdc01a 
-----------------------
1. (Hier:sys_top.FIFO_u.U2_WRptr_sync) SFlop:sys_top.FIFO_u.w_ptr[3] SClk:sys_top.REF_CLK DFlop:sys_top.FIFO_u.U2_WRptr_sync.s0[3] DClk:sys_top.tx_clk, /home/ICer/UART_System/rtl/FIFO/DF_SYNC.v, 20, :  Partially-Proved through depth 96(200), [Flop-Count:131, Design-Cycle:1792]

================================================================================

RuleName: Ac_datahold01a 
-----------------------
1. (Hier:sys_top.Rx2SysCtrl) Des: "sys_top.Rx2SysCtrl.\sync_bus_reg[0] .Q", Src: "sys_top.UART_TX_RX.U0_UART_RX.U3.\P_DATA_reg[0] .Q", ../rtl/DataSynch_RstSynch_PulseGen/DATA_SYNCH.v, 35, :  PROVED
2. (Hier:sys_top.UART_TX_RX.U0_UART_TX.U3) Des: "sys_top.UART_TX_RX.U0_UART_TX.U3.par_bit_reg.Q", Src: "sys_top.FIFO_u.U1.\mem_reg[7][0] .Q", /home/ICer/UART_System/rtl/UART/Parity_Calc.v, 18, :  Partially-Proved through depth 96(200), [Flop-Count:366, Design-Cycle:1792]
3. (Hier:sys_top.UART_TX_RX.U0_UART_TX.U1) Des: "sys_top.UART_TX_RX.U0_UART_TX.U1.ser_data_reg.Q", Src: "sys_top.FIFO_u.U1.\mem_reg[7][0] .Q", /home/ICer/UART_System/rtl/UART/Serializer.v, 49, :  Partially-Proved through depth 96(200), [Flop-Count:366, Design-Cycle:1792]
4. (Hier:sys_top.UART_TX_RX.U0_UART_TX.U1) Des: "sys_top.UART_TX_RX.U0_UART_TX.U1.\mem_reg[0] .Q", Src: "sys_top.FIFO_u.U1.\mem_reg[7][0] .Q", /home/ICer/UART_System/rtl/UART/Serializer.v, 27, :  Partially-Proved through depth 96(200), [Flop-Count:366, Design-Cycle:1792]

================================================================================

################################################################################
