Info:  Net Ref:/WORK/sys_top/SO[2] is undriven.
Info:  Net Ref:/WORK/sys_top/SO[1] is undriven.
Info:  Net Ref:/WORK/sys_top/SO[0] is undriven.
Info:  SVF Operation 71 (Line: 387) - ungroup.  Status: accepted
Info:  SVF Operation 72 (Line: 391) - ungroup.  Status: accepted
Info:  SVF Operation 73 (Line: 395) - ungroup.  Status: accepted
Info:  SVF Operation 74 (Line: 399) - ungroup.  Status: accepted
Info:  SVF Operation 75 (Line: 403) - ungroup.  Status: accepted
Info:  SVF Operation 76 (Line: 407) - ungroup.  Status: accepted
Info:  SVF Operation 77 (Line: 411) - ungroup.  Status: accepted
Info:  SVF Operation 78 (Line: 415) - ungroup.  Status: accepted
Info:  SVF Operation 79 (Line: 419) - ungroup.  Status: accepted
Info:  SVF Operation 80 (Line: 423) - ungroup.  Status: accepted
Info:  SVF Operation 81 (Line: 427) - ungroup.  Status: accepted
Info:  SVF Operation 82 (Line: 431) - ungroup.  Status: accepted
Info:  SVF Operation 83 (Line: 435) - ungroup.  Status: accepted
Info:  SVF Operation 84 (Line: 439) - ungroup.  Status: accepted
Info:  SVF Operation 85 (Line: 443) - ungroup.  Status: accepted
Info:  SVF Operation 86 (Line: 447) - ungroup.  Status: accepted
Info:  SVF Operation 87 (Line: 451) - ungroup.  Status: accepted
Info:  SVF Operation 88 (Line: 455) - ungroup.  Status: accepted
Info:  SVF Operation 89 (Line: 459) - ungroup.  Status: accepted
Info:  SVF Operation 90 (Line: 463) - ungroup.  Status: accepted
Info:  SVF Operation 91 (Line: 467) - ungroup.  Status: accepted
Info:  SVF Operation 92 (Line: 471) - ungroup.  Status: accepted
Info:  SVF Operation 93 (Line: 475) - ungroup.  Status: accepted
Info:  SVF Operation 94 (Line: 479) - ungroup.  Status: accepted
Info:  SVF Operation 95 (Line: 483) - ungroup.  Status: accepted
Info:  SVF Operation 96 (Line: 487) - ungroup.  Status: accepted
Info:  SVF Operation 97 (Line: 491) - ungroup.  Status: accepted
Info:  SVF Operation 98 (Line: 495) - ungroup.  Status: accepted
guide_reg_merging 128 (Line: 683)  trivial merge
guide_reg_merging 129 (Line: 688)  trivial merge
Info:  Pre-verification of Ref:/WORK/sys_top/DP_OP_191J1_122_6816 SUCCEEDED.
Info:  Pre-verification of Ref:/WORK/sys_top/DP_OP_192J1_123_6816 SUCCEEDED.
Info:  Pre-verification of Ref:/WORK/sys_top/div_5 SUCCEEDED.
Info:  Pre-verification of Ref:/WORK/sys_top/mult_x_4 SUCCEEDED.
Info:  Pre-verification of Ref:/WORK/clk_div_WIDTH6_1/DP_OP_11J1_127_2465 SUCCEEDED.
Info:  Pre-verification of Ref:/WORK/clk_div_WIDTH6_0/DP_OP_12J1_128_9677 SUCCEEDED.
Info:  Pre-verification of Ref:/WORK/sys_top_RSOP_190/DP_OP_196J1_124_5161 SUCCEEDED.
