#@ # 
#@ # Running fm_shell Version L-2016.03-SP1 for linux64 -- Apr 13, 2016
#@ # Date:   Sat Oct  3 18:50:51 2026
#@ # Run by: ICer@IC_EDA
#@ 

source /home/synopsys/Formality2016/admin/setup/.synopsys_fm.setup
#@ # -- Starting source /home/synopsys/Formality2016/admin/setup/.synopsys_fm.setup

#@ #
#@ # .synopsys_fm.setup: Initialization File for Formality
#@ #
#@ 
#@ 
#@ #
#@ # Enable stack trace output on fatal.  Not available for all architectures.
#@ #
#@ if { $sh_arch == "sparc" || $sh_arch == "sparcOS5" ||      $sh_arch == "hp700" || $sh_arch == "hpux10" } {
#@   set_unix_variable SYNOPSYS_TRACE ""
#@ }
#@ 
#@ #
#@ # Variable settings
#@ #
#@ set sh_new_variable_message true
#@ 
#@ #
#@ # Synopsys strongly recommends that you uncomment the following command
#@ # in order to set sh_command_abbrev_mode to the value "Command-Line-Only".
#@ # Command abbreviation is intended as an interactive convenience.  Using
#@ # abbreviations in scripts can cause commands to fail in subsequent releases.
#@ # 
#@ #set sh_command_abbrev_mode "Command-Line-Only"
#@ 
#@ #
#@ # Some useful aliases
#@ #
#@ alias list_commands		help
#@ 
#@ #
#@ # The alias of q to quit is commented out.  Remove the comment 
#@ # character if you want this alias.  Some users find that having 
#@ # this particular alias causes problems when mixed with page-mode
#@ # for reports - an accidental repeated 'q' not only cancels the
#@ # output but exits the tool.
#@ #
#@ #alias q quit
#@ # -- End source /home/synopsys/Formality2016/admin/setup/.synopsys_fm.setup

source -echo -verbose formality.tcl
#@ # -- Starting source formality.tcl

#@ 
#@ ###################################################################
#@ ########################### Variables #############################
#@ ###################################################################
#@ 
#@ set SSLIB "../../Cell_Library/scmetro_tsmc_cl013g_rvt_ss_1p08v_125c.db"
#@ set TTLIB "../../Cell_Library/scmetro_tsmc_cl013g_rvt_tt_1p2v_25c.db"
#@ set FFLIB "../../Cell_Library/scmetro_tsmc_cl013g_rvt_ff_1p32v_m40c.db"
#@ 
#@ ###################################################################
#@ ############################ Guidance #############################
#@ ###################################################################
#@ 
#@ # Synopsys setup variable
#@ set synopsys_auto_setup true
#@ set verification_verify_directly_undriven_output false
#@ 
#@ # Formality Setup File
#@ set_svf "../Synthesis/System_TOP_DFT.svf"
#@ ###################################################################
#@ ###################### Reference Container ########################
#@ ###################################################################
#@ 
#@ # Read Reference Design Verilog Files
#@ read_sverilog -container Ref /home/ICer/UART_System/rtl/UART/Package.sv
#@ 
#@ set fh [open sverilog.lst r]
#@ set rtl [read $fh]
#@ close $fh
#@ 
#@ regsub -all "\n" $rtl " " designs
#@ 
#@ read_sverilog -container Ref $designs
#@ 
#@ set fh [open verilog.lst r]
#@ set rtl [read $fh]
#@ close $fh
#@ regsub -all "\n" $rtl " " designs
#@ read_verilog -container Ref $designs
#@ 
#@ # Read Reference technology libraries
#@ read_db -container Ref [list $SSLIB $TTLIB $FFLIB]
#@ 
#@ 
#@ # set the top Reference Design 
#@ 
#@ set_reference_design sys_top
#@ set_top sys_top
#@ 
#@ ###################################################################
#@ #################### Implementation Container #####################
#@ ###################################################################
#@ 
#@ # Read Implementation Design Files
#@ 
#@ read_verilog -netlist -container Imp "../Synthesis/System_TOP_NETLIST_DFT.v"
#@ 
#@ # Read Implementation technology libraries
#@ read_db -container Imp [list $SSLIB $TTLIB $FFLIB]
#@ 
#@ 
#@ # set the top Implementation Design
#@ set_implementation_design sys_top
#@ set_top sys_top
#@ 
#@ 
#@ ###################### Matching Compare points ####################
#@ 
#@ match
#@ 
#@ ######################### Run Verification ########################
#@ 
#@ set successful [verify]
#@ if {!$successful} {
#@ diagnose
#@ analyze_points -failing
#@ }
#@ 
#@ ########################### Reporting ############################# 
#@ report_passing_points > "passing_points.rpt"
#@ report_failing_points > "failing_points.rpt"
#@ report_aborted_points > "aborted_points.rpt"
#@ report_unverified_points > "unverified_points.rpt"
#@ 
#@ 
#@ start_gui
#@ 
#@ # -- End source formality.tcl

