**************************************************
Report         : passing_points

Reference      : Ref:/WORK/sys_top
Implementation : Imp:/WORK/sys_top
Version        : L-2016.03-SP1
Date           : Sat Oct  3 18:50:54 2026
**************************************************

343 Passing compare points:

  Ref  DFF        Ref:/WORK/sys_top/ALU_u_ALU_OUT_reg_0_
  Impl DFF        Imp:/WORK/sys_top/ALU_u_ALU_OUT_reg_0_

  Ref  DFF        Ref:/WORK/sys_top/ALU_u_ALU_OUT_reg_10_
  Impl DFF        Imp:/WORK/sys_top/ALU_u_ALU_OUT_reg_10_

  Ref  DFF        Ref:/WORK/sys_top/ALU_u_ALU_OUT_reg_11_
  Impl DFF        Imp:/WORK/sys_top/ALU_u_ALU_OUT_reg_11_

  Ref  DFF        Ref:/WORK/sys_top/ALU_u_ALU_OUT_reg_12_
  Impl DFF        Imp:/WORK/sys_top/ALU_u_ALU_OUT_reg_12_

  Ref  DFF        Ref:/WORK/sys_top/ALU_u_ALU_OUT_reg_13_
  Impl DFF        Imp:/WORK/sys_top/ALU_u_ALU_OUT_reg_13_

  Ref  DFF        Ref:/WORK/sys_top/ALU_u_ALU_OUT_reg_14_
  Impl DFF        Imp:/WORK/sys_top/ALU_u_ALU_OUT_reg_14_

  Ref  DFF        Ref:/WORK/sys_top/ALU_u_ALU_OUT_reg_15_
  Impl DFF        Imp:/WORK/sys_top/ALU_u_ALU_OUT_reg_15_

  Ref  DFF        Ref:/WORK/sys_top/ALU_u_ALU_OUT_reg_1_
  Impl DFF        Imp:/WORK/sys_top/ALU_u_ALU_OUT_reg_1_

  Ref  DFF        Ref:/WORK/sys_top/ALU_u_ALU_OUT_reg_2_
  Impl DFF        Imp:/WORK/sys_top/ALU_u_ALU_OUT_reg_2_

  Ref  DFF        Ref:/WORK/sys_top/ALU_u_ALU_OUT_reg_3_
  Impl DFF        Imp:/WORK/sys_top/ALU_u_ALU_OUT_reg_3_

  Ref  DFF        Ref:/WORK/sys_top/ALU_u_ALU_OUT_reg_4_
  Impl DFF        Imp:/WORK/sys_top/ALU_u_ALU_OUT_reg_4_

  Ref  DFF        Ref:/WORK/sys_top/ALU_u_ALU_OUT_reg_5_
  Impl DFF        Imp:/WORK/sys_top/ALU_u_ALU_OUT_reg_5_

  Ref  DFF        Ref:/WORK/sys_top/ALU_u_ALU_OUT_reg_6_
  Impl DFF        Imp:/WORK/sys_top/ALU_u_ALU_OUT_reg_6_

  Ref  DFF        Ref:/WORK/sys_top/ALU_u_ALU_OUT_reg_7_
  Impl DFF        Imp:/WORK/sys_top/ALU_u_ALU_OUT_reg_7_

  Ref  DFF        Ref:/WORK/sys_top/ALU_u_ALU_OUT_reg_8_
  Impl DFF        Imp:/WORK/sys_top/ALU_u_ALU_OUT_reg_8_

  Ref  DFF        Ref:/WORK/sys_top/ALU_u_ALU_OUT_reg_9_
  Impl DFF        Imp:/WORK/sys_top/ALU_u_ALU_OUT_reg_9_

  Ref  DFF        Ref:/WORK/sys_top/ALU_u_OUT_VALID_reg
  Impl DFF        Imp:/WORK/sys_top/ALU_u_OUT_VALID_reg

  Ref  DFF        Ref:/WORK/sys_top/FIFO_u_U1_mem_reg_0__0_
  Impl DFF        Imp:/WORK/sys_top/FIFO_u_U1_mem_reg_0__0_

  Ref  DFF        Ref:/WORK/sys_top/FIFO_u_U1_mem_reg_0__1_
  Impl DFF        Imp:/WORK/sys_top/FIFO_u_U1_mem_reg_0__1_

  Ref  DFF        Ref:/WORK/sys_top/FIFO_u_U1_mem_reg_0__2_
  Impl DFF        Imp:/WORK/sys_top/FIFO_u_U1_mem_reg_0__2_

  Ref  DFF        Ref:/WORK/sys_top/FIFO_u_U1_mem_reg_0__3_
  Impl DFF        Imp:/WORK/sys_top/FIFO_u_U1_mem_reg_0__3_

  Ref  DFF        Ref:/WORK/sys_top/FIFO_u_U1_mem_reg_0__4_
  Impl DFF        Imp:/WORK/sys_top/FIFO_u_U1_mem_reg_0__4_

  Ref  DFF        Ref:/WORK/sys_top/FIFO_u_U1_mem_reg_0__5_
  Impl DFF        Imp:/WORK/sys_top/FIFO_u_U1_mem_reg_0__5_

  Ref  DFF        Ref:/WORK/sys_top/FIFO_u_U1_mem_reg_0__6_
  Impl DFF        Imp:/WORK/sys_top/FIFO_u_U1_mem_reg_0__6_

  Ref  DFF        Ref:/WORK/sys_top/FIFO_u_U1_mem_reg_0__7_
  Impl DFF        Imp:/WORK/sys_top/FIFO_u_U1_mem_reg_0__7_

  Ref  DFF        Ref:/WORK/sys_top/FIFO_u_U1_mem_reg_1__0_
  Impl DFF        Imp:/WORK/sys_top/FIFO_u_U1_mem_reg_1__0_

  Ref  DFF        Ref:/WORK/sys_top/FIFO_u_U1_mem_reg_1__1_
  Impl DFF        Imp:/WORK/sys_top/FIFO_u_U1_mem_reg_1__1_

  Ref  DFF        Ref:/WORK/sys_top/FIFO_u_U1_mem_reg_1__2_
  Impl DFF        Imp:/WORK/sys_top/FIFO_u_U1_mem_reg_1__2_

  Ref  DFF        Ref:/WORK/sys_top/FIFO_u_U1_mem_reg_1__3_
  Impl DFF        Imp:/WORK/sys_top/FIFO_u_U1_mem_reg_1__3_

  Ref  DFF        Ref:/WORK/sys_top/FIFO_u_U1_mem_reg_1__4_
  Impl DFF        Imp:/WORK/sys_top/FIFO_u_U1_mem_reg_1__4_

  Ref  DFF        Ref:/WORK/sys_top/FIFO_u_U1_mem_reg_1__5_
  Impl DFF        Imp:/WORK/sys_top/FIFO_u_U1_mem_reg_1__5_

  Ref  DFF        Ref:/WORK/sys_top/FIFO_u_U1_mem_reg_1__6_
  Impl DFF        Imp:/WORK/sys_top/FIFO_u_U1_mem_reg_1__6_

  Ref  DFF        Ref:/WORK/sys_top/FIFO_u_U1_mem_reg_1__7_
  Impl DFF        Imp:/WORK/sys_top/FIFO_u_U1_mem_reg_1__7_

  Ref  DFF        Ref:/WORK/sys_top/FIFO_u_U1_mem_reg_2__0_
  Impl DFF        Imp:/WORK/sys_top/FIFO_u_U1_mem_reg_2__0_

  Ref  DFF        Ref:/WORK/sys_top/FIFO_u_U1_mem_reg_2__1_
  Impl DFF        Imp:/WORK/sys_top/FIFO_u_U1_mem_reg_2__1_

  Ref  DFF        Ref:/WORK/sys_top/FIFO_u_U1_mem_reg_2__2_
  Impl DFF        Imp:/WORK/sys_top/FIFO_u_U1_mem_reg_2__2_

  Ref  DFF        Ref:/WORK/sys_top/FIFO_u_U1_mem_reg_2__3_
  Impl DFF        Imp:/WORK/sys_top/FIFO_u_U1_mem_reg_2__3_

  Ref  DFF        Ref:/WORK/sys_top/FIFO_u_U1_mem_reg_2__4_
  Impl DFF        Imp:/WORK/sys_top/FIFO_u_U1_mem_reg_2__4_

  Ref  DFF        Ref:/WORK/sys_top/FIFO_u_U1_mem_reg_2__5_
  Impl DFF        Imp:/WORK/sys_top/FIFO_u_U1_mem_reg_2__5_

  Ref  DFF        Ref:/WORK/sys_top/FIFO_u_U1_mem_reg_2__6_
  Impl DFF        Imp:/WORK/sys_top/FIFO_u_U1_mem_reg_2__6_

  Ref  DFF        Ref:/WORK/sys_top/FIFO_u_U1_mem_reg_2__7_
  Impl DFF        Imp:/WORK/sys_top/FIFO_u_U1_mem_reg_2__7_

  Ref  DFF        Ref:/WORK/sys_top/FIFO_u_U1_mem_reg_3__0_
  Impl DFF        Imp:/WORK/sys_top/FIFO_u_U1_mem_reg_3__0_

  Ref  DFF        Ref:/WORK/sys_top/FIFO_u_U1_mem_reg_3__1_
  Impl DFF        Imp:/WORK/sys_top/FIFO_u_U1_mem_reg_3__1_

  Ref  DFF        Ref:/WORK/sys_top/FIFO_u_U1_mem_reg_3__2_
  Impl DFF        Imp:/WORK/sys_top/FIFO_u_U1_mem_reg_3__2_

  Ref  DFF        Ref:/WORK/sys_top/FIFO_u_U1_mem_reg_3__3_
  Impl DFF        Imp:/WORK/sys_top/FIFO_u_U1_mem_reg_3__3_

  Ref  DFF        Ref:/WORK/sys_top/FIFO_u_U1_mem_reg_3__4_
  Impl DFF        Imp:/WORK/sys_top/FIFO_u_U1_mem_reg_3__4_

  Ref  DFF        Ref:/WORK/sys_top/FIFO_u_U1_mem_reg_3__5_
  Impl DFF        Imp:/WORK/sys_top/FIFO_u_U1_mem_reg_3__5_

  Ref  DFF        Ref:/WORK/sys_top/FIFO_u_U1_mem_reg_3__6_
  Impl DFF        Imp:/WORK/sys_top/FIFO_u_U1_mem_reg_3__6_

  Ref  DFF        Ref:/WORK/sys_top/FIFO_u_U1_mem_reg_3__7_
  Impl DFF        Imp:/WORK/sys_top/FIFO_u_U1_mem_reg_3__7_

  Ref  DFF        Ref:/WORK/sys_top/FIFO_u_U1_mem_reg_4__0_
  Impl DFF        Imp:/WORK/sys_top/FIFO_u_U1_mem_reg_4__0_

  Ref  DFF        Ref:/WORK/sys_top/FIFO_u_U1_mem_reg_4__1_
  Impl DFF        Imp:/WORK/sys_top/FIFO_u_U1_mem_reg_4__1_

  Ref  DFF        Ref:/WORK/sys_top/FIFO_u_U1_mem_reg_4__2_
  Impl DFF        Imp:/WORK/sys_top/FIFO_u_U1_mem_reg_4__2_

  Ref  DFF        Ref:/WORK/sys_top/FIFO_u_U1_mem_reg_4__3_
  Impl DFF        Imp:/WORK/sys_top/FIFO_u_U1_mem_reg_4__3_

  Ref  DFF        Ref:/WORK/sys_top/FIFO_u_U1_mem_reg_4__4_
  Impl DFF        Imp:/WORK/sys_top/FIFO_u_U1_mem_reg_4__4_

  Ref  DFF        Ref:/WORK/sys_top/FIFO_u_U1_mem_reg_4__5_
  Impl DFF        Imp:/WORK/sys_top/FIFO_u_U1_mem_reg_4__5_

  Ref  DFF        Ref:/WORK/sys_top/FIFO_u_U1_mem_reg_4__6_
  Impl DFF        Imp:/WORK/sys_top/FIFO_u_U1_mem_reg_4__6_

  Ref  DFF        Ref:/WORK/sys_top/FIFO_u_U1_mem_reg_4__7_
  Impl DFF        Imp:/WORK/sys_top/FIFO_u_U1_mem_reg_4__7_

  Ref  DFF        Ref:/WORK/sys_top/FIFO_u_U1_mem_reg_5__0_
  Impl DFF        Imp:/WORK/sys_top/FIFO_u_U1_mem_reg_5__0_

  Ref  DFF        Ref:/WORK/sys_top/FIFO_u_U1_mem_reg_5__1_
  Impl DFF        Imp:/WORK/sys_top/FIFO_u_U1_mem_reg_5__1_

  Ref  DFF        Ref:/WORK/sys_top/FIFO_u_U1_mem_reg_5__2_
  Impl DFF        Imp:/WORK/sys_top/FIFO_u_U1_mem_reg_5__2_

  Ref  DFF        Ref:/WORK/sys_top/FIFO_u_U1_mem_reg_5__3_
  Impl DFF        Imp:/WORK/sys_top/FIFO_u_U1_mem_reg_5__3_

  Ref  DFF        Ref:/WORK/sys_top/FIFO_u_U1_mem_reg_5__4_
  Impl DFF        Imp:/WORK/sys_top/FIFO_u_U1_mem_reg_5__4_

  Ref  DFF        Ref:/WORK/sys_top/FIFO_u_U1_mem_reg_5__5_
  Impl DFF        Imp:/WORK/sys_top/FIFO_u_U1_mem_reg_5__5_

  Ref  DFF        Ref:/WORK/sys_top/FIFO_u_U1_mem_reg_5__6_
  Impl DFF        Imp:/WORK/sys_top/FIFO_u_U1_mem_reg_5__6_

  Ref  DFF        Ref:/WORK/sys_top/FIFO_u_U1_mem_reg_5__7_
  Impl DFF        Imp:/WORK/sys_top/FIFO_u_U1_mem_reg_5__7_

  Ref  DFF        Ref:/WORK/sys_top/FIFO_u_U1_mem_reg_6__0_
  Impl DFF        Imp:/WORK/sys_top/FIFO_u_U1_mem_reg_6__0_

  Ref  DFF        Ref:/WORK/sys_top/FIFO_u_U1_mem_reg_6__1_
  Impl DFF        Imp:/WORK/sys_top/FIFO_u_U1_mem_reg_6__1_

  Ref  DFF        Ref:/WORK/sys_top/FIFO_u_U1_mem_reg_6__2_
  Impl DFF        Imp:/WORK/sys_top/FIFO_u_U1_mem_reg_6__2_

  Ref  DFF        Ref:/WORK/sys_top/FIFO_u_U1_mem_reg_6__3_
  Impl DFF        Imp:/WORK/sys_top/FIFO_u_U1_mem_reg_6__3_

  Ref  DFF        Ref:/WORK/sys_top/FIFO_u_U1_mem_reg_6__4_
  Impl DFF        Imp:/WORK/sys_top/FIFO_u_U1_mem_reg_6__4_

  Ref  DFF        Ref:/WORK/sys_top/FIFO_u_U1_mem_reg_6__5_
  Impl DFF        Imp:/WORK/sys_top/FIFO_u_U1_mem_reg_6__5_

  Ref  DFF        Ref:/WORK/sys_top/FIFO_u_U1_mem_reg_6__6_
  Impl DFF        Imp:/WORK/sys_top/FIFO_u_U1_mem_reg_6__6_

  Ref  DFF        Ref:/WORK/sys_top/FIFO_u_U1_mem_reg_6__7_
  Impl DFF        Imp:/WORK/sys_top/FIFO_u_U1_mem_reg_6__7_

  Ref  DFF        Ref:/WORK/sys_top/FIFO_u_U1_mem_reg_7__0_
  Impl DFF        Imp:/WORK/sys_top/FIFO_u_U1_mem_reg_7__0_

  Ref  DFF        Ref:/WORK/sys_top/FIFO_u_U1_mem_reg_7__1_
  Impl DFF        Imp:/WORK/sys_top/FIFO_u_U1_mem_reg_7__1_

  Ref  DFF        Ref:/WORK/sys_top/FIFO_u_U1_mem_reg_7__2_
  Impl DFF        Imp:/WORK/sys_top/FIFO_u_U1_mem_reg_7__2_

  Ref  DFF        Ref:/WORK/sys_top/FIFO_u_U1_mem_reg_7__3_
  Impl DFF        Imp:/WORK/sys_top/FIFO_u_U1_mem_reg_7__3_

  Ref  DFF        Ref:/WORK/sys_top/FIFO_u_U1_mem_reg_7__4_
  Impl DFF        Imp:/WORK/sys_top/FIFO_u_U1_mem_reg_7__4_

  Ref  DFF        Ref:/WORK/sys_top/FIFO_u_U1_mem_reg_7__5_
  Impl DFF        Imp:/WORK/sys_top/FIFO_u_U1_mem_reg_7__5_

  Ref  DFF        Ref:/WORK/sys_top/FIFO_u_U1_mem_reg_7__6_
  Impl DFF        Imp:/WORK/sys_top/FIFO_u_U1_mem_reg_7__6_

  Ref  DFF        Ref:/WORK/sys_top/FIFO_u_U1_mem_reg_7__7_
  Impl DFF        Imp:/WORK/sys_top/FIFO_u_U1_mem_reg_7__7_

  Ref  DFF        Ref:/WORK/sys_top/FIFO_u_U2_WRptr_sync_s0_reg_0_
  Impl DFF        Imp:/WORK/sys_top/FIFO_u_U2_WRptr_sync_s0_reg_0_

  Ref  DFF        Ref:/WORK/sys_top/FIFO_u_U2_WRptr_sync_s0_reg_1_
  Impl DFF        Imp:/WORK/sys_top/FIFO_u_U2_WRptr_sync_s0_reg_1_

  Ref  DFF        Ref:/WORK/sys_top/FIFO_u_U2_WRptr_sync_s0_reg_2_
  Impl DFF        Imp:/WORK/sys_top/FIFO_u_U2_WRptr_sync_s0_reg_2_

  Ref  DFF        Ref:/WORK/sys_top/FIFO_u_U2_WRptr_sync_s0_reg_3_
  Impl DFF        Imp:/WORK/sys_top/FIFO_u_U2_WRptr_sync_s0_reg_3_

  Ref  DFF        Ref:/WORK/sys_top/FIFO_u_U2_WRptr_sync_s1_reg_0_
  Impl DFF        Imp:/WORK/sys_top/FIFO_u_U2_WRptr_sync_s1_reg_0_

  Ref  DFF        Ref:/WORK/sys_top/FIFO_u_U2_WRptr_sync_s1_reg_1_
  Impl DFF        Imp:/WORK/sys_top/FIFO_u_U2_WRptr_sync_s1_reg_1_

  Ref  DFF        Ref:/WORK/sys_top/FIFO_u_U2_WRptr_sync_s1_reg_2_
  Impl DFF        Imp:/WORK/sys_top/FIFO_u_U2_WRptr_sync_s1_reg_2_

  Ref  DFF        Ref:/WORK/sys_top/FIFO_u_U2_WRptr_sync_s1_reg_3_
  Impl DFF        Imp:/WORK/sys_top/FIFO_u_U2_WRptr_sync_s1_reg_3_

  Ref  DFF        Ref:/WORK/sys_top/FIFO_u_U3_RDptr_sync_s0_reg_0_
  Impl DFF        Imp:/WORK/sys_top/FIFO_u_U3_RDptr_sync_s0_reg_0_

  Ref  DFF        Ref:/WORK/sys_top/FIFO_u_U3_RDptr_sync_s0_reg_1_
  Impl DFF        Imp:/WORK/sys_top/FIFO_u_U3_RDptr_sync_s0_reg_1_

  Ref  DFF        Ref:/WORK/sys_top/FIFO_u_U3_RDptr_sync_s0_reg_2_
  Impl DFF        Imp:/WORK/sys_top/FIFO_u_U3_RDptr_sync_s0_reg_2_

  Ref  DFF        Ref:/WORK/sys_top/FIFO_u_U3_RDptr_sync_s0_reg_3_
  Impl DFF        Imp:/WORK/sys_top/FIFO_u_U3_RDptr_sync_s0_reg_3_

  Ref  DFF        Ref:/WORK/sys_top/FIFO_u_U3_RDptr_sync_s1_reg_0_
  Impl DFF        Imp:/WORK/sys_top/FIFO_u_U3_RDptr_sync_s1_reg_0_

  Ref  DFF        Ref:/WORK/sys_top/FIFO_u_U3_RDptr_sync_s1_reg_1_
  Impl DFF        Imp:/WORK/sys_top/FIFO_u_U3_RDptr_sync_s1_reg_1_

  Ref  DFF        Ref:/WORK/sys_top/FIFO_u_U3_RDptr_sync_s1_reg_2_
  Impl DFF        Imp:/WORK/sys_top/FIFO_u_U3_RDptr_sync_s1_reg_2_

  Ref  DFF        Ref:/WORK/sys_top/FIFO_u_U3_RDptr_sync_s1_reg_3_
  Impl DFF        Imp:/WORK/sys_top/FIFO_u_U3_RDptr_sync_s1_reg_3_

  Ref  DFF        Ref:/WORK/sys_top/FIFO_u_U4_WR_PTR_BIN_reg_0_
  Impl DFF        Imp:/WORK/sys_top/FIFO_u_U4_WR_PTR_BIN_reg_0_

  Ref  DFF        Ref:/WORK/sys_top/FIFO_u_U4_WR_PTR_BIN_reg_1_
  Impl DFF        Imp:/WORK/sys_top/FIFO_u_U4_WR_PTR_BIN_reg_1_

  Ref  DFF        Ref:/WORK/sys_top/FIFO_u_U4_WR_PTR_BIN_reg_2_
  Impl DFF        Imp:/WORK/sys_top/FIFO_u_U4_WR_PTR_BIN_reg_2_

  Ref  DFF        Ref:/WORK/sys_top/FIFO_u_U4_WR_PTR_BIN_reg_3_
  Impl DFF        Imp:/WORK/sys_top/FIFO_u_U4_WR_PTR_BIN_reg_3_

  Ref  DFF        Ref:/WORK/sys_top/FIFO_u_U4_WR_PTR_GRAY_reg_0_
  Impl DFF        Imp:/WORK/sys_top/FIFO_u_U4_WR_PTR_GRAY_reg_0_

  Ref  DFF        Ref:/WORK/sys_top/FIFO_u_U4_WR_PTR_GRAY_reg_1_
  Impl DFF        Imp:/WORK/sys_top/FIFO_u_U4_WR_PTR_GRAY_reg_1_

  Ref  DFF        Ref:/WORK/sys_top/FIFO_u_U4_WR_PTR_GRAY_reg_2_
  Impl DFF        Imp:/WORK/sys_top/FIFO_u_U4_WR_PTR_GRAY_reg_2_

  Ref  DFF        Ref:/WORK/sys_top/FIFO_u_U4_full_reg
  Impl DFF        Imp:/WORK/sys_top/FIFO_u_U4_full_reg

  Ref  DFF        Ref:/WORK/sys_top/FIFO_u_U5_RD_PTR_BIN_reg_0_
  Impl DFF        Imp:/WORK/sys_top/FIFO_u_U5_RD_PTR_BIN_reg_0_

  Ref  DFF        Ref:/WORK/sys_top/FIFO_u_U5_RD_PTR_BIN_reg_1_
  Impl DFF        Imp:/WORK/sys_top/FIFO_u_U5_RD_PTR_BIN_reg_1_

  Ref  DFF        Ref:/WORK/sys_top/FIFO_u_U5_RD_PTR_BIN_reg_2_
  Impl DFF        Imp:/WORK/sys_top/FIFO_u_U5_RD_PTR_BIN_reg_2_

  Ref  DFF        Ref:/WORK/sys_top/FIFO_u_U5_RD_PTR_BIN_reg_3_
  Impl DFF        Imp:/WORK/sys_top/FIFO_u_U5_RD_PTR_BIN_reg_3_

  Ref  DFF        Ref:/WORK/sys_top/FIFO_u_U5_RD_PTR_GRAY_reg_0_
  Impl DFF        Imp:/WORK/sys_top/FIFO_u_U5_RD_PTR_GRAY_reg_0_

  Ref  DFF        Ref:/WORK/sys_top/FIFO_u_U5_RD_PTR_GRAY_reg_1_
  Impl DFF        Imp:/WORK/sys_top/FIFO_u_U5_RD_PTR_GRAY_reg_1_

  Ref  DFF        Ref:/WORK/sys_top/FIFO_u_U5_RD_PTR_GRAY_reg_2_
  Impl DFF        Imp:/WORK/sys_top/FIFO_u_U5_RD_PTR_GRAY_reg_2_

  Ref  DFF        Ref:/WORK/sys_top/FIFO_u_U5_empty_reg
  Impl DFF        Imp:/WORK/sys_top/FIFO_u_U5_empty_reg

  Ref  DFF        Ref:/WORK/sys_top/Pulse_U_pls_flop_reg
  Impl DFF        Imp:/WORK/sys_top/Pulse_U_pls_flop_reg

  Ref  DFF        Ref:/WORK/sys_top/Pulse_U_rcv_flop_reg
  Impl DFF        Imp:/WORK/sys_top/Pulse_U_rcv_flop_reg

  Ref  DFF        Ref:/WORK/sys_top/Regfile_u_RdData_VLD_reg
  Impl DFF        Imp:/WORK/sys_top/Regfile_u_RdData_VLD_reg

  Ref  DFF        Ref:/WORK/sys_top/Regfile_u_RdData_reg_0_
  Impl DFF        Imp:/WORK/sys_top/Regfile_u_RdData_reg_0_

  Ref  DFF        Ref:/WORK/sys_top/Regfile_u_RdData_reg_1_
  Impl DFF        Imp:/WORK/sys_top/Regfile_u_RdData_reg_1_

  Ref  DFF        Ref:/WORK/sys_top/Regfile_u_RdData_reg_2_
  Impl DFF        Imp:/WORK/sys_top/Regfile_u_RdData_reg_2_

  Ref  DFF        Ref:/WORK/sys_top/Regfile_u_RdData_reg_3_
  Impl DFF        Imp:/WORK/sys_top/Regfile_u_RdData_reg_3_

  Ref  DFF        Ref:/WORK/sys_top/Regfile_u_RdData_reg_4_
  Impl DFF        Imp:/WORK/sys_top/Regfile_u_RdData_reg_4_

  Ref  DFF        Ref:/WORK/sys_top/Regfile_u_RdData_reg_5_
  Impl DFF        Imp:/WORK/sys_top/Regfile_u_RdData_reg_5_

  Ref  DFF        Ref:/WORK/sys_top/Regfile_u_RdData_reg_6_
  Impl DFF        Imp:/WORK/sys_top/Regfile_u_RdData_reg_6_

  Ref  DFF        Ref:/WORK/sys_top/Regfile_u_RdData_reg_7_
  Impl DFF        Imp:/WORK/sys_top/Regfile_u_RdData_reg_7_

  Ref  DFF        Ref:/WORK/sys_top/Regfile_u_reg_file_reg_0__0_
  Impl DFF        Imp:/WORK/sys_top/Regfile_u_reg_file_reg_0__0_

  Ref  DFF        Ref:/WORK/sys_top/Regfile_u_reg_file_reg_0__1_
  Impl DFF        Imp:/WORK/sys_top/Regfile_u_reg_file_reg_0__1_

  Ref  DFF        Ref:/WORK/sys_top/Regfile_u_reg_file_reg_0__2_
  Impl DFF        Imp:/WORK/sys_top/Regfile_u_reg_file_reg_0__2_

  Ref  DFF        Ref:/WORK/sys_top/Regfile_u_reg_file_reg_0__3_
  Impl DFF        Imp:/WORK/sys_top/Regfile_u_reg_file_reg_0__3_

  Ref  DFF        Ref:/WORK/sys_top/Regfile_u_reg_file_reg_0__4_
  Impl DFF        Imp:/WORK/sys_top/Regfile_u_reg_file_reg_0__4_

  Ref  DFF        Ref:/WORK/sys_top/Regfile_u_reg_file_reg_0__5_
  Impl DFF        Imp:/WORK/sys_top/Regfile_u_reg_file_reg_0__5_

  Ref  DFF        Ref:/WORK/sys_top/Regfile_u_reg_file_reg_0__6_
  Impl DFF        Imp:/WORK/sys_top/Regfile_u_reg_file_reg_0__6_

  Ref  DFF        Ref:/WORK/sys_top/Regfile_u_reg_file_reg_0__7_
  Impl DFF        Imp:/WORK/sys_top/Regfile_u_reg_file_reg_0__7_

  Ref  DFF        Ref:/WORK/sys_top/Regfile_u_reg_file_reg_10__0_
  Impl DFF        Imp:/WORK/sys_top/Regfile_u_reg_file_reg_10__0_

  Ref  DFF        Ref:/WORK/sys_top/Regfile_u_reg_file_reg_10__1_
  Impl DFF        Imp:/WORK/sys_top/Regfile_u_reg_file_reg_10__1_

  Ref  DFF        Ref:/WORK/sys_top/Regfile_u_reg_file_reg_10__2_
  Impl DFF        Imp:/WORK/sys_top/Regfile_u_reg_file_reg_10__2_

  Ref  DFF        Ref:/WORK/sys_top/Regfile_u_reg_file_reg_10__3_
  Impl DFF        Imp:/WORK/sys_top/Regfile_u_reg_file_reg_10__3_

  Ref  DFF        Ref:/WORK/sys_top/Regfile_u_reg_file_reg_10__4_
  Impl DFF        Imp:/WORK/sys_top/Regfile_u_reg_file_reg_10__4_

  Ref  DFF        Ref:/WORK/sys_top/Regfile_u_reg_file_reg_10__5_
  Impl DFF        Imp:/WORK/sys_top/Regfile_u_reg_file_reg_10__5_

  Ref  DFF        Ref:/WORK/sys_top/Regfile_u_reg_file_reg_10__6_
  Impl DFF        Imp:/WORK/sys_top/Regfile_u_reg_file_reg_10__6_

  Ref  DFF        Ref:/WORK/sys_top/Regfile_u_reg_file_reg_10__7_
  Impl DFF        Imp:/WORK/sys_top/Regfile_u_reg_file_reg_10__7_

  Ref  DFF        Ref:/WORK/sys_top/Regfile_u_reg_file_reg_11__0_
  Impl DFF        Imp:/WORK/sys_top/Regfile_u_reg_file_reg_11__0_

  Ref  DFF        Ref:/WORK/sys_top/Regfile_u_reg_file_reg_11__1_
  Impl DFF        Imp:/WORK/sys_top/Regfile_u_reg_file_reg_11__1_

  Ref  DFF        Ref:/WORK/sys_top/Regfile_u_reg_file_reg_11__2_
  Impl DFF        Imp:/WORK/sys_top/Regfile_u_reg_file_reg_11__2_

  Ref  DFF        Ref:/WORK/sys_top/Regfile_u_reg_file_reg_11__3_
  Impl DFF        Imp:/WORK/sys_top/Regfile_u_reg_file_reg_11__3_

  Ref  DFF        Ref:/WORK/sys_top/Regfile_u_reg_file_reg_11__4_
  Impl DFF        Imp:/WORK/sys_top/Regfile_u_reg_file_reg_11__4_

  Ref  DFF        Ref:/WORK/sys_top/Regfile_u_reg_file_reg_11__5_
  Impl DFF        Imp:/WORK/sys_top/Regfile_u_reg_file_reg_11__5_

  Ref  DFF        Ref:/WORK/sys_top/Regfile_u_reg_file_reg_11__6_
  Impl DFF        Imp:/WORK/sys_top/Regfile_u_reg_file_reg_11__6_

  Ref  DFF        Ref:/WORK/sys_top/Regfile_u_reg_file_reg_11__7_
  Impl DFF        Imp:/WORK/sys_top/Regfile_u_reg_file_reg_11__7_

  Ref  DFF        Ref:/WORK/sys_top/Regfile_u_reg_file_reg_12__0_
  Impl DFF        Imp:/WORK/sys_top/Regfile_u_reg_file_reg_12__0_

  Ref  DFF        Ref:/WORK/sys_top/Regfile_u_reg_file_reg_12__1_
  Impl DFF        Imp:/WORK/sys_top/Regfile_u_reg_file_reg_12__1_

  Ref  DFF        Ref:/WORK/sys_top/Regfile_u_reg_file_reg_12__2_
  Impl DFF        Imp:/WORK/sys_top/Regfile_u_reg_file_reg_12__2_

  Ref  DFF        Ref:/WORK/sys_top/Regfile_u_reg_file_reg_12__3_
  Impl DFF        Imp:/WORK/sys_top/Regfile_u_reg_file_reg_12__3_

  Ref  DFF        Ref:/WORK/sys_top/Regfile_u_reg_file_reg_12__4_
  Impl DFF        Imp:/WORK/sys_top/Regfile_u_reg_file_reg_12__4_

  Ref  DFF        Ref:/WORK/sys_top/Regfile_u_reg_file_reg_12__5_
  Impl DFF        Imp:/WORK/sys_top/Regfile_u_reg_file_reg_12__5_

  Ref  DFF        Ref:/WORK/sys_top/Regfile_u_reg_file_reg_12__6_
  Impl DFF        Imp:/WORK/sys_top/Regfile_u_reg_file_reg_12__6_

  Ref  DFF        Ref:/WORK/sys_top/Regfile_u_reg_file_reg_12__7_
  Impl DFF        Imp:/WORK/sys_top/Regfile_u_reg_file_reg_12__7_

  Ref  DFF        Ref:/WORK/sys_top/Regfile_u_reg_file_reg_13__0_
  Impl DFF        Imp:/WORK/sys_top/Regfile_u_reg_file_reg_13__0_

  Ref  DFF        Ref:/WORK/sys_top/Regfile_u_reg_file_reg_13__1_
  Impl DFF        Imp:/WORK/sys_top/Regfile_u_reg_file_reg_13__1_

  Ref  DFF        Ref:/WORK/sys_top/Regfile_u_reg_file_reg_13__2_
  Impl DFF        Imp:/WORK/sys_top/Regfile_u_reg_file_reg_13__2_

  Ref  DFF        Ref:/WORK/sys_top/Regfile_u_reg_file_reg_13__3_
  Impl DFF        Imp:/WORK/sys_top/Regfile_u_reg_file_reg_13__3_

  Ref  DFF        Ref:/WORK/sys_top/Regfile_u_reg_file_reg_13__4_
  Impl DFF        Imp:/WORK/sys_top/Regfile_u_reg_file_reg_13__4_

  Ref  DFF        Ref:/WORK/sys_top/Regfile_u_reg_file_reg_13__5_
  Impl DFF        Imp:/WORK/sys_top/Regfile_u_reg_file_reg_13__5_

  Ref  DFF        Ref:/WORK/sys_top/Regfile_u_reg_file_reg_13__6_
  Impl DFF        Imp:/WORK/sys_top/Regfile_u_reg_file_reg_13__6_

  Ref  DFF        Ref:/WORK/sys_top/Regfile_u_reg_file_reg_13__7_
  Impl DFF        Imp:/WORK/sys_top/Regfile_u_reg_file_reg_13__7_

  Ref  DFF        Ref:/WORK/sys_top/Regfile_u_reg_file_reg_14__0_
  Impl DFF        Imp:/WORK/sys_top/Regfile_u_reg_file_reg_14__0_

  Ref  DFF        Ref:/WORK/sys_top/Regfile_u_reg_file_reg_14__1_
  Impl DFF        Imp:/WORK/sys_top/Regfile_u_reg_file_reg_14__1_

  Ref  DFF        Ref:/WORK/sys_top/Regfile_u_reg_file_reg_14__2_
  Impl DFF        Imp:/WORK/sys_top/Regfile_u_reg_file_reg_14__2_

  Ref  DFF        Ref:/WORK/sys_top/Regfile_u_reg_file_reg_14__3_
  Impl DFF        Imp:/WORK/sys_top/Regfile_u_reg_file_reg_14__3_

  Ref  DFF        Ref:/WORK/sys_top/Regfile_u_reg_file_reg_14__4_
  Impl DFF        Imp:/WORK/sys_top/Regfile_u_reg_file_reg_14__4_

  Ref  DFF        Ref:/WORK/sys_top/Regfile_u_reg_file_reg_14__5_
  Impl DFF        Imp:/WORK/sys_top/Regfile_u_reg_file_reg_14__5_

  Ref  DFF        Ref:/WORK/sys_top/Regfile_u_reg_file_reg_14__6_
  Impl DFF        Imp:/WORK/sys_top/Regfile_u_reg_file_reg_14__6_

  Ref  DFF        Ref:/WORK/sys_top/Regfile_u_reg_file_reg_14__7_
  Impl DFF        Imp:/WORK/sys_top/Regfile_u_reg_file_reg_14__7_

  Ref  DFF        Ref:/WORK/sys_top/Regfile_u_reg_file_reg_15__0_
  Impl DFF        Imp:/WORK/sys_top/Regfile_u_reg_file_reg_15__0_

  Ref  DFF        Ref:/WORK/sys_top/Regfile_u_reg_file_reg_15__1_
  Impl DFF        Imp:/WORK/sys_top/Regfile_u_reg_file_reg_15__1_

  Ref  DFF        Ref:/WORK/sys_top/Regfile_u_reg_file_reg_15__2_
  Impl DFF        Imp:/WORK/sys_top/Regfile_u_reg_file_reg_15__2_

  Ref  DFF        Ref:/WORK/sys_top/Regfile_u_reg_file_reg_15__3_
  Impl DFF        Imp:/WORK/sys_top/Regfile_u_reg_file_reg_15__3_

  Ref  DFF        Ref:/WORK/sys_top/Regfile_u_reg_file_reg_15__4_
  Impl DFF        Imp:/WORK/sys_top/Regfile_u_reg_file_reg_15__4_

  Ref  DFF        Ref:/WORK/sys_top/Regfile_u_reg_file_reg_15__5_
  Impl DFF        Imp:/WORK/sys_top/Regfile_u_reg_file_reg_15__5_

  Ref  DFF        Ref:/WORK/sys_top/Regfile_u_reg_file_reg_15__6_
  Impl DFF        Imp:/WORK/sys_top/Regfile_u_reg_file_reg_15__6_

  Ref  DFF        Ref:/WORK/sys_top/Regfile_u_reg_file_reg_15__7_
  Impl DFF        Imp:/WORK/sys_top/Regfile_u_reg_file_reg_15__7_

  Ref  DFF        Ref:/WORK/sys_top/Regfile_u_reg_file_reg_1__0_
  Impl DFF        Imp:/WORK/sys_top/Regfile_u_reg_file_reg_1__0_

  Ref  DFF        Ref:/WORK/sys_top/Regfile_u_reg_file_reg_1__1_
  Impl DFF        Imp:/WORK/sys_top/Regfile_u_reg_file_reg_1__1_

  Ref  DFF        Ref:/WORK/sys_top/Regfile_u_reg_file_reg_1__2_
  Impl DFF        Imp:/WORK/sys_top/Regfile_u_reg_file_reg_1__2_

  Ref  DFF        Ref:/WORK/sys_top/Regfile_u_reg_file_reg_1__3_
  Impl DFF        Imp:/WORK/sys_top/Regfile_u_reg_file_reg_1__3_

  Ref  DFF        Ref:/WORK/sys_top/Regfile_u_reg_file_reg_1__4_
  Impl DFF        Imp:/WORK/sys_top/Regfile_u_reg_file_reg_1__4_

  Ref  DFF        Ref:/WORK/sys_top/Regfile_u_reg_file_reg_1__5_
  Impl DFF        Imp:/WORK/sys_top/Regfile_u_reg_file_reg_1__5_

  Ref  DFF        Ref:/WORK/sys_top/Regfile_u_reg_file_reg_1__6_
  Impl DFF        Imp:/WORK/sys_top/Regfile_u_reg_file_reg_1__6_

  Ref  DFF        Ref:/WORK/sys_top/Regfile_u_reg_file_reg_1__7_
  Impl DFF        Imp:/WORK/sys_top/Regfile_u_reg_file_reg_1__7_

  Ref  DFF        Ref:/WORK/sys_top/Regfile_u_reg_file_reg_2__0_
  Impl DFF        Imp:/WORK/sys_top/Regfile_u_reg_file_reg_2__0_

  Ref  DFF        Ref:/WORK/sys_top/Regfile_u_reg_file_reg_2__1_
  Impl DFF        Imp:/WORK/sys_top/Regfile_u_reg_file_reg_2__1_

  Ref  DFF        Ref:/WORK/sys_top/Regfile_u_reg_file_reg_2__2_
  Impl DFF        Imp:/WORK/sys_top/Regfile_u_reg_file_reg_2__2_

  Ref  DFF        Ref:/WORK/sys_top/Regfile_u_reg_file_reg_2__3_
  Impl DFF        Imp:/WORK/sys_top/Regfile_u_reg_file_reg_2__3_

  Ref  DFF        Ref:/WORK/sys_top/Regfile_u_reg_file_reg_2__4_
  Impl DFF        Imp:/WORK/sys_top/Regfile_u_reg_file_reg_2__4_

  Ref  DFF        Ref:/WORK/sys_top/Regfile_u_reg_file_reg_2__5_
  Impl DFF        Imp:/WORK/sys_top/Regfile_u_reg_file_reg_2__5_

  Ref  DFF        Ref:/WORK/sys_top/Regfile_u_reg_file_reg_2__6_
  Impl DFF        Imp:/WORK/sys_top/Regfile_u_reg_file_reg_2__6_

  Ref  DFF        Ref:/WORK/sys_top/Regfile_u_reg_file_reg_2__7_
  Impl DFF        Imp:/WORK/sys_top/Regfile_u_reg_file_reg_2__7_

  Ref  DFF        Ref:/WORK/sys_top/Regfile_u_reg_file_reg_3__0_
  Impl DFF        Imp:/WORK/sys_top/Regfile_u_reg_file_reg_3__0_

  Ref  DFF        Ref:/WORK/sys_top/Regfile_u_reg_file_reg_3__1_
  Impl DFF        Imp:/WORK/sys_top/Regfile_u_reg_file_reg_3__1_

  Ref  DFF        Ref:/WORK/sys_top/Regfile_u_reg_file_reg_3__2_
  Impl DFF        Imp:/WORK/sys_top/Regfile_u_reg_file_reg_3__2_

  Ref  DFF        Ref:/WORK/sys_top/Regfile_u_reg_file_reg_3__3_
  Impl DFF        Imp:/WORK/sys_top/Regfile_u_reg_file_reg_3__3_

  Ref  DFF        Ref:/WORK/sys_top/Regfile_u_reg_file_reg_3__4_
  Impl DFF        Imp:/WORK/sys_top/Regfile_u_reg_file_reg_3__4_

  Ref  DFF        Ref:/WORK/sys_top/Regfile_u_reg_file_reg_3__5_
  Impl DFF        Imp:/WORK/sys_top/Regfile_u_reg_file_reg_3__5_

  Ref  DFF        Ref:/WORK/sys_top/Regfile_u_reg_file_reg_3__6_
  Impl DFF        Imp:/WORK/sys_top/Regfile_u_reg_file_reg_3__6_

  Ref  DFF        Ref:/WORK/sys_top/Regfile_u_reg_file_reg_3__7_
  Impl DFF        Imp:/WORK/sys_top/Regfile_u_reg_file_reg_3__7_

  Ref  DFF        Ref:/WORK/sys_top/Regfile_u_reg_file_reg_4__0_
  Impl DFF        Imp:/WORK/sys_top/Regfile_u_reg_file_reg_4__0_

  Ref  DFF        Ref:/WORK/sys_top/Regfile_u_reg_file_reg_4__1_
  Impl DFF        Imp:/WORK/sys_top/Regfile_u_reg_file_reg_4__1_

  Ref  DFF        Ref:/WORK/sys_top/Regfile_u_reg_file_reg_4__2_
  Impl DFF        Imp:/WORK/sys_top/Regfile_u_reg_file_reg_4__2_

  Ref  DFF        Ref:/WORK/sys_top/Regfile_u_reg_file_reg_4__3_
  Impl DFF        Imp:/WORK/sys_top/Regfile_u_reg_file_reg_4__3_

  Ref  DFF        Ref:/WORK/sys_top/Regfile_u_reg_file_reg_4__4_
  Impl DFF        Imp:/WORK/sys_top/Regfile_u_reg_file_reg_4__4_

  Ref  DFF        Ref:/WORK/sys_top/Regfile_u_reg_file_reg_4__5_
  Impl DFF        Imp:/WORK/sys_top/Regfile_u_reg_file_reg_4__5_

  Ref  DFF        Ref:/WORK/sys_top/Regfile_u_reg_file_reg_4__6_
  Impl DFF        Imp:/WORK/sys_top/Regfile_u_reg_file_reg_4__6_

  Ref  DFF        Ref:/WORK/sys_top/Regfile_u_reg_file_reg_4__7_
  Impl DFF        Imp:/WORK/sys_top/Regfile_u_reg_file_reg_4__7_

  Ref  DFF        Ref:/WORK/sys_top/Regfile_u_reg_file_reg_5__0_
  Impl DFF        Imp:/WORK/sys_top/Regfile_u_reg_file_reg_5__0_

  Ref  DFF        Ref:/WORK/sys_top/Regfile_u_reg_file_reg_5__1_
  Impl DFF        Imp:/WORK/sys_top/Regfile_u_reg_file_reg_5__1_

  Ref  DFF        Ref:/WORK/sys_top/Regfile_u_reg_file_reg_5__2_
  Impl DFF        Imp:/WORK/sys_top/Regfile_u_reg_file_reg_5__2_

  Ref  DFF        Ref:/WORK/sys_top/Regfile_u_reg_file_reg_5__3_
  Impl DFF        Imp:/WORK/sys_top/Regfile_u_reg_file_reg_5__3_

  Ref  DFF        Ref:/WORK/sys_top/Regfile_u_reg_file_reg_5__4_
  Impl DFF        Imp:/WORK/sys_top/Regfile_u_reg_file_reg_5__4_

  Ref  DFF        Ref:/WORK/sys_top/Regfile_u_reg_file_reg_5__5_
  Impl DFF        Imp:/WORK/sys_top/Regfile_u_reg_file_reg_5__5_

  Ref  DFF        Ref:/WORK/sys_top/Regfile_u_reg_file_reg_5__6_
  Impl DFF        Imp:/WORK/sys_top/Regfile_u_reg_file_reg_5__6_

  Ref  DFF        Ref:/WORK/sys_top/Regfile_u_reg_file_reg_5__7_
  Impl DFF        Imp:/WORK/sys_top/Regfile_u_reg_file_reg_5__7_

  Ref  DFF        Ref:/WORK/sys_top/Regfile_u_reg_file_reg_6__0_
  Impl DFF        Imp:/WORK/sys_top/Regfile_u_reg_file_reg_6__0_

  Ref  DFF        Ref:/WORK/sys_top/Regfile_u_reg_file_reg_6__1_
  Impl DFF        Imp:/WORK/sys_top/Regfile_u_reg_file_reg_6__1_

  Ref  DFF        Ref:/WORK/sys_top/Regfile_u_reg_file_reg_6__2_
  Impl DFF        Imp:/WORK/sys_top/Regfile_u_reg_file_reg_6__2_

  Ref  DFF        Ref:/WORK/sys_top/Regfile_u_reg_file_reg_6__3_
  Impl DFF        Imp:/WORK/sys_top/Regfile_u_reg_file_reg_6__3_

  Ref  DFF        Ref:/WORK/sys_top/Regfile_u_reg_file_reg_6__4_
  Impl DFF        Imp:/WORK/sys_top/Regfile_u_reg_file_reg_6__4_

  Ref  DFF        Ref:/WORK/sys_top/Regfile_u_reg_file_reg_6__5_
  Impl DFF        Imp:/WORK/sys_top/Regfile_u_reg_file_reg_6__5_

  Ref  DFF        Ref:/WORK/sys_top/Regfile_u_reg_file_reg_6__6_
  Impl DFF        Imp:/WORK/sys_top/Regfile_u_reg_file_reg_6__6_

  Ref  DFF        Ref:/WORK/sys_top/Regfile_u_reg_file_reg_6__7_
  Impl DFF        Imp:/WORK/sys_top/Regfile_u_reg_file_reg_6__7_

  Ref  DFF        Ref:/WORK/sys_top/Regfile_u_reg_file_reg_7__0_
  Impl DFF        Imp:/WORK/sys_top/Regfile_u_reg_file_reg_7__0_

  Ref  DFF        Ref:/WORK/sys_top/Regfile_u_reg_file_reg_7__1_
  Impl DFF        Imp:/WORK/sys_top/Regfile_u_reg_file_reg_7__1_

  Ref  DFF        Ref:/WORK/sys_top/Regfile_u_reg_file_reg_7__2_
  Impl DFF        Imp:/WORK/sys_top/Regfile_u_reg_file_reg_7__2_

  Ref  DFF        Ref:/WORK/sys_top/Regfile_u_reg_file_reg_7__3_
  Impl DFF        Imp:/WORK/sys_top/Regfile_u_reg_file_reg_7__3_

  Ref  DFF        Ref:/WORK/sys_top/Regfile_u_reg_file_reg_7__4_
  Impl DFF        Imp:/WORK/sys_top/Regfile_u_reg_file_reg_7__4_

  Ref  DFF        Ref:/WORK/sys_top/Regfile_u_reg_file_reg_7__5_
  Impl DFF        Imp:/WORK/sys_top/Regfile_u_reg_file_reg_7__5_

  Ref  DFF        Ref:/WORK/sys_top/Regfile_u_reg_file_reg_7__6_
  Impl DFF        Imp:/WORK/sys_top/Regfile_u_reg_file_reg_7__6_

  Ref  DFF        Ref:/WORK/sys_top/Regfile_u_reg_file_reg_7__7_
  Impl DFF        Imp:/WORK/sys_top/Regfile_u_reg_file_reg_7__7_

  Ref  DFF        Ref:/WORK/sys_top/Regfile_u_reg_file_reg_8__0_
  Impl DFF        Imp:/WORK/sys_top/Regfile_u_reg_file_reg_8__0_

  Ref  DFF        Ref:/WORK/sys_top/Regfile_u_reg_file_reg_8__1_
  Impl DFF        Imp:/WORK/sys_top/Regfile_u_reg_file_reg_8__1_

  Ref  DFF        Ref:/WORK/sys_top/Regfile_u_reg_file_reg_8__2_
  Impl DFF        Imp:/WORK/sys_top/Regfile_u_reg_file_reg_8__2_

  Ref  DFF        Ref:/WORK/sys_top/Regfile_u_reg_file_reg_8__3_
  Impl DFF        Imp:/WORK/sys_top/Regfile_u_reg_file_reg_8__3_

  Ref  DFF        Ref:/WORK/sys_top/Regfile_u_reg_file_reg_8__4_
  Impl DFF        Imp:/WORK/sys_top/Regfile_u_reg_file_reg_8__4_

  Ref  DFF        Ref:/WORK/sys_top/Regfile_u_reg_file_reg_8__5_
  Impl DFF        Imp:/WORK/sys_top/Regfile_u_reg_file_reg_8__5_

  Ref  DFF        Ref:/WORK/sys_top/Regfile_u_reg_file_reg_8__6_
  Impl DFF        Imp:/WORK/sys_top/Regfile_u_reg_file_reg_8__6_

  Ref  DFF        Ref:/WORK/sys_top/Regfile_u_reg_file_reg_8__7_
  Impl DFF        Imp:/WORK/sys_top/Regfile_u_reg_file_reg_8__7_

  Ref  DFF        Ref:/WORK/sys_top/Regfile_u_reg_file_reg_9__0_
  Impl DFF        Imp:/WORK/sys_top/Regfile_u_reg_file_reg_9__0_

  Ref  DFF        Ref:/WORK/sys_top/Regfile_u_reg_file_reg_9__1_
  Impl DFF        Imp:/WORK/sys_top/Regfile_u_reg_file_reg_9__1_

  Ref  DFF        Ref:/WORK/sys_top/Regfile_u_reg_file_reg_9__2_
  Impl DFF        Imp:/WORK/sys_top/Regfile_u_reg_file_reg_9__2_

  Ref  DFF        Ref:/WORK/sys_top/Regfile_u_reg_file_reg_9__3_
  Impl DFF        Imp:/WORK/sys_top/Regfile_u_reg_file_reg_9__3_

  Ref  DFF        Ref:/WORK/sys_top/Regfile_u_reg_file_reg_9__4_
  Impl DFF        Imp:/WORK/sys_top/Regfile_u_reg_file_reg_9__4_

  Ref  DFF        Ref:/WORK/sys_top/Regfile_u_reg_file_reg_9__5_
  Impl DFF        Imp:/WORK/sys_top/Regfile_u_reg_file_reg_9__5_

  Ref  DFF        Ref:/WORK/sys_top/Regfile_u_reg_file_reg_9__6_
  Impl DFF        Imp:/WORK/sys_top/Regfile_u_reg_file_reg_9__6_

  Ref  DFF        Ref:/WORK/sys_top/Regfile_u_reg_file_reg_9__7_
  Impl DFF        Imp:/WORK/sys_top/Regfile_u_reg_file_reg_9__7_

  Ref  DFF        Ref:/WORK/sys_top/Rx2SysCtrl_SYNC_reg_0_
  Impl DFF        Imp:/WORK/sys_top/Rx2SysCtrl_SYNC_reg_0_

  Ref  DFF        Ref:/WORK/sys_top/Rx2SysCtrl_SYNC_reg_1_
  Impl DFF        Imp:/WORK/sys_top/Rx2SysCtrl_SYNC_reg_1_

  Ref  DFF        Ref:/WORK/sys_top/Rx2SysCtrl_SYNC_reg_2_
  Impl DFF        Imp:/WORK/sys_top/Rx2SysCtrl_SYNC_reg_2_

  Ref  DFF        Ref:/WORK/sys_top/Rx2SysCtrl_SYNC_reg_3_
  Impl DFF        Imp:/WORK/sys_top/Rx2SysCtrl_SYNC_reg_3_

  Ref  DFF        Ref:/WORK/sys_top/Rx2SysCtrl_en_pulse_reg
  Impl DFF        Imp:/WORK/sys_top/Rx2SysCtrl_en_pulse_reg

  Ref  DFF        Ref:/WORK/sys_top/Rx2SysCtrl_pulse_out_reg
  Impl DFF        Imp:/WORK/sys_top/Rx2SysCtrl_pulse_out_reg

  Ref  DFF        Ref:/WORK/sys_top/Rx2SysCtrl_sync_bus_reg_0_
  Impl DFF        Imp:/WORK/sys_top/Rx2SysCtrl_sync_bus_reg_0_

  Ref  DFF        Ref:/WORK/sys_top/Rx2SysCtrl_sync_bus_reg_1_
  Impl DFF        Imp:/WORK/sys_top/Rx2SysCtrl_sync_bus_reg_1_

  Ref  DFF        Ref:/WORK/sys_top/Rx2SysCtrl_sync_bus_reg_2_
  Impl DFF        Imp:/WORK/sys_top/Rx2SysCtrl_sync_bus_reg_2_

  Ref  DFF        Ref:/WORK/sys_top/Rx2SysCtrl_sync_bus_reg_3_
  Impl DFF        Imp:/WORK/sys_top/Rx2SysCtrl_sync_bus_reg_3_

  Ref  DFF        Ref:/WORK/sys_top/Rx2SysCtrl_sync_bus_reg_4_
  Impl DFF        Imp:/WORK/sys_top/Rx2SysCtrl_sync_bus_reg_4_

  Ref  DFF        Ref:/WORK/sys_top/Rx2SysCtrl_sync_bus_reg_5_
  Impl DFF        Imp:/WORK/sys_top/Rx2SysCtrl_sync_bus_reg_5_

  Ref  DFF        Ref:/WORK/sys_top/Rx2SysCtrl_sync_bus_reg_6_
  Impl DFF        Imp:/WORK/sys_top/Rx2SysCtrl_sync_bus_reg_6_

  Ref  DFF        Ref:/WORK/sys_top/Rx2SysCtrl_sync_bus_reg_7_
  Impl DFF        Imp:/WORK/sys_top/Rx2SysCtrl_sync_bus_reg_7_

  Ref  DFF        Ref:/WORK/sys_top/UART_TX_RX_U0_UART_RX_U1_Bit_cnt_reg_0_
  Impl DFF        Imp:/WORK/sys_top/UART_TX_RX_U0_UART_RX_U1_Bit_cnt_reg_0_

  Ref  DFF        Ref:/WORK/sys_top/UART_TX_RX_U0_UART_RX_U1_Bit_cnt_reg_1_
  Impl DFF        Imp:/WORK/sys_top/UART_TX_RX_U0_UART_RX_U1_Bit_cnt_reg_1_

  Ref  DFF        Ref:/WORK/sys_top/UART_TX_RX_U0_UART_RX_U1_Bit_cnt_reg_2_
  Impl DFF        Imp:/WORK/sys_top/UART_TX_RX_U0_UART_RX_U1_Bit_cnt_reg_2_

  Ref  DFF        Ref:/WORK/sys_top/UART_TX_RX_U0_UART_RX_U1_Bit_cnt_reg_3_
  Impl DFF        Imp:/WORK/sys_top/UART_TX_RX_U0_UART_RX_U1_Bit_cnt_reg_3_

  Ref  DFF        Ref:/WORK/sys_top/UART_TX_RX_U0_UART_RX_U1_Edge_cnt_reg_0_
  Impl DFF        Imp:/WORK/sys_top/UART_TX_RX_U0_UART_RX_U1_Edge_cnt_reg_0_

  Ref  DFF        Ref:/WORK/sys_top/UART_TX_RX_U0_UART_RX_U1_Edge_cnt_reg_1_
  Impl DFF        Imp:/WORK/sys_top/UART_TX_RX_U0_UART_RX_U1_Edge_cnt_reg_1_

  Ref  DFF        Ref:/WORK/sys_top/UART_TX_RX_U0_UART_RX_U1_Edge_cnt_reg_2_
  Impl DFF        Imp:/WORK/sys_top/UART_TX_RX_U0_UART_RX_U1_Edge_cnt_reg_2_

  Ref  DFF        Ref:/WORK/sys_top/UART_TX_RX_U0_UART_RX_U1_Edge_cnt_reg_3_
  Impl DFF        Imp:/WORK/sys_top/UART_TX_RX_U0_UART_RX_U1_Edge_cnt_reg_3_

  Ref  DFF        Ref:/WORK/sys_top/UART_TX_RX_U0_UART_RX_U1_Edge_cnt_reg_4_
  Impl DFF        Imp:/WORK/sys_top/UART_TX_RX_U0_UART_RX_U1_Edge_cnt_reg_4_

  Ref  DFF        Ref:/WORK/sys_top/UART_TX_RX_U0_UART_RX_U1_Edge_cnt_reg_5_
  Impl DFF        Imp:/WORK/sys_top/UART_TX_RX_U0_UART_RX_U1_Edge_cnt_reg_5_

  Ref  DFF        Ref:/WORK/sys_top/UART_TX_RX_U0_UART_RX_U2_Sample_Valid_reg
  Impl DFF        Imp:/WORK/sys_top/UART_TX_RX_U0_UART_RX_U2_Sample_Valid_reg

  Ref  DFF        Ref:/WORK/sys_top/UART_TX_RX_U0_UART_RX_U2_Sampled_bit_reg
  Impl DFF        Imp:/WORK/sys_top/UART_TX_RX_U0_UART_RX_U2_Sampled_bit_reg

  Ref  DFF        Ref:/WORK/sys_top/UART_TX_RX_U0_UART_RX_U2_s0_reg
  Impl DFF        Imp:/WORK/sys_top/UART_TX_RX_U0_UART_RX_U2_s0_reg

  Ref  DFF        Ref:/WORK/sys_top/UART_TX_RX_U0_UART_RX_U2_s1_reg
  Impl DFF        Imp:/WORK/sys_top/UART_TX_RX_U0_UART_RX_U2_s1_reg

  Ref  DFF        Ref:/WORK/sys_top/UART_TX_RX_U0_UART_RX_U3_P_DATA_reg_0_
  Impl DFF        Imp:/WORK/sys_top/UART_TX_RX_U0_UART_RX_U3_P_DATA_reg_0_

  Ref  DFF        Ref:/WORK/sys_top/UART_TX_RX_U0_UART_RX_U3_P_DATA_reg_1_
  Impl DFF        Imp:/WORK/sys_top/UART_TX_RX_U0_UART_RX_U3_P_DATA_reg_1_

  Ref  DFF        Ref:/WORK/sys_top/UART_TX_RX_U0_UART_RX_U3_P_DATA_reg_2_
  Impl DFF        Imp:/WORK/sys_top/UART_TX_RX_U0_UART_RX_U3_P_DATA_reg_2_

  Ref  DFF        Ref:/WORK/sys_top/UART_TX_RX_U0_UART_RX_U3_P_DATA_reg_3_
  Impl DFF        Imp:/WORK/sys_top/UART_TX_RX_U0_UART_RX_U3_P_DATA_reg_3_

  Ref  DFF        Ref:/WORK/sys_top/UART_TX_RX_U0_UART_RX_U3_P_DATA_reg_4_
  Impl DFF        Imp:/WORK/sys_top/UART_TX_RX_U0_UART_RX_U3_P_DATA_reg_4_

  Ref  DFF        Ref:/WORK/sys_top/UART_TX_RX_U0_UART_RX_U3_P_DATA_reg_5_
  Impl DFF        Imp:/WORK/sys_top/UART_TX_RX_U0_UART_RX_U3_P_DATA_reg_5_

  Ref  DFF        Ref:/WORK/sys_top/UART_TX_RX_U0_UART_RX_U3_P_DATA_reg_6_
  Impl DFF        Imp:/WORK/sys_top/UART_TX_RX_U0_UART_RX_U3_P_DATA_reg_6_

  Ref  DFF        Ref:/WORK/sys_top/UART_TX_RX_U0_UART_RX_U3_P_DATA_reg_7_
  Impl DFF        Imp:/WORK/sys_top/UART_TX_RX_U0_UART_RX_U3_P_DATA_reg_7_

  Ref  DFF        Ref:/WORK/sys_top/UART_TX_RX_U0_UART_RX_U4_count_reg_0_
  Impl DFF        Imp:/WORK/sys_top/UART_TX_RX_U0_UART_RX_U4_count_reg_0_

  Ref  DFF        Ref:/WORK/sys_top/UART_TX_RX_U0_UART_RX_U4_count_reg_1_
  Impl DFF        Imp:/WORK/sys_top/UART_TX_RX_U0_UART_RX_U4_count_reg_1_

  Ref  DFF        Ref:/WORK/sys_top/UART_TX_RX_U0_UART_RX_U4_count_reg_2_
  Impl DFF        Imp:/WORK/sys_top/UART_TX_RX_U0_UART_RX_U4_count_reg_2_

  Ref  DFF        Ref:/WORK/sys_top/UART_TX_RX_U0_UART_RX_U4_count_reg_3_
  Impl DFF        Imp:/WORK/sys_top/UART_TX_RX_U0_UART_RX_U4_count_reg_3_

  Ref  DFF        Ref:/WORK/sys_top/UART_TX_RX_U0_UART_RX_U4_par_done_reg
  Impl DFF        Imp:/WORK/sys_top/UART_TX_RX_U0_UART_RX_U4_par_done_reg

  Ref  DFF        Ref:/WORK/sys_top/UART_TX_RX_U0_UART_RX_U4_par_err_reg
  Impl DFF        Imp:/WORK/sys_top/UART_TX_RX_U0_UART_RX_U4_par_err_reg

  Ref  DFF        Ref:/WORK/sys_top/UART_TX_RX_U0_UART_RX_U4_parity_reg_reg
  Impl DFF        Imp:/WORK/sys_top/UART_TX_RX_U0_UART_RX_U4_parity_reg_reg

  Ref  DFF        Ref:/WORK/sys_top/UART_TX_RX_U0_UART_RX_U5_strt_glitch_reg
  Impl DFF        Imp:/WORK/sys_top/UART_TX_RX_U0_UART_RX_U5_strt_glitch_reg

  Ref  DFF        Ref:/WORK/sys_top/UART_TX_RX_U0_UART_RX_U6_stp_done_reg
  Impl DFF        Imp:/WORK/sys_top/UART_TX_RX_U0_UART_RX_U6_stp_done_reg

  Ref  DFF        Ref:/WORK/sys_top/UART_TX_RX_U0_UART_RX_U6_stp_err_reg
  Impl DFF        Imp:/WORK/sys_top/UART_TX_RX_U0_UART_RX_U6_stp_err_reg

  Ref  DFF        Ref:/WORK/sys_top/UART_TX_RX_U0_UART_RX_U7_c_state_reg_0_
  Impl DFF        Imp:/WORK/sys_top/UART_TX_RX_U0_UART_RX_U7_c_state_reg_0_

  Ref  DFF        Ref:/WORK/sys_top/UART_TX_RX_U0_UART_RX_U7_c_state_reg_1_
  Impl DFF        Imp:/WORK/sys_top/UART_TX_RX_U0_UART_RX_U7_c_state_reg_1_

  Ref  DFF        Ref:/WORK/sys_top/UART_TX_RX_U0_UART_RX_U7_c_state_reg_2_
  Impl DFF        Imp:/WORK/sys_top/UART_TX_RX_U0_UART_RX_U7_c_state_reg_2_

  Ref  DFF        Ref:/WORK/sys_top/UART_TX_RX_U0_UART_RX_U7_data_valid_reg
  Impl DFF        Imp:/WORK/sys_top/UART_TX_RX_U0_UART_RX_U7_data_valid_reg

  Ref  DFF        Ref:/WORK/sys_top/UART_TX_RX_U0_UART_RX_U7_sample_valid_d_reg
  Impl DFF        Imp:/WORK/sys_top/UART_TX_RX_U0_UART_RX_U7_sample_valid_d_reg

  Ref  DFF        Ref:/WORK/sys_top/UART_TX_RX_U0_UART_TX_U1_counter_reg_0_
  Impl DFF        Imp:/WORK/sys_top/UART_TX_RX_U0_UART_TX_U1_counter_reg_0_

  Ref  DFF        Ref:/WORK/sys_top/UART_TX_RX_U0_UART_TX_U1_counter_reg_1_
  Impl DFF        Imp:/WORK/sys_top/UART_TX_RX_U0_UART_TX_U1_counter_reg_1_

  Ref  DFF        Ref:/WORK/sys_top/UART_TX_RX_U0_UART_TX_U1_counter_reg_2_
  Impl DFF        Imp:/WORK/sys_top/UART_TX_RX_U0_UART_TX_U1_counter_reg_2_

  Ref  DFF        Ref:/WORK/sys_top/UART_TX_RX_U0_UART_TX_U1_loading_reg
  Impl DFF        Imp:/WORK/sys_top/UART_TX_RX_U0_UART_TX_U1_loading_reg

  Ref  DFF        Ref:/WORK/sys_top/UART_TX_RX_U0_UART_TX_U1_mem_reg_0_
  Impl DFF        Imp:/WORK/sys_top/UART_TX_RX_U0_UART_TX_U1_mem_reg_0_

  Ref  DFF        Ref:/WORK/sys_top/UART_TX_RX_U0_UART_TX_U1_mem_reg_1_
  Impl DFF        Imp:/WORK/sys_top/UART_TX_RX_U0_UART_TX_U1_mem_reg_1_

  Ref  DFF        Ref:/WORK/sys_top/UART_TX_RX_U0_UART_TX_U1_mem_reg_2_
  Impl DFF        Imp:/WORK/sys_top/UART_TX_RX_U0_UART_TX_U1_mem_reg_2_

  Ref  DFF        Ref:/WORK/sys_top/UART_TX_RX_U0_UART_TX_U1_mem_reg_3_
  Impl DFF        Imp:/WORK/sys_top/UART_TX_RX_U0_UART_TX_U1_mem_reg_3_

  Ref  DFF        Ref:/WORK/sys_top/UART_TX_RX_U0_UART_TX_U1_mem_reg_4_
  Impl DFF        Imp:/WORK/sys_top/UART_TX_RX_U0_UART_TX_U1_mem_reg_4_

  Ref  DFF        Ref:/WORK/sys_top/UART_TX_RX_U0_UART_TX_U1_mem_reg_5_
  Impl DFF        Imp:/WORK/sys_top/UART_TX_RX_U0_UART_TX_U1_mem_reg_5_

  Ref  DFF        Ref:/WORK/sys_top/UART_TX_RX_U0_UART_TX_U1_mem_reg_6_
  Impl DFF        Imp:/WORK/sys_top/UART_TX_RX_U0_UART_TX_U1_mem_reg_6_

  Ref  DFF        Ref:/WORK/sys_top/UART_TX_RX_U0_UART_TX_U1_mem_reg_7_
  Impl DFF        Imp:/WORK/sys_top/UART_TX_RX_U0_UART_TX_U1_mem_reg_7_

  Ref  DFF        Ref:/WORK/sys_top/UART_TX_RX_U0_UART_TX_U1_ser_data_reg
  Impl DFF        Imp:/WORK/sys_top/UART_TX_RX_U0_UART_TX_U1_ser_data_reg

  Ref  DFF        Ref:/WORK/sys_top/UART_TX_RX_U0_UART_TX_U1_ser_done_reg
  Impl DFF        Imp:/WORK/sys_top/UART_TX_RX_U0_UART_TX_U1_ser_done_reg

  Ref  DFF        Ref:/WORK/sys_top/UART_TX_RX_U0_UART_TX_U2_current_state_reg_0_
  Impl DFF        Imp:/WORK/sys_top/UART_TX_RX_U0_UART_TX_U2_current_state_reg_0_

  Ref  DFF        Ref:/WORK/sys_top/UART_TX_RX_U0_UART_TX_U2_current_state_reg_1_
  Impl DFF        Imp:/WORK/sys_top/UART_TX_RX_U0_UART_TX_U2_current_state_reg_1_

  Ref  DFF        Ref:/WORK/sys_top/UART_TX_RX_U0_UART_TX_U2_current_state_reg_2_
  Impl DFF        Imp:/WORK/sys_top/UART_TX_RX_U0_UART_TX_U2_current_state_reg_2_

  Ref  DFF        Ref:/WORK/sys_top/UART_TX_RX_U0_UART_TX_U3_par_bit_reg
  Impl DFF        Imp:/WORK/sys_top/UART_TX_RX_U0_UART_TX_U3_par_bit_reg

  Ref  DFF        Ref:/WORK/sys_top/sys_ctrl_u_cfg_locked_reg
  Impl DFF        Imp:/WORK/sys_top/sys_ctrl_u_cfg_locked_reg

  Ref  DFF        Ref:/WORK/sys_top/sys_ctrl_u_current_state_reg_0_
  Impl DFF        Imp:/WORK/sys_top/sys_ctrl_u_current_state_reg_0_

  Ref  DFF        Ref:/WORK/sys_top/sys_ctrl_u_current_state_reg_1_
  Impl DFF        Imp:/WORK/sys_top/sys_ctrl_u_current_state_reg_1_

  Ref  DFF        Ref:/WORK/sys_top/sys_ctrl_u_current_state_reg_2_
  Impl DFF        Imp:/WORK/sys_top/sys_ctrl_u_current_state_reg_2_

  Ref  DFF        Ref:/WORK/sys_top/sys_ctrl_u_current_state_reg_3_
  Impl DFF        Imp:/WORK/sys_top/sys_ctrl_u_current_state_reg_3_

  Ref  DFF        Ref:/WORK/sys_top/sys_ctrl_u_frame2_reg_0_
  Impl DFF        Imp:/WORK/sys_top/sys_ctrl_u_frame2_reg_0_

  Ref  DFF        Ref:/WORK/sys_top/sys_ctrl_u_frame2_reg_1_
  Impl DFF        Imp:/WORK/sys_top/sys_ctrl_u_frame2_reg_1_

  Ref  DFF        Ref:/WORK/sys_top/sys_ctrl_u_frame2_reg_2_
  Impl DFF        Imp:/WORK/sys_top/sys_ctrl_u_frame2_reg_2_

  Ref  DFF        Ref:/WORK/sys_top/sys_ctrl_u_frame2_reg_3_
  Impl DFF        Imp:/WORK/sys_top/sys_ctrl_u_frame2_reg_3_

  Ref  DFF        Ref:/WORK/sys_top/sys_ctrl_u_frame2_reg_4_
  Impl DFF        Imp:/WORK/sys_top/sys_ctrl_u_frame2_reg_4_

  Ref  DFF        Ref:/WORK/sys_top/sys_ctrl_u_frame2_reg_5_
  Impl DFF        Imp:/WORK/sys_top/sys_ctrl_u_frame2_reg_5_

  Ref  DFF        Ref:/WORK/sys_top/sys_ctrl_u_frame2_reg_6_
  Impl DFF        Imp:/WORK/sys_top/sys_ctrl_u_frame2_reg_6_

  Ref  DFF        Ref:/WORK/sys_top/sys_ctrl_u_frame2_reg_7_
  Impl DFF        Imp:/WORK/sys_top/sys_ctrl_u_frame2_reg_7_

  Ref  DFF        Ref:/WORK/sys_top/sys_ctrl_u_reg2_cfg_reg
  Impl DFF        Imp:/WORK/sys_top/sys_ctrl_u_reg2_cfg_reg

  Ref  DFF        Ref:/WORK/sys_top/sys_ctrl_u_reg3_cfg_reg
  Impl DFF        Imp:/WORK/sys_top/sys_ctrl_u_reg3_cfg_reg

  Ref  DFF        Ref:/WORK/sys_top/sys_ctrl_u_wr_addr_reg_0_
  Impl DFF        Imp:/WORK/sys_top/sys_ctrl_u_wr_addr_reg_0_

  Ref  DFF        Ref:/WORK/sys_top/sys_ctrl_u_wr_addr_reg_1_
  Impl DFF        Imp:/WORK/sys_top/sys_ctrl_u_wr_addr_reg_1_

  Ref  DFF        Ref:/WORK/sys_top/sys_ctrl_u_wr_addr_reg_2_
  Impl DFF        Imp:/WORK/sys_top/sys_ctrl_u_wr_addr_reg_2_

  Ref  DFF        Ref:/WORK/sys_top/sys_ctrl_u_wr_addr_reg_3_
  Impl DFF        Imp:/WORK/sys_top/sys_ctrl_u_wr_addr_reg_3_

  Ref  Port       Ref:/WORK/sys_top/UART_TX_O
  Impl Port       Imp:/WORK/sys_top/UART_TX_O

  Ref  Port       Ref:/WORK/sys_top/framing_error
  Impl Port       Imp:/WORK/sys_top/framing_error

  Ref  Port       Ref:/WORK/sys_top/parity_error
  Impl Port       Imp:/WORK/sys_top/parity_error

 [BBNet: multiply-driven net
  BBPin: black-box pin
  Cut:   cut-point
  DFF:   non-constant DFF register
  DFF0:  constant 0 DFF register
  DFF1:  constant 1 DFF register
  DFFX:  constant X DFF register
  DFF0X: constrained 0X DFF register
  DFF1X: constrained 1X DFF register
  LAT:   non-constant latch register
  LAT0:  constant 0 latch register
  LAT1:  constant 1 latch register
  LATX:  constant X latch register
  LAT0X: constrained 0X latch register
  LAT1X: constrained 1X latch register
  LATCG: clock-gating latch register
  TLA:   transparent latch register
  TLA0X: transparent constrained 0X latch register
  TLA1X: transparent constrained 1X latch register
  Loop:  cycle break point
  Port:  primary (top-level) port
  Und:   undriven signal cut-point
  Unk:   unknown signal cut-point]

1
