capture ./spyglass-1/sys_top/cdc/cdc_setup_check/spyglass_reports/waiver.rpt {write_report waiver}


current_goal lint/lint_rtl -top sys_top
run_goal
current_goal cdc/cdc_setup_check -top sys_top
run_goal
current_goal cdc/clock_reset_integrity -top sys_top
run_goal
current_goal cdc/cdc_verify_struct -top sys_top
run_goal
current_goal cdc/cdc_verify -top sys_top
run_goal
current_goal lint/lint_rtl -top sys_top











current_goal cdc/cdc_setup_check -top sys_top
run_goal




read_file -type sgdc spy_cons.sgdc


current_goal cdc/cdc_setup_check -top sys_top
run_goal




read_file -type awl ./lint_cdc/sys_top/cdc/cdc_setup_check/lint_cdc_waiver_file.awl
set_goal_option default_waiver_file ./lint_cdc/sys_top/cdc/cdc_setup_check/lint_cdc_waiver_file.awl

set _sg_current_default_waiver_file ""; set _sg_current_default_waiver_file [get_goal_option default_waiver_file]
waive -rule Propagate_Clocks -comment {Created by ICer on 07-Oct-2026 22:21:05}
if {$_sg_current_default_waiver_file == {} || $_sg_current_default_waiver_file == {{}}} {remove_goal_option default_waiver_file } else { set_goal_option default_waiver_file $_sg_current_default_waiver_file}



set _sg_current_default_waiver_file ""; set _sg_current_default_waiver_file [get_goal_option default_waiver_file]; set_goal_option default_waiver_file {./lint_cdc/sys_top/cdc/cdc_setup_check/lint_cdc_waiver_file.awl}
remove_waiver -id 6
waive -rule Propagate_Clocks -comment {Created by ICer on 07-Oct-2026 22:21:05  virtual clock } -id 6
if {$_sg_current_default_waiver_file == {} || $_sg_current_default_waiver_file == {{}}} {remove_goal_option default_waiver_file } else { set_goal_option default_waiver_file $_sg_current_default_waiver_file}



save_waiver


current_goal cdc/clock_reset_integrity -top sys_top
run_goal




read_file -type awl ./lint_cdc/sys_top/cdc/clock_reset_integrity/lint_cdc_waiver_file.awl
set_goal_option default_waiver_file ./lint_cdc/sys_top/cdc/clock_reset_integrity/lint_cdc_waiver_file.awl

set _sg_current_default_waiver_file ""; set _sg_current_default_waiver_file [get_goal_option default_waiver_file]
waive -rule Propagate_Clocks -comment {Created by ICer on 07-Oct-2026 22:21:42}
if {$_sg_current_default_waiver_file == {} || $_sg_current_default_waiver_file == {{}}} {remove_goal_option default_waiver_file } else { set_goal_option default_waiver_file $_sg_current_default_waiver_file}






save_waiver


current_goal cdc/cdc_verify_struct -top sys_top
run_goal




gui_select_message -rule Ac_conv02 -msg {4 synchronizers (sys_top.FIFO_u.U2_WRptr_sync.s0[3:0]) converge on combinational gate 'sys_top.FIFO_u.U5.empty_next'. Gray encoding check: 'DISABLED'}
gui_open_schematic -is
gui_expand_schematic {autoBundle FIFO_u.w_ptr_synch[3] 2}
gui_expand_schematic {autoBundle FIFO_u.w_ptr_synch[3] 4}
gui_expand_schematic {hierPinBus FIFO_u.U2_WRptr_sync synch_o_ptr input 4}
read_file -type awl ./lint_cdc/sys_top/cdc/cdc_verify_struct/lint_cdc_waiver_file.awl
set_goal_option default_waiver_file ./lint_cdc/sys_top/cdc/cdc_verify_struct/lint_cdc_waiver_file.awl

set _sg_current_default_waiver_file ""; set _sg_current_default_waiver_file [get_goal_option default_waiver_file]
waive -rule Ac_conv02 -comment {Created by ICer on 07-Oct-2026 22:23:02}
if {$_sg_current_default_waiver_file == {} || $_sg_current_default_waiver_file == {{}}} {remove_goal_option default_waiver_file } else { set_goal_option default_waiver_file $_sg_current_default_waiver_file}







set _sg_current_default_waiver_file ""; set _sg_current_default_waiver_file [get_goal_option default_waiver_file]
waive -rule Propagate_Clocks -comment {Created by ICer on 07-Oct-2026 22:23:09}
if {$_sg_current_default_waiver_file == {} || $_sg_current_default_waiver_file == {{}}} {remove_goal_option default_waiver_file } else { set_goal_option default_waiver_file $_sg_current_default_waiver_file}







set _sg_current_default_waiver_file ""; set _sg_current_default_waiver_file [get_goal_option default_waiver_file]
waive -rule Reset_sync04 -comment {Created by ICer on 07-Oct-2026 22:23:33}
if {$_sg_current_default_waiver_file == {} || $_sg_current_default_waiver_file == {{}}} {remove_goal_option default_waiver_file } else { set_goal_option default_waiver_file $_sg_current_default_waiver_file}






save_waiver


current_goal cdc/cdc_verify -top sys_top
run_goal




read_file -type awl ./lint_cdc/sys_top/cdc/cdc_verify/lint_cdc_waiver_file.awl
set_goal_option default_waiver_file ./lint_cdc/sys_top/cdc/cdc_verify/lint_cdc_waiver_file.awl

set _sg_current_default_waiver_file ""; set _sg_current_default_waiver_file [get_goal_option default_waiver_file]
waive -rule Ac_cdc01a -comment {Created by ICer on 07-Oct-2026 22:25:52}
if {$_sg_current_default_waiver_file == {} || $_sg_current_default_waiver_file == {{}}} {remove_goal_option default_waiver_file } else { set_goal_option default_waiver_file $_sg_current_default_waiver_file}






set_parameter fa_verif_cycles 4096


current_goal cdc/cdc_verify -top sys_top
run_goal





set _sg_current_default_waiver_file ""; set _sg_current_default_waiver_file [get_goal_option default_waiver_file]
waive -rule Ac_datahold01a -comment {Created by ICer on 07-Oct-2026 22:27:45}
if {$_sg_current_default_waiver_file == {} || $_sg_current_default_waiver_file == {{}}} {remove_goal_option default_waiver_file } else { set_goal_option default_waiver_file $_sg_current_default_waiver_file}







set _sg_current_default_waiver_file ""; set _sg_current_default_waiver_file [get_goal_option default_waiver_file]
waive -rule Propagate_Clocks -comment {Created by ICer on 07-Oct-2026 22:27:52}
if {$_sg_current_default_waiver_file == {} || $_sg_current_default_waiver_file == {{}}} {remove_goal_option default_waiver_file } else { set_goal_option default_waiver_file $_sg_current_default_waiver_file}







set _sg_current_default_waiver_file ""; set _sg_current_default_waiver_file [get_goal_option default_waiver_file]
waive -rule Reset_sync04 -comment {Created by ICer on 07-Oct-2026 22:28:03}
if {$_sg_current_default_waiver_file == {} || $_sg_current_default_waiver_file == {{}}} {remove_goal_option default_waiver_file } else { set_goal_option default_waiver_file $_sg_current_default_waiver_file}






save_project
