
################################################################################
#
# This file has been generated by SpyGlass:
#     Report Name      : waiver
#     Report Created by: ICer
#     Report Created on:  Wed Oct  7 22:26:52 2026
#     Working Directory: /home/ICer/UART_System/Spyglass2
#     SpyGlass Version : SpyGlass_vL-2016.06
#     Policy Name      : SpyGlass(SpyGlass_vL-2016.06)
#                        clock-reset(SpyGlass_vL-2016.06)
#
#     Total Number of Generated Messages :         45
#     Number of Waived Messages          :          1
#     Number of Reported Messages        :         44
#     Number of Overlimit Messages       :          0
#
#     Total Number of Waivers                            :          1
#     Number of Waivers Applied                          :          1
#     Number of Waivers with Regex and/or wildcard       :          0
#     Number of Waivers with -rule                       :          1
#     Number of Waivers with line number and/or file info:          0
#     Number of Waive -IP commands                       :          0
#
#
################################################################################

WAIVER REPORT:
+++++++++++++++++++++++++++++++++++++++++++++++++++++++++++++++++++++++++++++++

Design Issues Waiver Report
+++++++++++++++++++++++++++++++++++++++++++++++++++++++++++++++++++++++++++++++

Waiver comment : Created by ICer on 07-Oct-2026 22:25:52
waive -rule "Ac_cdc01a" 
#spg_backref : "./lint_cdc/sys_top/cdc/cdc_verify/lint_cdc_waiver_file.awl" 1

1 message(s) waived:
===============================================================================
Index    Rule      Severity File                  Line Wt Message
===============================================================================
[72]     Ac_cdc01a Warning  ../rtl/FIFO/DF_SYNC.v 20   10 Fast('sys_top.REF_CLK') to slow('sys_top.tx_clk') clock crossing(from 'sys_top.FIFO_u.w_ptr[3]' to 'sys_top.FIFO_u.U2_WRptr_sync.s0[3]') detected. Data hold check:Partially-Proved
===============================================================================

