
################################################################################
#
# This file has been generated by SpyGlass:
#     Report Name      : waiver
#     Report Created by: ICer
#     Report Created on:  Wed Sep 23 03:36:20 2026
#     Working Directory: /home/ICer/UART_System/Spyglass
#     SpyGlass Version : SpyGlass_vL-2016.06
#     Policy Name      : SpyGlass(SpyGlass_vL-2016.06)
#                        clock-reset(SpyGlass_vL-2016.06)
#
#     Total Number of Generated Messages :         45
#     Number of Waived Messages          :          7
#     Number of Reported Messages        :         38
#     Number of Overlimit Messages       :          0
#
#     Total Number of Waivers                            :          4
#     Number of Waivers Applied                          :          4
#     Number of Waivers with Regex and/or wildcard       :          0
#     Number of Waivers with -rule                       :          4
#     Number of Waivers with line number and/or file info:          0
#     Number of Waive -IP commands                       :          0
#
#
################################################################################

WAIVER REPORT:
+++++++++++++++++++++++++++++++++++++++++++++++++++++++++++++++++++++++++++++++

Design Issues Waiver Report
+++++++++++++++++++++++++++++++++++++++++++++++++++++++++++++++++++++++++++++++

Waiver comment : Created by ICer on 23-Sep-2026 02:54:17
waive -rule "Reset_sync04" 
#spg_backref : "./spyglass-1/sys_top/cdc/cdc_verify/spyglass-1_waiver_file.awl" 1

1 message(s) waived:
===============================================================================
Index    Rule         Severity File                                                               Line Wt Message
===============================================================================
[19]     Reset_sync04 Warning  /home/ICer/UART_System/rtl/DataSynch_RstSynch_PulseGen/RST_SYNCH.v 33   10 Asynchronous reset signal 'sys_top.RST' is synchronized at least twice (at 'sys_top.rx_rst_sync.n_synch[0]' and 'sys_top.tx_rst_sync.n_synch[0]') relative to clock signal 'sys_top.tx_clk'
===============================================================================

Waiver comment : Created by ICer on 23-Sep-2026 03:16:51
waive -rule "Ac_cdc01a" 
#spg_backref : "./spyglass-1/sys_top/cdc/cdc_verify/spyglass-1_waiver_file.awl" 2

1 message(s) waived:
===============================================================================
Index    Rule      Severity File                                      Line Wt Message
===============================================================================
[6C]     Ac_cdc01a Warning  /home/ICer/UART_System/rtl/FIFO/DF_SYNC.v 20   10 Fast('sys_top.REF_CLK') to slow('sys_top.tx_clk') clock crossing(from 'sys_top.FIFO_u.w_ptr[3]' to 'sys_top.FIFO_u.U2_WRptr_sync.s0[3]') detected. Data hold check:Partially-Proved
===============================================================================

Waiver comment : Created by ICer on 23-Sep-2026 03:27:36
waive -rule "Ac_clockperiod03" 
#spg_backref : "./spyglass-1/sys_top/cdc/cdc_verify/spyglass-1_waiver_file.awl" 3

1 message(s) waived:
===============================================================================
Index    Rule             Severity File Line Wt Message
===============================================================================
[69]     Ac_clockperiod03 Warning  N.A. 0    2  Design cycles for clocks 'sys_top.rx_clk,sys_top.tx_clk,sys_top.UART_CLK,sys_top.REF_CLK,VIRTUAL_RST_CLK' exceeds the threshold. Refer file: './spyglass-1/sys_top/cdc/cdc_verify/spyglass_reports/clock-reset/Ac_clockperiod03.csv' for details
===============================================================================

Waiver comment : Created by ICer on 23-Sep-2026 03:35:11  m4 3aref leh
waive -rule "Ac_datahold01a" 
#spg_backref : "./spyglass-1/sys_top/cdc/cdc_verify/spyglass-1_waiver_file.awl" 4

4 message(s) waived:
===============================================================================
Index    Rule           Severity File                                            Line Wt Message
===============================================================================
[6E]     Ac_datahold01a Warning  /home/ICer/UART_System/rtl/UART/Parity_Calc.v   18   2  Synchronized crossing: destination flop 'sys_top.UART_TX_RX.U0_UART_TX.U3.par_bit', clocked by 'sys_top.tx_clk', source flop 'sys_top.FIFO_u.U1.mem[7:0][7:0]', clocked by 'sys_top.REF_CLK'. Data-enable sequencing check: Partially-Proved
[70]     Ac_datahold01a Warning  /home/ICer/UART_System/rtl/UART/Serializer.v    27   2  Synchronized crossing: destination flop 'sys_top.UART_TX_RX.U0_UART_TX.U1.mem[7:0]', clocked by 'sys_top.tx_clk', source flop 'sys_top.FIFO_u.U1.mem[7:0][7:0]', clocked by 'sys_top.REF_CLK'. Data-enable sequencing check: Partially-Proved
[6F]     Ac_datahold01a Warning  /home/ICer/UART_System/rtl/UART/Serializer.v    49   2  Synchronized crossing: destination flop 'sys_top.UART_TX_RX.U0_UART_TX.U1.ser_data', clocked by 'sys_top.tx_clk', source flop 'sys_top.FIFO_u.U1.mem[7:0][0]', clocked by 'sys_top.REF_CLK'. Data-enable sequencing check: Partially-Proved
[6D]     Ac_datahold01a Info     ../rtl/DataSynch_RstSynch_PulseGen/DATA_SYNCH.v 35   2  Synchronized crossing: destination flop 'sys_top.Rx2SysCtrl.sync_bus[7:0]', clocked by 'sys_top.REF_CLK', source flop 'sys_top.UART_TX_RX.U0_UART_RX.U3.P_DATA[7:0]', clocked by 'sys_top.rx_clk'. Data-enable sequencing check: PASSED
===============================================================================

