
################################################################################
#
# This file has been generated by SpyGlass:
#     Report Name      : moresimple
#     Report Created by: ICer
#     Report Created on:  Mon Oct  5 03:52:12 2026
#     Working Directory: /home/ICer/UART_System/Spyglass2
#     SpyGlass Version : SpyGlass_vL-2016.06
#     Policy Name      : SpyGlass(SpyGlass_vL-2016.06)
#                        dft(SpyGlass_vL-2016.06)
#
#     Total Number of Generated Messages :         49
#     Number of Waived Messages          :          0
#     Number of Reported Messages        :         49
#     Number of Overlimit Messages       :          0
#
#
################################################################################

+++++++++++++++++++++++++++++++++++++++++++++++++++++++++++++++++++++++
MORESIMPLE REPORT:


############### BuiltIn -> RuleGroup=Command-line read ###############
+++++++++++++++++++++++++++++++++++++++++++++++++++++++++++++++++++++++++++++++++++++++
ID       Rule           Alias          Severity    File    Line    Wt    Message
======================================================================================
[1]      CMD_sglib03    SglibUnused    Info        N.A     -1      10    No Cell has been used in design from sglib file './spyglass-1/spyglass_cache/autogenerated_sglib/aggregate.sglib'
+++++++++++++++++++++++++++++++++++++++++++++++++++++++++++++++++++++++++++++++++++++++


############### BuiltIn -> RuleGroup=Design Read ###############
+++++++++++++++++++++++++++++++++++++++++++++++++++++++++++++++++++++++++++++++++++++++
ID       Rule                    Alias                   Severity    File                                                                                  Line    Wt    Message
======================================================================================
[2]      DetectTopDesignUnits    DetectTopDesignUnits    Info        ../rtl/System_Top/SYS_TOP_dft.v                                                       1       2     Module sys_top is a top level design unit
[0]      ElabSummary             ElabSummary             Info        ./spyglass-1/sys_top/dft/dft_scan_ready/spyglass_reports/SpyGlass/elab_summary.rpt    0       2     Please refer file './spyglass-1/sys_top/dft/dft_scan_ready/spyglass_reports/SpyGlass/elab_summary.rpt' for elab summary report
+++++++++++++++++++++++++++++++++++++++++++++++++++++++++++++++++++++++++++++++++++++++


############### BuiltIn -> RuleGroup=SGDC Checks ###############
+++++++++++++++++++++++++++++++++++++++++++++++++++++++++++++++++++++++++++++++++++++++
ID       Rule                    Alias    Severity    File                         Line    Wt    Message
======================================================================================
[3]      SGDC_abstract_port03             Info        ../Spyglass/spy_cons.sgdc    47      10    Constraint 'abstract_port': 'VIRTUAL_RST_CL' specified with '-clock' field not found on/within module 'sys_top'.Considering it as virtual clock
+++++++++++++++++++++++++++++++++++++++++++++++++++++++++++++++++++++++++++++++++++++++


############### Non-BuiltIn -> Goal=dft/dft_scan_ready ###############
+++++++++++++++++++++++++++++++++++++++++++++++++++++++++++++++++++++++++++++++++++++++
ID       Rule                             Alias                         Severity        File                                                                                   Line    Wt    Message
======================================================================================
[47]     Async_07                         Async_03 or Scan_03           Error           ../rtl/System_Top/SYS_TOP_dft.v                                                        82      1     Async signal (Reset)[in 'sys_top'] 'sys_top.ref_rst' is not disabled for 201 flip-flop(s) in test-mode[stops at 'Multiplexer'], SPREADSHEET_PATH: 'spyglass_reports/dft/Async_07/000/Async_07_004.csv'
[48]     Async_07                         Async_03 or Scan_03           Error           ../rtl/System_Top/SYS_TOP_dft.v                                                        85      1     Async signal (Reset)[in 'sys_top'] 'sys_top.rx_rst' is not disabled for 37 flip-flop(s) in test-mode[stops at 'Multiplexer'], SPREADSHEET_PATH: 'spyglass_reports/dft/Async_07/000/Async_07_006.csv'
[49]     Async_07                         Async_03 or Scan_03           Error           ../rtl/System_Top/SYS_TOP_dft.v                                                        84      1     Async signal (Reset)[in 'sys_top'] 'sys_top.tx_rst' is not disabled for 36 flip-flop(s) in test-mode[stops at 'Multiplexer'], SPREADSHEET_PATH: 'spyglass_reports/dft/Async_07/000/Async_07_007.csv'
[4A]     Async_07                         Async_03 or Scan_03           Error           ../rtl/System_Top/SYS_TOP_dft.v                                                        83      1     Async signal (Reset)[in 'sys_top'] 'sys_top.uart_rst' is not disabled for 18 flip-flop(s) in test-mode[stops at 'Multiplexer'], SPREADSHEET_PATH: 'spyglass_reports/dft/Async_07/000/Async_07_002.csv'
[4B]     Async_07                         Async_03 or Scan_03           Error           ../rtl/System_Top/SYS_TOP_dft.v                                                        88      1     Async signal (Reset)[in 'sys_top'] 'sys_top.rst_m' is not disabled for 6 flip-flop(s) in test-mode[stops at 'Multiplexer'], SPREADSHEET_PATH: 'spyglass_reports/dft/Async_07/000/Async_07_001.csv'
[4C]     Async_07                         Async_03 or Scan_03           Error           ../rtl/System_Top/SYS_TOP_dft.v                                                        82      1     Async signal (Set)[in 'sys_top'] 'sys_top.ref_rst' is not disabled for 3 flip-flop(s) in test-mode[stops at 'Multiplexer'], SPREADSHEET_PATH: 'spyglass_reports/dft/Async_07/000/Async_07_005.csv'
[4D]     Async_07                         Async_03 or Scan_03           Error           ../rtl/System_Top/SYS_TOP_dft.v                                                        83      1     Async signal (Set)[in 'sys_top'] 'sys_top.uart_rst' is not disabled for 2 flip-flop(s) in test-mode[stops at 'Multiplexer'], SPREADSHEET_PATH: 'spyglass_reports/dft/Async_07/000/Async_07_003.csv'
[4E]     Async_07                         Async_03 or Scan_03           Error           ../rtl/System_Top/SYS_TOP_dft.v                                                        84      1     Async signal (Set)[in 'sys_top'] 'sys_top.tx_rst' is not disabled for 1 flip-flop(s) in test-mode[stops at 'Multiplexer'], SPREADSHEET_PATH: 'spyglass_reports/dft/Async_07/000/Async_07_008.csv'
[81]     Clock_11                         Clock_12                      Error           ../rtl/System_Top/SYS_TOP_dft.v                                                        27      10    Clock domain 'sys_top.clk_m_REF' [in 'sys_top'] is not controlled by any testclock in testmode (254 flipflop(s) affected)[Clock source is 'sys_top.Multiplexer'], SPREADSHEET_PATH: 'spyglass_reports/dft/Clock_11/000/Clock_11_violation_003.csv'
[82]     Clock_11                         Clock_12                      Error           ../rtl/System_Top/SYS_TOP_dft.v                                                        91      10    Clock domain 'sys_top.tx_clk' [in 'sys_top'] is not controlled by any testclock in testmode (40 flipflop(s) affected)[Clock source is 'sys_top.Multiplexer'], SPREADSHEET_PATH: 'spyglass_reports/dft/Clock_11/000/Clock_11_violation_005.csv'
[83]     Clock_11                         Clock_12                      Error           ../rtl/System_Top/SYS_TOP_dft.v                                                        92      10    Clock domain 'sys_top.rx_clk' [in 'sys_top'] is not controlled by any testclock in testmode (40 flipflop(s) affected)[Clock source is 'sys_top.Multiplexer'], SPREADSHEET_PATH: 'spyglass_reports/dft/Clock_11/000/Clock_11_violation_004.csv'
[84]     Clock_11                         Clock_12                      Error           ../rtl/System_Top/SYS_TOP_dft.v                                                        242     10    Clock domain 'sys_top.alu_cg' [in 'sys_top'] is not controlled by any testclock in testmode (17 flipflop(s) affected)[Clock source is 'sys_top.ALU_CG.GATED_CLK'], SPREADSHEET_PATH: 'spyglass_reports/dft/Clock_11/000/Clock_11_violation_002.csv'
[85]     Clock_11                         Clock_12                      Error           ../rtl/System_Top/SYS_TOP_dft.v                                                        26      10    Clock domain 'sys_top.clk_m_UART' [in 'sys_top'] is not controlled by any testclock in testmode (17 flipflop(s) affected)[Clock source is 'sys_top.Multiplexer'], SPREADSHEET_PATH: 'spyglass_reports/dft/Clock_11/000/Clock_11_violation_001.csv'
[B8]     Clock_11_capture                 Clock_11_capture              Warning         ../rtl/System_Top/SYS_TOP_dft.v                                                        27      10    Clock domain 'sys_top.clk_m_REF' [in 'sys_top'] is not controlled by any testclock in testmode (254 flipflop(s) affected)[Clock source is 'sys_top.Multiplexer'], SPREADSHEET_PATH: 'spyglass_reports/dft/Clock_11_capture/000/Clock_11_capture_violation_003.csv'
[B9]     Clock_11_capture                 Clock_11_capture              Warning         ../rtl/System_Top/SYS_TOP_dft.v                                                        91      10    Clock domain 'sys_top.tx_clk' [in 'sys_top'] is not controlled by any testclock in testmode (40 flipflop(s) affected)[Clock source is 'sys_top.Multiplexer'], SPREADSHEET_PATH: 'spyglass_reports/dft/Clock_11_capture/000/Clock_11_capture_violation_005.csv'
[BA]     Clock_11_capture                 Clock_11_capture              Warning         ../rtl/System_Top/SYS_TOP_dft.v                                                        92      10    Clock domain 'sys_top.rx_clk' [in 'sys_top'] is not controlled by any testclock in testmode (40 flipflop(s) affected)[Clock source is 'sys_top.Multiplexer'], SPREADSHEET_PATH: 'spyglass_reports/dft/Clock_11_capture/000/Clock_11_capture_violation_004.csv'
[BB]     Clock_11_capture                 Clock_11_capture              Warning         ../rtl/System_Top/SYS_TOP_dft.v                                                        242     10    Clock domain 'sys_top.alu_cg' [in 'sys_top'] is not controlled by any testclock in testmode (17 flipflop(s) affected)[Clock source is 'sys_top.ALU_CG.GATED_CLK'], SPREADSHEET_PATH: 'spyglass_reports/dft/Clock_11_capture/000/Clock_11_capture_violation_002.csv'
[BC]     Clock_11_capture                 Clock_11_capture              Warning         ../rtl/System_Top/SYS_TOP_dft.v                                                        26      10    Clock domain 'sys_top.clk_m_UART' [in 'sys_top'] is not controlled by any testclock in testmode (17 flipflop(s) affected)[Clock source is 'sys_top.Multiplexer'], SPREADSHEET_PATH: 'spyglass_reports/dft/Clock_11_capture/000/Clock_11_capture_violation_001.csv'
[4]      dftMandatory_Constraint_Check    mandatory_constraint_check    InputWarning    ./spyglass-1/sys_top/dft/dft_scan_ready/spyglass_reports/dft/dft_mandatory_sgdc.rpt    21      10    One or more mandatory constraints missing in module 'sys_top'. Please see summary report in the reported file
[239]    Coverage_audit                   showCoverageaudit             Info            ../rtl/System_Top/SYS_TOP_dft.v                                                        1       10    For Design Unit 'sys_top'[ 0. Original design], Fault-Coverage = 0.0 %, Test-Coverage = 0.0 %
[23A]    Coverage_audit                   showCoverageaudit             Info            ../rtl/System_Top/SYS_TOP_dft.v                                                        1       10    For Design Unit 'sys_top'[ 1. PIs and POs made controllable & observable], Fault-Coverage = 0.0 %, Test-Coverage = 0.0 %
[23B]    Coverage_audit                   showCoverageaudit             Info            ../rtl/System_Top/SYS_TOP_dft.v                                                        1       10    For Design Unit 'sys_top'[ 2. Flip-flops made scannable], Fault-Coverage = 99.8 %, Test-Coverage = 99.9 %
[23C]    Coverage_audit                   showCoverageaudit             Info            ../rtl/System_Top/SYS_TOP_dft.v                                                        1       10    For Design Unit 'sys_top'[ 3. Scan-wrap black boxes], Fault-Coverage = 99.8 %, Test-Coverage = 99.9 %
[23D]    Coverage_audit                   showCoverageaudit             Info            ../rtl/System_Top/SYS_TOP_dft.v                                                        1       10    For Design Unit 'sys_top'[ 4. Latches made Transparent], Fault-Coverage = 99.8 %, Test-Coverage = 99.9 %
[23E]    Coverage_audit                   showCoverageaudit             Info            ../rtl/System_Top/SYS_TOP_dft.v                                                        1       10    For Design Unit 'sys_top'[ 5. Combinational Loops made controllable], Fault-Coverage = 99.8 %, Test-Coverage = 99.9 %
[23F]    Coverage_audit                   showCoverageaudit             Info            ../rtl/System_Top/SYS_TOP_dft.v                                                        1       10    For Design Unit 'sys_top'[ 6. Testmode/Tied pins made controllable], Fault-Coverage = 99.9 %, Test-Coverage = 100.0 %
[240]    Coverage_audit                   showCoverageaudit             Info            ../rtl/System_Top/SYS_TOP_dft.v                                                        1       10    For Design Unit 'sys_top'[ 7. Hanging nets made controllable], Fault-Coverage = 99.9 %, Test-Coverage = 100.0 %
[241]    Coverage_audit                   showCoverageaudit             Info            ../rtl/System_Top/SYS_TOP_dft.v                                                        1       10    For Design Unit 'sys_top'[ 8. Tristate enables made observable], Fault-Coverage = 99.9 %, Test-Coverage = 100.0 %
[242]    Coverage_audit                   showCoverageaudit             Info            ../rtl/System_Top/SYS_TOP_dft.v                                                        1       10    For Design Unit 'sys_top'[ 9. 'force_ta' and 'test_point' constraint pins made testable], Fault-Coverage = 99.9 %, Test-Coverage = 100.0 %
[243]    Coverage_audit                   showCoverageaudit             Info            ../rtl/System_Top/SYS_TOP_dft.v                                                        1       10    For Design Unit 'sys_top'[ 10. 'no_scan' flip-flops made scannable], Fault-Coverage = 99.9 %, Test-Coverage = 100.0 %
[8]      Diagnose_testclock               showTestclockBlockInst        Info            ../rtl/System_Top/SYS_TOP_dft.v                                                        1       10    Constraint 'clock -testclock' missing in design 'sys_top'
[6]      Diagnose_testmode                showBlockInstances            Info            ../rtl/System_Top/SYS_TOP_dft.v                                                        1       10    Instances through which Shift mode signal doesn't propagate for design 'sys_top' is displayed
[7]      Diagnose_testmode                showBlockInstances            Info            ../rtl/System_Top/SYS_TOP_dft.v                                                        1       10    Instances through which Capture mode signal doesn't propagate for design 'sys_top' is displayed
[BD]     Info_DftDebugData                Info_DftDebugData             Info            ../rtl/System_Top/SYS_TOP_dft.v                                                        1       1     DFT data for design block 'sys_top'
[A]      Info_coverage                    showCoverage                  Info            ../rtl/System_Top/SYS_TOP_dft.v                                                        1       10    Stuck_at (combinational) coverage estimate for design 'sys_top': fault_coverage = 0.0% and test_coverage = 0.0%
[F]      Info_forcedScan                  Info_forcedScan               Info            ../rtl/System_Top/SYS_TOP_dft.v                                                        1       1     Constraint 'force_scan' is not specified for design 'sys_top'
[10]     Info_inferredNoScan              Info_InferredNoScan           Info            ../rtl/System_Top/SYS_TOP_dft.v                                                        1       1     No flip-flop of design 'sys_top' is inferred as no_scan
[E]      Info_noScan                      Info_noScan                   Info            ../rtl/System_Top/SYS_TOP_dft.v                                                        1       1     Constraint 'force_no_scan' is not specified for design 'sys_top'
[11]     Info_scanwrap                    scanwrap                      Info            ./spyglass-1/sys_top/dft/dft_scan_ready/spyglass_reports/dft/scan_wrap.rpt             0       10    Scanwrap constraint file './spyglass-1/sys_top/dft/dft_scan_ready/spyglass_reports/dft/scan_wrap.rpt' is generated
[12]     Info_scanwrap                    scanwrap                      Info            ../rtl/System_Top/SYS_TOP_dft.v                                                        1       10    In design 'sys_top', scan_wrap sgdc command is not supplied
[D]      Info_testclock                   showSimVal                    Info            ../rtl/System_Top/SYS_TOP_dft.v                                                        1       10    Constraint 'clock -testclock' missing in design 'sys_top'
[B]      Info_testmode                    showSimVal                    Info            ../rtl/System_Top/SYS_TOP_dft.v                                                        1       10    'Shift mode' simulation value for design 'sys_top' is displayed
[C]      Info_testmode                    showSimVal                    Info            ../rtl/System_Top/SYS_TOP_dft.v                                                        1       10    'Capture mode' simulation value for design 'sys_top' is displayed
[9]      Info_untestable                  Info_untestable               Info            ../rtl/System_Top/SYS_TOP_dft.v                                                        1       10    In design 'sys_top': '7' faults (over '7' pin(s)) are untestable
[5]      dftOptional_Constraint_Check     optional_constraint_check     Info            ./spyglass-1/sys_top/dft/dft_scan_ready/spyglass_reports/dft/dft_optional_sgdc.rpt     21      10    One or more optional constraints missing in module 'sys_top'. Please see summary report in the reported file
+++++++++++++++++++++++++++++++++++++++++++++++++++++++++++++++++++++++++++++++++++++++
