SpyGlass run started at 02:36:25 am on Oct 05 2026 

SpyGlass Predictive Analyzer(R) - Version SpyGlass_vL-2016.06
Last compiled on May 20 2016

All Rights Reserved. Use, disclosure or duplication
without prior written permission of Synopsys Inc. is prohibited.
Technical support: email spyglass_support@synopsys.com.


 Auto-compiling gates libraries

        "../System_pnr/std_cells/libs/scmetro_tsmc_cl013g_rvt_ss_1p08v_125c.lib"
        "../System_pnr/std_cells/libs/scmetro_tsmc_cl013g_rvt_tt_1p2v_25c.lib"
        "../System_pnr/std_cells/libs/scmetro_tsmc_cl013g_rvt_ff_1p32v_m40c.lib"
    to
        "./spyglass-1/spyglass_cache/autogenerated_sglib/aggregate.sglib" ...already compiled

 Using this already compiled sglib for the current run ...

Running SpyGlass 64-bit Executable: /home/synopsys/SpyGlass-L2016.06/SPYGLASS_HOME/obj/check.Linux4

RULE-CHECKING IN MIXED MODE
Loading Policy: spyglass (Version: SpyGlass_vL-2016.06) from path: /home/synopsys/SpyGlass-L2016.06/SPYGLASS_HOME/policies/spyglass
Loading Shared library libspyglassrules-Linux4.spyso from /home/synopsys/SpyGlass-L2016.06/SPYGLASS_HOME/lib/libspyglassrules-Linux4.spyso 
Loading Shared library libsdcInitRules-Linux4.spyso from /home/synopsys/SpyGlass-L2016.06/SPYGLASS_HOME/lib/libsdcInitRules-Linux4.spyso 
Loading Shared library librmerules-Linux4.spyso from /home/synopsys/SpyGlass-L2016.06/SPYGLASS_HOME/lib/librmerules-Linux4.spyso 
Loading perl file for 'dft' policy from path: /home/synopsys/SpyGlass-L2016.06/SPYGLASS_HOME/policies/dft/dft-policy.pl
Version of Policy 'dft': SpyGlass_vL-2016.06
Loading Shared library libDftRules-Linux4.spyso from /home/synopsys/SpyGlass-L2016.06/SPYGLASS_HOME/policies/dft/libDftRules-Linux4.spyso 

------------------------------------------------------
      Table of Successfully Overloaded Rules
  RuleName            Language          PolicyName
   FieldName    Original Value/Overloaded Value
------------------------------------------------------
  Async_07            Verilog+VHDL      dft
   SEVERITY:    (MsgLabel: Async_07_M1) Warning/Error

  Clock_11            Verilog+VHDL      dft
   SEVERITY:    (MsgLabel: Clock_11_M1) Warning/Error
------------------------------------------------------

##build_id : SpyGlass_vL-2016.06
##system   : Linux IC_EDA 3.10.0-1160.6.1.el7.x86_64 #1 SMP Tue Nov 17 13:59:11 UTC 2020 x86_64
##cwd      : /home/ICer/UART_System/Spyglass2
##lang     : Verilog+VHDL
##args     : -mSpyGlass::Compatibility::v2_7_3 \
             -mSpyGlass::Compatibility::v2_7_3 \
             -mSpyGlass::Compatibility::v2_7_3 \
             -top 'sys_top' \
             -lib WORK ./spyglass-1/sys_top/WORK \
             -nl \
             -policy='dft' \
             -mixed \
             -batch \
             -rules='Coverage_audit,Info_coverage,Async_07,Async_08,Clock_11,Clock_11_capture,Clock_26,Diagnose_testclock,Diagnose_testmode,Info_forcedScan,Info_inferredNoScan,Info_noScan,Info_scanwrap,Info_testclock,Info_testmode,Info_testmode_conflict_01,Info_untestable' \
             -wdir './spyglass-1/sys_top/dft/dft_scan_ready' \
             -enableSV \
             -sgdc '../Spyglass/spy_cons.sgdc' \
             -dbdir './spyglass-1/sys_top/.SG_SaveRestoreDB' \
             -gateslib '../System_pnr/std_cells/libs/scmetro_tsmc_cl013g_rvt_ss_1p08v_125c.lib' \
             -gateslib '../System_pnr/std_cells/libs/scmetro_tsmc_cl013g_rvt_tt_1p2v_25c.lib' \
             -gateslib '../System_pnr/std_cells/libs/scmetro_tsmc_cl013g_rvt_ff_1p32v_m40c.lib' \
             -templatedir '/home/synopsys/SpyGlass-L2016.06/SPYGLASS_HOME/GuideWare/latest/block/rtl_handoff' \
             --goal_info 'dft/dft_scan_ready@' \
             --template_info 'dft/dft_scan_ready' \
             -overloadrules 'Async_07+msgLabel=Async_07_M1+severity=Error,Clock_11+msgLabel=Clock_11_M1+severity=Error' \
             -projectwdir './spyglass-1' \
             -enable_save_restore \
             -enable_save_restore_builtin 'true' \
             -64bit  \
             ../rtl/UART/Package.sv \
             ../rtl/UART/Serializer.v \
             ../rtl/UART/Stp_Chk.v \
             ../rtl/UART/Strt_Chk.v \
             ../rtl/UART/TX_FSM.sv \
             ../rtl/UART/TX_TOP.sv \
             ../rtl/UART/UART.v \
             ../rtl/UART/UART_RX.sv \
             ../rtl/UART/Data_Sampling.v \
             ../rtl/UART/DATA_SYNC.v \
             ../rtl/UART/DeSerializer.v \
             ../rtl/UART/Edge_Bit_Counter.v \
             ../rtl/UART/MUX.sv \
             ../rtl/UART/Parity_Calc.v \
             ../rtl/UART/Parity_Chk.v \
             ../rtl/UART/RX_FSM.sv \
             ../rtl/ALU/ALU.v \
             ../rtl/ClkDiv_ClkGate/Clk_divider.sv \
             ../rtl/ClkDiv_ClkGate/CLK_GATE.v \
             ../rtl/DataSynch_RstSynch_PulseGen/DATA_SYNCH.v \
             ../rtl/DataSynch_RstSynch_PulseGen/PULSE_GEN.v \
             ../rtl/DataSynch_RstSynch_PulseGen/RST_SYNCH.v \
             ../rtl/FIFO/Async_FIFO.v \
             ../rtl/FIFO/DF_SYNC.v \
             ../rtl/FIFO/FIFO_MEM_CNTRL.v \
             ../rtl/FIFO/FIFO_RD.v \
             ../rtl/FIFO/FIFO_WR.v \
             ../rtl/SYS_Control_RegisterFile/Register.v \
             ../rtl/SYS_Control_RegisterFile/SYS_CTRL.sv \
             ../rtl/System_Top/SYS_TOP_dft.v

##verbosity level   : 2
##exact cmdline arg : -batch -project spyglass-1.prj -goal dft/dft_scan_ready -64bit
##spyglass_run.csh begins :
;	cd /home/ICer/UART_System/Spyglass2
;	setenv SPYGLASS_LD_PRELOAD /home/synopsys/SpyGlass-L2016.06/SPYGLASS_HOME/lib/libsgjemalloc-Linux4.so
;	setenv SPYGLASS_DW_PATH /home/synopsys/SpyGlass-L2016.06/SPYGLASS_HOME/dw_support
;	/home/synopsys/SpyGlass-L2016.06/SPYGLASS_HOME/bin/spyglass  -batch -project spyglass-1.prj -goal dft/dft_scan_ready -64bit
##spyglass_run.csh ends
##files    : ../rtl/UART/Package.sv \
             ../rtl/UART/Serializer.v \
             ../rtl/UART/Stp_Chk.v \
             ../rtl/UART/Strt_Chk.v \
             ../rtl/UART/TX_FSM.sv \
             ../rtl/UART/TX_TOP.sv \
             ../rtl/UART/UART.v \
             ../rtl/UART/UART_RX.sv \
             ../rtl/UART/Data_Sampling.v \
             ../rtl/UART/DATA_SYNC.v \
             ../rtl/UART/DeSerializer.v \
             ../rtl/UART/Edge_Bit_Counter.v \
             ../rtl/UART/MUX.sv \
             ../rtl/UART/Parity_Calc.v \
             ../rtl/UART/Parity_Chk.v \
             ../rtl/UART/RX_FSM.sv \
             ../rtl/ALU/ALU.v \
             ../rtl/ClkDiv_ClkGate/Clk_divider.sv \
             ../rtl/ClkDiv_ClkGate/CLK_GATE.v \
             ../rtl/DataSynch_RstSynch_PulseGen/DATA_SYNCH.v \
             ../rtl/DataSynch_RstSynch_PulseGen/PULSE_GEN.v \
             ../rtl/DataSynch_RstSynch_PulseGen/RST_SYNCH.v \
             ../rtl/FIFO/Async_FIFO.v \
             ../rtl/FIFO/DF_SYNC.v \
             ../rtl/FIFO/FIFO_MEM_CNTRL.v \
             ../rtl/FIFO/FIFO_RD.v \
             ../rtl/FIFO/FIFO_WR.v \
             ../rtl/SYS_Control_RegisterFile/Register.v \
             ../rtl/SYS_Control_RegisterFile/SYS_CTRL.sv \
             ../rtl/System_Top/SYS_TOP_dft.v

 Reading sgdc file "../Spyglass/spy_cons.sgdc" ...
Performing unification checks on SGDC... done
Reading specified sglib files(s) ....
   Processing library: 'scmetro_tsmc_cl013g_rvt_ss_1p08v_125c' .... done
   Processing library: 'scmetro_tsmc_cl013g_rvt_tt_1p2v_25c' .... done
   Processing library: 'scmetro_tsmc_cl013g_rvt_ff_1p32v_m40c' .... done
Checking Rule AutoGenerateSglib (Rule 1 of total 171) .... done (Time = 0.00s, Memory = 0.0K)

INFO [76]    Using `./spyglass-1/sys_top/WORK/64' as the Work Directory for 64bit precompiled dump.
Checking Rule PrecompileLibCheck01 (Rule 2 of total 171) .... done (Time = 0.00s, Memory = 0.0K)
Checking Rule PrecompileLibCheck02 (Rule 3 of total 171) .... done (Time = 0.00s, Memory = 0.0K)
Checking Rule PrecompileLibCheck03 (Rule 4 of total 171) .... done (Time = 0.00s, Memory = -11.2K)
Checking Rule PrecompileLibCheck04 (Rule 5 of total 171) .... done (Time = 0.00s, Memory = 0.0K)
Checking Rule ElabSummary (Rule 6 of total 171)##FILEDEBUG[sgOpenFile]: Opening File './spyglass-1/sys_top/dft/dft_scan_ready/spyglass_reports/SpyGlass/elab_summary.rpt' in "w" mode ...
 .... done (Time = 0.00s, Memory = 0.0K)
Checking Rule ReportSglibVersionSummary (Rule 7 of total 171) .... done (Time = 0.00s, Memory = 0.0K)
Checking Rule SGDC_assume_path01 (Rule 8 of total 171) .... done (Time = 0.00s, Memory = 0.0K)
Checking Rule SGDC_sdcschema02 (Rule 9 of total 171) .... done (Time = 0.00s, Memory = 0.1K)
Checking Rule SGDC_clock05 (Rule 10 of total 171) .... done (Time = 0.00s, Memory = 25.5K)
Checking Rule SGDC_clock09 (Rule 11 of total 171) .... done (Time = 0.00s, Memory = -8.0K)
Checking Rule SGDC_force_ta05 (Rule 12 of total 171) .... done (Time = 0.00s, Memory = 0.0K)
Checking Rule SGDC_require_path03 (Rule 13 of total 171) .... done (Time = 0.00s, Memory = -12.0K)
Checking Rule SGDC_require_value03 (Rule 14 of total 171) .... done (Time = 0.00s, Memory = 7.5K)
Checking Rule SGDC_voltagedomain05 (Rule 15 of total 171) .... done (Time = 0.00s, Memory = 7.5K)
Checking Rule SGDC_voltagedomain06 (Rule 16 of total 171) .... done (Time = 0.00s, Memory = 0.0K)
Checking Rule SGDC_voltagedomain07 (Rule 17 of total 171) .... done (Time = 0.00s, Memory = 0.0K)
Checking Rule SGDC_powerdomainoutputs02 (Rule 18 of total 171) .... done (Time = 0.00s, Memory = 3.1K)
Checking Rule SGDC_supply01 (Rule 19 of total 171) .... done (Time = 0.00s, Memory = 7.5K)
Checking Rule SGDC_waive01 (Rule 20 of total 171) .... done (Time = 0.00s, Memory = 0.0K)
Checking Rule SGDC_waive02 (Rule 21 of total 171) .... done (Time = 0.00s, Memory = 0.0K)
Checking Rule SGDC_waive03 (Rule 22 of total 171) .... done (Time = 0.00s, Memory = 0.0K)
Checking Rule SGDC_waive04 (Rule 23 of total 171) .... done (Time = 0.00s, Memory = 0.0K)
Checking Rule SGDC_waive05 (Rule 24 of total 171) .... done (Time = 0.00s, Memory = 0.0K)
Checking Rule SGDC_waive06 (Rule 25 of total 171) .... done (Time = 0.00s, Memory = 0.0K)
Checking Rule SGDC_waive07 (Rule 26 of total 171) .... done (Time = 0.00s, Memory = 0.0K)
Checking Rule SGDC_waive08 (Rule 27 of total 171) .... done (Time = 0.00s, Memory = 0.0K)
Checking Rule SGDC_waive09 (Rule 28 of total 171) .... done (Time = 0.00s, Memory = 6.0K)
Checking Rule SGDC_waive10 (Rule 29 of total 171) .... done (Time = 0.00s, Memory = 0.0K)
Checking Rule SGDC_waive11 (Rule 30 of total 171) .... done (Time = 0.00s, Memory = 0.0K)
Checking Rule SGDC_waive12 (Rule 31 of total 171) .... done (Time = 0.00s, Memory = 1.6K)
Checking Rule SGDC_waive13 (Rule 32 of total 171) .... done (Time = 0.00s, Memory = 0.0K)
Checking Rule SGDC_waive21 (Rule 33 of total 171) .... done (Time = 0.00s, Memory = 0.8K)
Checking Rule SGDC_waive22 (Rule 34 of total 171) .... done (Time = 0.00s, Memory = 0.0K)
Checking Rule SGDC_waive30 (Rule 35 of total 171) .... done (Time = 0.00s, Memory = 1.3K)
Checking Rule SGDC_waive32 (Rule 36 of total 171) .... done (Time = 0.00s, Memory = 0.1K)
Checking Rule SGDC_waive33 (Rule 37 of total 171) .... done (Time = 0.00s, Memory = 0.1K)
Checking Rule SGDC_waive36 (Rule 38 of total 171) .... done (Time = 0.00s, Memory = 0.0K)
Checking Rule SGDC_waive38 (Rule 39 of total 171) .... done (Time = 0.00s, Memory = 0.0K)
Checking Rule SGDC_fifo01 (Rule 40 of total 171) .... done (Time = 0.00s, Memory = 7.5K)
Checking Rule SGDC_libgroup01 (Rule 41 of total 171) .... done (Time = 0.00s, Memory = 0.0K)
Checking Rule SGDC_libgroup02 (Rule 42 of total 171) .... done (Time = 0.00s, Memory = 0.0K)
Checking Rule SGDC_libgroup04 (Rule 43 of total 171) .... done (Time = 0.00s, Memory = 7.5K)
Checking Rule SGDC_power_data01 (Rule 44 of total 171) .... done (Time = 0.00s, Memory = 0.0K)
Checking Rule SGDC_ungroup01 (Rule 45 of total 171) .... done (Time = 0.00s, Memory = 6.8K)
Checking Rule SGDC_abstract_port06 (Rule 46 of total 171) .... done (Time = 0.00s, Memory = 0.0K)
Checking Rule SGDC_abstract_port14 (Rule 47 of total 171) .... done (Time = 0.00s, Memory = 7.5K)
Checking Rule SGDC_abstract_port15 (Rule 48 of total 171) .... done (Time = 0.00s, Memory = 32.0K)
Checking Rule SGDC_abstract_port18 (Rule 49 of total 171) .... done (Time = 0.00s, Memory = 7.5K)
Checking Rule sdc_init_rule (Rule 50 of total 171) .... done (Time = 0.00s, Memory = 0.6K)
Checking Rule CMD_ignorelibs01 (Rule 51 of total 171) .... done (Time = 0.00s, Memory = 0.0K)
Checking Rule ReportRuleNotRun (Rule 52 of total 171) .... done (Time = 0.00s, Memory = 8.0K)
Checking Rule dftSetup (Rule 53 of total 171) .... done (Time = 0.01s, Memory = 216.3K)
Checking Rule dftSGDCSTX_073 (Rule 54 of total 171) .... done (Time = 0.00s, Memory = 5.9K)
Checking Rule dftSGDCSTX_058 (Rule 55 of total 171) .... done (Time = 0.00s, Memory = 0.1K)
Checking Rule dftCumulativeFaultStatusFileCheck (Rule 56 of total 171) .... done (Time = 0.00s, Memory = 0.1K)
Checking Rule dftSGDCSTX_051 (Rule 57 of total 171) .... done (Time = 0.00s, Memory = 0.0K)
Checking Rule dftSGDCSTX_053 (Rule 58 of total 171) .... done (Time = 0.00s, Memory = 0.0K)
Checking Rule dftSGDCSTX_054 (Rule 59 of total 171) .... done (Time = 0.00s, Memory = 0.0K)
Checking Rule dftSGDCSTX_055 (Rule 60 of total 171) .... done (Time = 0.00s, Memory = 0.0K)
Checking Rule dftSGDCSTX_072 (Rule 61 of total 171) .... done (Time = 0.00s, Memory = 0.0K)
Checking Rule dftSGDCSTX_074 (Rule 62 of total 171) .... done (Time = 0.00s, Memory = 0.0K)
Checking Rule dftSGDCSTX_076 (Rule 63 of total 171) .... done (Time = 0.00s, Memory = 0.0K)
Checking Rule dftSGDCSTX_077 (Rule 64 of total 171) .... done (Time = 0.00s, Memory = -1.8K)
Checking Rule dftSGDCSTX_078 (Rule 65 of total 171) .... done (Time = 0.00s, Memory = 0.0K)
Checking Rule dftSGDCSTX_075 (Rule 66 of total 171) .... done (Time = 0.00s, Memory = 0.0K)
Checking Rule dftParamCheck_01 (Rule 67 of total 171) .... done (Time = 0.00s, Memory = 0.0K)
 Reading waiver file "./spyglass-1/sys_top/dft/dft_scan_ready/spyglass_spysch/waiver/pragma2Waiver.swl" ...
 Reading included SGDC file "./spyglass-1/sys_top/dft/dft_scan_ready/spyglass_spysch/waiver/pragma2Waiver_varfile.swl" ....
Checking Rule ReportStopSummary (Rule 68 of total 171) .... done (Time = 0.00s, Memory = 0.0K)
Checking Rule ReportIgnoreSummary (Rule 69 of total 171) .... done (Time = 0.00s, Memory = 0.0K)
##SGDEBUG [BENCHMARK_ABSOLUTE]: Restoring NOM started: 2 sec, 1162214 KB, 3093064 KB
##SGDEBUG [BENCHMARK_INCR]: Restoring NOM started: 2 sec, 1162214 KB, 3093064 KB

INFO [235]    Restoring design database from directory './spyglass-1/sys_top/.SG_SaveRestoreDB/autogenerated__default_snapshot' ...
              done

##SGDEBUG [BENCHMARK_ABSOLUTE]: Restoring NOM completed: 2 sec, 1199319 KB, 3129928 KB
##SGDEBUG [BENCHMARK_INCR]: Restoring NOM completed: 0 sec, 37105 KB, 36864 KB
     (Memory Used = 37104.8K(incr), 1199319.5K(tot), Cpu Time = 0.01s(incr))
Checking Rule InferBlackBox (Rule 70 of total 171) .... done (Time = 0.00s, Memory = 0.0K)
##SGDEBUG [BENCHMARK_DATA]: Number of NOM Modules = 28
##SGDEBUG [BENCHMARK_DATA]: Number of NOM Instances = 1274
##SGDEBUG [BENCHMARK_DATA]: Number of NOM Nets = 2110
##SGDEBUG [BENCHMARK_DATA]: Number of NOM Terminals = 6154
##SGDEBUG [BENCHMARK_DATA]: Number of NOM Instances per Module (max and avg) = 235, 45
##SGDEBUG [BENCHMARK_ABSOLUTE]: Restoring SDE Data started: 2 sec, 1201670 KB, 3130184 KB
##SGDEBUG [BENCHMARK_INCR]: Restoring SDE Data started: 0 sec, 2351 KB, 256 KB
##SGDEBUG [BENCHMARK_ABSOLUTE]: Restoring SDE Data completed: 2 sec, 1202014 KB, 3130184 KB
##SGDEBUG [BENCHMARK_INCR]: Restoring SDE Data completed: 0 sec, 344 KB, 0 KB
     (Memory Used = 343.7K(incr), 1202014.4K(tot), Cpu Time = 0.00s(incr))
Checking Rule SGDC_waive37 (Rule 71 of total 171) .... done (Time = 0.00s, Memory = 0.0K)
Checking Rule SGDC_waive24 (Rule 72 of total 171) .... done (Time = 0.00s, Memory = 0.0K)
Checking Rule SGDC_waive25 (Rule 73 of total 171) .... done (Time = 0.00s, Memory = 0.0K)
Checking Rule SGDC_waive31 (Rule 74 of total 171) .... done (Time = 0.00s, Memory = 0.0K)
Checking Rule SGDC_waive35 (Rule 75 of total 171) .... done (Time = 0.00s, Memory = 0.0K)
Checking Rule ReportSglibSummary (Rule 76 of total 171) .... done (Time = 0.00s, Memory = -8.0K)
Checking Rule DetectTopDesignUnits (Rule 77 of total 171) Detected 1 top level design units: 
     sys_top
 .... done (Time = 0.00s, Memory = 3.8K)
Checking Rule GenerateConfMap (Rule 78 of total 171) .... done (Time = 0.00s, Memory = 0.0K)
Performing semantic checks on SGDC contents
..... SGDC semantic checks completed. (Time = 0.00s, Memory = 112.3K)
Checking Rule SGDC_testmode03 (Rule 79 of total 171) .... done (Time = 0.00s, Memory = 0.0K)
Checking Rule CheckCelldefine (Rule 80 of total 171) .... done (Time = 0.00s, Memory = 0.0K)
Checking Rule checkSGDC_01 (Rule 81 of total 171) .... done (Time = 0.00s, Memory = 0.0K)
Checking Rule checkSGDC_03 (Rule 82 of total 171) .... done (Time = 0.00s, Memory = 0.0K)
Checking Rule checkSGDC_08 (Rule 83 of total 171) .... done (Time = 0.00s, Memory = 0.0K)
Checking Rule SGDC_memorywritepin04 (Rule 84 of total 171) .... done (Time = 0.00s, Memory = -2.5K)
Checking Rule SGDC_reset02 (Rule 85 of total 171) .... done (Time = 0.00s, Memory = 0.4K)
Checking Rule SGDC_reset03 (Rule 86 of total 171) .... done (Time = 0.00s, Memory = 7.8K)
Checking Rule SGDC_waive23 (Rule 87 of total 171) .... done (Time = 0.00s, Memory = -0.2K)
Checking Rule SGDC_waive26 (Rule 88 of total 171) .... done (Time = 0.00s, Memory = 0.3K)
Checking Rule SGDC_waive27 (Rule 89 of total 171) .... done (Time = 0.00s, Memory = 0.0K)
Checking Rule SGDC_waive29 (Rule 90 of total 171) .... done (Time = 0.00s, Memory = 0.0K)
Checking Rule SGDC_libgroup03 (Rule 91 of total 171) .... done (Time = 0.00s, Memory = 0.0K)
Checking Rule SGDC_ungroup02 (Rule 92 of total 171) .... done (Time = 0.00s, Memory = 1.5K)
Checking Rule _abstractPortSGDC (Rule 93 of total 171) .... done (Time = 0.00s, Memory = 7.0K)
Checking Rule SGDC_abstract_port03 (Rule 94 of total 171) .... done (Time = 0.00s, Memory = 0.0K)
Checking Rule SGDC_abstract_port04 (Rule 95 of total 171) .... done (Time = 0.00s, Memory = 0.0K)
Checking Rule SGDC_abstract_port05 (Rule 96 of total 171) .... done (Time = 0.00s, Memory = 0.0K)
Checking Rule SGDC_abstract_port07 (Rule 97 of total 171) .... done (Time = 0.00s, Memory = 0.0K)
Checking Rule SGDC_abstract_port08 (Rule 98 of total 171) .... done (Time = 0.00s, Memory = 0.8K)
Checking Rule SGDC_abstract_port10 (Rule 99 of total 171) .... done (Time = 0.00s, Memory = 0.0K)
Checking Rule SGDC_abstract_port11 (Rule 100 of total 171) .... done (Time = 0.00s, Memory = 0.0K)
Checking Rule SGDC_abstract_port12 (Rule 101 of total 171) .... done (Time = 0.00s, Memory = 0.9K)
Checking Rule SGDC_abstract_port13 (Rule 102 of total 171) .... done (Time = 0.00s, Memory = 0.0K)
Checking Rule ReportUngroup (Rule 103 of total 171) .... done (Time = 0.00s, Memory = 0.0K)
Checking Rule SGDC_abstract_port21 (Rule 104 of total 171) .... done (Time = 0.00s, Memory = 0.0K)
Checking Rule dftMandatory_Constraint_Check (Rule 105 of total 171)##FILEDEBUG[sgOpenFile]: Opening File './spyglass-1/sys_top/dft/dft_scan_ready/spyglass_reports/dft/dft_mandatory_sgdc.rpt' in "a" mode ...
##FILEDEBUG[sgCloseFile]: File './spyglass-1/sys_top/dft/dft_scan_ready/spyglass_reports/dft/dft_mandatory_sgdc.rpt' closed.
 .... done (Time = 0.06s, Memory = -30.7K)
Checking Rule dftOptional_Constraint_Check (Rule 106 of total 171)##FILEDEBUG[sgOpenFile]: Opening File './spyglass-1/sys_top/dft/dft_scan_ready/spyglass_reports/dft/dft_optional_sgdc.rpt' in "a" mode ...
##FILEDEBUG[sgCloseFile]: File './spyglass-1/sys_top/dft/dft_scan_ready/spyglass_reports/dft/dft_optional_sgdc.rpt' closed.
 .... done (Time = 0.05s, Memory = 1.0K)
Checking Rule dftVSTOPDUSetUp (Rule 107 of total 171) .... done (Time = 0.00s, Memory = 16.5K)
Checking Rule dftVSTOPDUExit (Rule 108 of total 171) .... done (Time = 0.00s, Memory = 0.0K)
##SGDEBUG [BENCHMARK_ABSOLUTE]: VS rule checking finished...: 2 sec, 1205170 KB, 3133256 KB
##SGDEBUG [BENCHMARK_INCR]: VS rule checking finished...: 0 sec, 3156 KB, 3072 KB
##SGDEBUG [BENCHMARK_ABSOLUTE]: Flattening started: 2 sec, 1206690 KB, 3134536 KB
##SGDEBUG [BENCHMARK_INCR]: Flattening started: 0 sec, 1520 KB, 1280 KB
 Flattening sys_top (.lib instances separately flattened) ....
     (Memory Used = 1687.6K(incr), 1208378.2K(tot), Cpu Time = 0.01s(incr))
 Flattening completed
##SGDEBUG [BENCHMARK_DATA]: Number of Flat Instances = 1326
##SGDEBUG [BENCHMARK_DATA]: Number of Flat Nets = 1564
##SGDEBUG [BENCHMARK_DATA]: Number of Flat Terms = 5639
##SGDEBUG [BENCHMARK_DATA]: Number of Flat Paths = 33
##SGDEBUG [BENCHMARK_DATA]: Number of Flat Ports = 19
##SGDEBUG [BENCHMARK_DATA]: Number of Black-Box Instances = 0
##SGDEBUG [BENCHMARK_DATA]: Number of Lib Instances = 0
##SGDEBUG [BENCHMARK_DATA]: Number of ILM Instances = 0
##SGDEBUG [BENCHMARK_DATA]: Number of PRD Instances = 3
##SGDEBUG [BENCHMARK_ABSOLUTE]: Flattening finished: 3 sec, 1208378 KB, 3136072 KB
##SGDEBUG [BENCHMARK_INCR]: Flattening finished: 1 sec, 1688 KB, 1536 KB
Checking Rule SGDC_set_case_analysis_LC (Rule 109 of total 171) .... done (Time = 0.01s, Memory = 1053.1K)
Checking Rule dftSGDCSTX_059 (Rule 110 of total 171) .... done (Time = 0.00s, Memory = 26.8K)
Checking Rule dftSGDCSTX_060 (Rule 111 of total 171) .... done (Time = 0.00s, Memory = 0.0K)
Checking Rule dftSGDCSTX_061 (Rule 112 of total 171) .... done (Time = 0.00s, Memory = -8.0K)
Checking Rule dftSGDCSTX_069 (Rule 113 of total 171) .... done (Time = 0.00s, Memory = 8.0K)
Checking Rule dftFLATDU_RFSetUp (Rule 114 of total 171) .... done (Time = 0.01s, Memory = 1007.3K)
Checking Rule dftSGDCSTX_057 (Rule 115 of total 171) .... done (Time = 0.00s, Memory = 0.0K)
Checking Rule dftUserMacroSanityCheck_01 (Rule 116 of total 171) .... done (Time = 0.00s, Memory = 0.0K)
Checking Rule dftSGDCSTX_064 (Rule 117 of total 171) .... done (Time = 0.00s, Memory = 0.0K)
Checking Rule dftSGDCSTX_070 (Rule 118 of total 171) .... done (Time = 0.00s, Memory = 0.0K)
Checking Rule dftSGDCSTX_071 (Rule 119 of total 171) .... done (Time = 0.00s, Memory = -4.0K)
Checking Rule Diagnose_ScanChain (Rule 120 of total 171) .... done (Time = 0.00s, Memory = 0.2K)
Checking Rule Diagnose_testmode (Rule 121 of total 171) .... done (Time = 0.00s, Memory = -1.9K)
Checking Rule Diagnose_testclock (Rule 122 of total 171) .... done (Time = 0.00s, Memory = 0.0K)
Checking Rule Info_untestable (Rule 123 of total 171) .... done (Time = 0.02s, Memory = 38.1K)
Checking Rule Info_coverage (Rule 124 of total 171)##FILEDEBUG[sgOpenFile]: Opening File './spyglass-1/sys_top/dft/dft_scan_ready/spyglass_reports/dft/stuck_at_coverage.rpt' in "w" mode ...
##FILEDEBUG[sgOpenFile]: Opening File './spyglass-1/sys_top/dft/dft_scan_ready/spyglass_spysch/dft/dftCoverageForGui.rpt' in "w" mode ...
##FILEDEBUG[sgCloseFile]: File './spyglass-1/sys_top/dft/dft_scan_ready/spyglass_reports/dft/stuck_at_coverage.rpt' closed.
##FILEDEBUG[sgCloseFile]: File './spyglass-1/sys_top/dft/dft_scan_ready/spyglass_spysch/dft/dftCoverageForGui.rpt' closed.
##FILEDEBUG[sgOpenFile]: Opening File './spyglass-1/sys_top/dft/dft_scan_ready/spyglass_spysch/dft/UndetectedFaults' in "a" mode ...
##FILEDEBUG[sgCloseFile]: File './spyglass-1/sys_top/dft/dft_scan_ready/spyglass_spysch/dft/UndetectedFaults' closed.
 .... done (Time = 0.03s, Memory = 5.6K)
Checking Rule Info_testmode (Rule 125 of total 171) .... done (Time = 0.00s, Memory = -1.2K)
Checking Rule Info_testmode_conflict_01 (Rule 126 of total 171) .... done (Time = 0.00s, Memory = 8.3K)
Checking Rule Info_testclock (Rule 127 of total 171) .... done (Time = 0.00s, Memory = 4.7K)
Checking Rule Info_noScan (Rule 128 of total 171)##FILEDEBUG[sgOpenFile]: Opening File './spyglass-1/sys_top/dft/dft_scan_ready/spyglass_reports/dft/no_scan.rpt' in "a" mode ...
##FILEDEBUG[sgCloseFile]: File './spyglass-1/sys_top/dft/dft_scan_ready/spyglass_reports/dft/no_scan.rpt' closed.
 .... done (Time = 0.00s, Memory = 22.7K)
Checking Rule Info_forcedScan (Rule 129 of total 171)##FILEDEBUG[sgOpenFile]: Opening File './spyglass-1/sys_top/dft/dft_scan_ready/spyglass_reports/dft/forced_scan.rpt' in "a" mode ...
##FILEDEBUG[sgCloseFile]: File './spyglass-1/sys_top/dft/dft_scan_ready/spyglass_reports/dft/forced_scan.rpt' closed.
 .... done (Time = 0.00s, Memory = -0.5K)
Checking Rule Info_inferredNoScan (Rule 130 of total 171) .... done (Time = 0.00s, Memory = -23.1K)
Checking Rule Info_scanwrap (Rule 131 of total 171)##FILEDEBUG[sgOpenFile]: Opening File './spyglass-1/sys_top/dft/dft_scan_ready/spyglass_reports/dft/scan_wrap.rpt' in "a" mode ...
##FILEDEBUG[sgCloseFile]: File './spyglass-1/sys_top/dft/dft_scan_ready/spyglass_reports/dft/scan_wrap.rpt' closed.
 .... done (Time = 0.05s, Memory = 0.0K)
Checking Rule Async_07 (Rule 132 of total 171)##FILEDEBUG[sgOpenFile]: Opening File './spyglass-1/sys_top/dft/dft_scan_ready/spyglass_reports/dft/dft_corrective_sgdc.rpt' in "a" mode ...
##FILEDEBUG[sgCloseFile]: File './spyglass-1/sys_top/dft/dft_scan_ready/spyglass_reports/dft/Async_07/000/Async_07_004.csv' closed.
##FILEDEBUG[sgCloseFile]: File './spyglass-1/sys_top/dft/dft_scan_ready/spyglass_reports/dft/Async_07/000/Async_07_006.csv' closed.
##FILEDEBUG[sgCloseFile]: File './spyglass-1/sys_top/dft/dft_scan_ready/spyglass_reports/dft/Async_07/000/Async_07_007.csv' closed.
##FILEDEBUG[sgCloseFile]: File './spyglass-1/sys_top/dft/dft_scan_ready/spyglass_reports/dft/Async_07/000/Async_07_002.csv' closed.
##FILEDEBUG[sgCloseFile]: File './spyglass-1/sys_top/dft/dft_scan_ready/spyglass_reports/dft/Async_07/000/Async_07_001.csv' closed.
##FILEDEBUG[sgCloseFile]: File './spyglass-1/sys_top/dft/dft_scan_ready/spyglass_reports/dft/Async_07/000/Async_07_005.csv' closed.
##FILEDEBUG[sgCloseFile]: File './spyglass-1/sys_top/dft/dft_scan_ready/spyglass_reports/dft/Async_07/000/Async_07_003.csv' closed.
##FILEDEBUG[sgCloseFile]: File './spyglass-1/sys_top/dft/dft_scan_ready/spyglass_reports/dft/Async_07/000/Async_07_008.csv' closed.
##FILEDEBUG[sgCloseFile]: File './spyglass-1/sys_top/dft/dft_scan_ready/spyglass_reports/dft/dft_corrective_sgdc.rpt' closed.
 .... done (Time = 0.06s, Memory = 75.3K)
Checking Rule Async_08 (Rule 133 of total 171)##FILEDEBUG[sgOpenFile]: Opening File './spyglass-1/sys_top/dft/dft_scan_ready/spyglass_reports/dft/dft_corrective_sgdc.rpt' in "a" mode ...
##FILEDEBUG[sgCloseFile]: File './spyglass-1/sys_top/dft/dft_scan_ready/spyglass_reports/dft/dft_corrective_sgdc.rpt' closed.
 .... done (Time = 0.03s, Memory = -0.4K)
Checking Rule Clock_11 (Rule 134 of total 171)##FILEDEBUG[sgOpenFile]: Opening File './spyglass-1/sys_top/dft/dft_scan_ready/spyglass_reports/dft/dft_corrective_sgdc.rpt' in "a" mode ...
##FILEDEBUG[sgCloseFile]: File './spyglass-1/sys_top/dft/dft_scan_ready/spyglass_reports/dft/Clock_11/000/Clock_11_violation_003.csv' closed.
##FILEDEBUG[sgCloseFile]: File './spyglass-1/sys_top/dft/dft_scan_ready/spyglass_reports/dft/Clock_11/000/Clock_11_violation_005.csv' closed.
##FILEDEBUG[sgCloseFile]: File './spyglass-1/sys_top/dft/dft_scan_ready/spyglass_reports/dft/Clock_11/000/Clock_11_violation_004.csv' closed.
##FILEDEBUG[sgCloseFile]: File './spyglass-1/sys_top/dft/dft_scan_ready/spyglass_reports/dft/Clock_11/000/Clock_11_violation_002.csv' closed.
##FILEDEBUG[sgCloseFile]: File './spyglass-1/sys_top/dft/dft_scan_ready/spyglass_reports/dft/Clock_11/000/Clock_11_violation_001.csv' closed.
##FILEDEBUG[sgCloseFile]: File './spyglass-1/sys_top/dft/dft_scan_ready/spyglass_reports/dft/dft_corrective_sgdc.rpt' closed.
 .... done (Time = 0.06s, Memory = 517.3K)
Checking Rule Clock_11_capture (Rule 135 of total 171)##FILEDEBUG[sgCloseFile]: File './spyglass-1/sys_top/dft/dft_scan_ready/spyglass_reports/dft/Clock_11_capture/000/Clock_11_capture_violation_003.csv' closed.
##FILEDEBUG[sgCloseFile]: File './spyglass-1/sys_top/dft/dft_scan_ready/spyglass_reports/dft/Clock_11_capture/000/Clock_11_capture_violation_005.csv' closed.
##FILEDEBUG[sgCloseFile]: File './spyglass-1/sys_top/dft/dft_scan_ready/spyglass_reports/dft/Clock_11_capture/000/Clock_11_capture_violation_004.csv' closed.
##FILEDEBUG[sgCloseFile]: File './spyglass-1/sys_top/dft/dft_scan_ready/spyglass_reports/dft/Clock_11_capture/000/Clock_11_capture_violation_002.csv' closed.
##FILEDEBUG[sgCloseFile]: File './spyglass-1/sys_top/dft/dft_scan_ready/spyglass_reports/dft/Clock_11_capture/000/Clock_11_capture_violation_001.csv' closed.
 .... done (Time = 0.00s, Memory = 0.2K)
Checking Rule Clock_26 (Rule 136 of total 171) .... done (Time = 0.00s, Memory = 1.0K)
Checking Rule Info_DftDebugData (Rule 137 of total 171)##FILEDEBUG[sgOpenFile]: Opening File './spyglass-1/sys_top/dft/dft_scan_ready/spyglass_spysch/dft/auto_run_cmds' in "a" mode ...
##FILEDEBUG[sgCloseFile]: File './spyglass-1/sys_top/dft/dft_scan_ready/spyglass_spysch/dft/auto_run_cmds' closed.
##FILEDEBUG[sgCloseFile]: File './spyglass-1/sys_top/dft/dft_scan_ready/spyglass_reports/dft/dft_data/dft_data_01.csv' closed.
##FILEDEBUG[sgCloseFile]: File './spyglass-1/sys_top/dft/dft_scan_ready/spyglass_reports/dft/dft_data/dft_data_02.csv' closed.
##FILEDEBUG[sgCloseFile]: File './spyglass-1/sys_top/dft/dft_scan_ready/spyglass_reports/dft/dft_data/dft_data_01.csv' closed.
##FILEDEBUG[sgCloseFile]: File './spyglass-1/sys_top/dft/dft_scan_ready/spyglass_reports/dft/dft_data/dft_data_03.csv' closed.
##FILEDEBUG[sgCloseFile]: File './spyglass-1/sys_top/dft/dft_scan_ready/spyglass_reports/dft/dft_data/dft_data_01.csv' closed.
##FILEDEBUG[sgCloseFile]: File './spyglass-1/sys_top/dft/dft_scan_ready/spyglass_reports/dft/dft_data/dft_data_04.csv' closed.
##FILEDEBUG[sgCloseFile]: File './spyglass-1/sys_top/dft/dft_scan_ready/spyglass_reports/dft/dft_data/dft_data_01.csv' closed.
##FILEDEBUG[sgCloseFile]: File './spyglass-1/sys_top/dft/dft_scan_ready/spyglass_reports/dft/dft_data/dft_data_05.csv' closed.
##FILEDEBUG[sgCloseFile]: File './spyglass-1/sys_top/dft/dft_scan_ready/spyglass_reports/dft/dft_data/dft_data_01.csv' closed.
##FILEDEBUG[sgCloseFile]: File './spyglass-1/sys_top/dft/dft_scan_ready/spyglass_reports/dft/dft_data/dft_data_06.csv' closed.
##FILEDEBUG[sgCloseFile]: File './spyglass-1/sys_top/dft/dft_scan_ready/spyglass_reports/dft/dft_data/dft_data_01.csv' closed.
 .... done (Time = 0.03s, Memory = -16.8K)
Checking Rule Info_dft_deprecated (Rule 138 of total 171) .... done (Time = 0.00s, Memory = 0.0K)
Checking Rule Coverage_audit (Rule 139 of total 171)##FILEDEBUG[sgOpenFile]: Opening File './spyglass-1/sys_top/dft/dft_scan_ready/spyglass_reports/dft/stuck_at_coverage_audit.rpt' in "a" mode ...
##FILEDEBUG[sgCloseFile]: File './spyglass-1/sys_top/dft/dft_scan_ready/spyglass_reports/dft/stuck_at_coverage_audit.rpt' closed.
 .... done (Time = 0.04s, Memory = 60.6K)
Checking Rule dftFLATDU_RFExit (Rule 140 of total 171)##FILEDEBUG[sgOpenFile]: Opening File './spyglass-1/sys_top/dft/dft_scan_ready/spyglass_reports/dft/dft_corrective_sgdc.rpt' in "a" mode ...
##FILEDEBUG[sgCloseFile]: File './spyglass-1/sys_top/dft/dft_scan_ready/spyglass_reports/dft/dft_corrective_sgdc.rpt' closed.
 .... done (Time = 0.06s, Memory = -1013.1K)
Checking Rule AnalyzeBBox (Rule 141 of total 171) .... done (Time = 0.00s, Memory = 0.0K)
Checking Rule ReportCheckDataSummary (Rule 142 of total 171) .... done (Time = 0.00s, Memory = 0.0K)

Applying user specified and internally generated waivers on violation database .... done (Time = 0.00s)

Generating data for Console...
##SGDEBUG [PEAK_MEMORY]: 3141448 KB for entire run at 'just before destroying nvn arrays in flattener' stage
##SGDEBUG [VMPEAK_MEMORY]: 3144996 KB for entire run
##SGDEBUG [BENCHMARK_ABSOLUTE]: Rule checking finished: 3 sec, 1207725 KB, 3137332 KB
##SGDEBUG [BENCHMARK_INCR]: Rule checking finished: 0 sec, -653 KB, 1260 KB


=====================================================================================
							Rule Parameter Table
=====================================================================================

	PARAMETER-NAME                                     VALUE
-------------------------------------------------------------------------------------
	-ATPG_credit                                       0
	-allow_clock_on_output_port                        no
	-check_clock_group_violations                      no
	-debug_proc                                        no
	-dft3BitClock                                      off
	-dftAllowClockPropagationThroughCGC                off
	-dftAutoFix                                        +RULES[nothing]+TMPORT[atrenta_generated_port_tm]+TCLKPORT[atrenta_generated_port_tclk]
	-dftCPMechanism                                    sequential
	-dftCaptureCriteria                                simulation
	-dftDebugData                                      bp_off
	-dftDesignState                                    pre_scan_stitched
	-dftDoInferredNoScanAnalysis                       1
	-dftDoLogicalRedundancyCheck                       off
	-dftFlowMonitor                                    off
	-dftFunctionalClockPropagation                     simulation
	-dftGenerateConstraintDS                           on
	-dftGenerateStuckAtFaultReport                     none
	-dftGenerateTextReport                             UNDEFINED
	-dftIgnoreConstantOrUnusedFlipFlops                off
	-dftIgnoreUnblockedToPI                            UNDEFINED
	-dftInferredDriverControl                          optimistic
	-dftMethodologyFlow                                off
	-dftMethodologyFlowSeverity                        fatal
	-dftPOSDETECT_credit                               0
	-dftSetAllBBScanwrapped                            off
	-dftSetAllLatchT                                   off
	-dftSetAllTriEnableObs                             off
	-dftSetLatchFedByTClkAsT                           off
	-dftShowClocksInUniqueColor                        off
	-dftShowForcedValues                               on
	-dftShowReducedSchematic                           UNDEFINED
	-dftShowWaveForm                                   off
	-dftTMPropThruFF                                   off
	-dftTagAsync07Clock11Scan08                        off
	-dftTestclockCycles                                30
	-dftTreatBBoxAsScanwrapped                         off
	-dftTreatControllableLatchTransparentForLoop       off
	-dftTreatFlipFlopsAsScan                           off
	-dftTreatLatchesAsTransparent                      off
	-dftTreatResetAsTestMode                           off
	-dftUUMarking                                      off
	-dftUseOffStateOfClockInClockPropagation           on
	-dft_ATPG_fault_report_path                        UNDEFINED
	-dft_ATPG_fault_report_type                        None
	-dft_all_scan_chains_defined                       yes
	-dft_allow_inactive_resets_from_ff                 on
	-dft_allow_inactive_resets_from_scan_ff            on
	-dft_allow_path_from_enable_to_cgc_clkout          off
	-dft_allow_reconvergence_in_flat_cgc               off
	-dft_check_path_name_for_instance_suffix           off
	-dft_check_path_name_for_register_suffix           off
	-dft_check_test_mode_conflicts                     allow_match_with_X
	-dft_collapse_equivalent_faults                    off
	-dft_combinational_loop_analysis_effort_level      1
	-dft_coverage_report_depth                         0
	-dft_detect_shadow_latches                         on
	-dft_enable_checks_for_all_cgc                     off
	-dft_generate_no_fault_and_add_fault_report        on
	-dft_generate_robustness_audit_report              on
	-dft_identify_equivalent_faults                    off
	-dft_ignore_constant_supply_flip_flops             off
	-dft_ignore_no_scan_latches_in_rule_checking       off
	-dft_ignore_unate_reconvergence                    on
	-dft_infer_clock_gating_cell                       on
	-dft_infer_clock_gating_cell_test_enable           TEST_ENABLE SCAN_ENABLE TEN TE T SE
	-dft_infer_sequential_propagation_as_no_scan       off
	-dft_list_latches_of_type                          off
	-dft_mark_scan_flip_flop_observability_based_on_capture_clock off
	-dft_max_files_in_a_direcotry                      2000
	-dft_max_flops_in_diagnose_scan_chain_violation_schematic 3
	-dft_maximum_number_of_messages_with_spreadsheet   1000
	-dft_maximum_number_of_rows_with_schematic         10
	-dft_one_hot_clock_pulse_limit                     1
	-dft_scannable_latches                             off
	-dft_set_scan_wrap_on_memory                       on
	-dft_show_rule_name_in_audit                       on
	-dft_show_scan_clock_tree                          2
	-dft_show_schematic_info_in_coverage_audit         off
	-dft_show_spreadsheet_path_in_message              on
	-dft_store_tcl_query_data                          sg_shell
	-dft_support_flip_flop_bank                        on
	-dft_synthesis_view_expand_macros                  off
	-dft_target_stuck_at_fault_coverage                0
	-dft_target_stuck_at_test_coverage                 0
	-dft_treat_primary_inputs_as_x_source              off
	-dft_treat_primary_outputs_as_unobservable         off
	-dft_treat_primary_port_as_valid_clock_point_for_cgc_check off
	-dft_treat_suffix_as_pattern                       off
	-dft_use_cumulative_fault_status                   off
	-dft_use_n_cycle_capture                           1
	-dft_use_one_hot_clock_pulse                       on
	-dft_use_simulation_based_unblocked_path_check_for_scan_chain_tracing off
	-dft_use_specified_and_inferred_clocks             off
	-faultAnnotation                                   off
	-force_genclk_for_txv                              no
	-ignoreBlackBoxDuringSimulation                    off
	-ignoreBlackBoxDuringTestability                   off
	-library_gen_clock_naming                          yes
	-netlist_clock_polarity                            yes
	-populate_comboelements_for_minmax_in_fromto       no
	-preserve_path                                     no
	-pt                                                yes
	-showPowerGroundValue                              on
	-show_all_sdc_violations                           no
	-show_sdc_progress                                 no
	-suppress_sdc_violation_in_abstract                no
	-tc_disable_caching                                no
	-tc_stop_parsing_ignored_commands                  no
	-truncate_through                                  yes
	-useFirstSource                                    off
	-write_sdc                                         no
=====================================================================================



=====================================================================================
                               Rule Status Table

 RULE-NAME                      POLICY-NAME     ENABLED VIOL-CNT RULE-TYPE   ERROR-MSG         
=====================================================================================
 Tristate_18                    dft             No             - FLATDU2_PRD_WL   -               
 Tristate_17                    dft             No             - FLATDU2_PRD_WL   -               
 Tristate_16                    dft             No             - FLATDU2_PRD_WL   -               
 Tristate_15                    dft             No             - FLATDU2_PRD_WL   -               
 Tristate_14                    dft             No             - FLATDU2_PRD_WL   -               
 Tristate_13                    dft             No             - FLATDU2_PRD_WL   -               
 Tristate_12                    dft             No             - FLATDU2_PRD_WL   -               
 Tristate_11                    dft             No             - FLATDU2_PRD_WL   -               
 Tristate_10                    dft             No             - FLATDU2_PRD_WL   -               
 Tristate_09                    dft             No             - FLATDU2_PRD_WL   -               
 Tristate_08_shift              dft             No             - FLATDU2_PRD_WL   -               
 Tristate_08_capture            dft             No             - FLATDU2_PRD_WL   -               
 Tristate_07_shift              dft             No             - FLATDU2_PRD_WL   -               
 Tristate_07_capture            dft             No             - FLATDU2_PRD_WL   -               
 Tristate_06                    dft             No             - FLATDU2_PRD_WL   -               
 Tristate_05                    dft             No             - FLATDU2_PRD_WL   -               
 Tristate_04_shift              dft             No             - FLATDU2_PRD_WL   -               
 Tristate_04_capture            dft             No             - FLATDU2_PRD_WL   -               
 Tristate_03                    dft             No             - FLATDU2_PRD_WL   -               
 Tristate_01                    dft             No             - FLATDU2_PRD_WL   -               
 Topology_15                    dft             No             - FLATDU2_PRD_WL   -               
 Topology_14                    dft             No             - FLATDU2_PRD_WL   -               
 Topology_13                    dft             No             - FLATDU2_PRD_WL   -               
 Topology_12                    dft             No             - FLATDU2_PRD_WL   -               
 Topology_11                    dft             No             - FLATDU2_PRD_WL   -               
 Topology_10                    dft             No             - FLATDU2_PRD_WL   -               
 Topology_09                    dft             No             - FLATDU2_PRD_WL   -               
 Topology_07_flat               dft             No             - FLATDU2_PRD_WL   -               
 Topology_05                    dft             No             - FLATDU2_PRD_WL   -               
 Topology_04                    dft             No             - FLATDU2_PRD_WL   -               
 Topology_03                    dft             No             - FLATDU2_PRD_WL   -               
 Topology_02                    dft             No             - FLATDU2_PRD_WL   -               
 Topology_01                    dft             No             - FLATDU2_PRD_WL   -               
 TA_10                          dft             No             - FLATDU2_PRD_WL   -               
 TA_09                          dft             No             - FLATDU2_PRD_WL   -               
 TA_08                          dft             No             - FLATDU2_PRD_WL   -               
 TA_07                          dft             No             - FLATDU2_PRD_WL   -               
 TA_06                          dft             No             - FLATDU2_PRD_WL   -               
 TA_02                          dft             No             - FLATDU2_PRD_WL   -               
 TA_01                          dft             No             - FLATDU2_PRD_WL   -               
 Scan_41                        dft             No             - FLATDU2_PRD_WL   -               
 Scan_40                        dft             No             - FLATDU2_PRD_WL   -               
 Scan_39                        dft             No             - FLATDU2_PRD_WL   -               
 Scan_38                        dft             No             - FLATDU2_PRD_WL   -               
 Scan_36                        dft             No             - FLATDU2_PRD_WL   -               
 Scan_35                        dft             No             - FLATDU2_PRD_WL   -               
 Scan_34                        dft             No             - FLATDU2_PRD_WL   -               
 Scan_33                        dft             No             - FLATDU2_PRD_WL   -               
 Scan_32                        dft             No             - FLATDU2_PRD_WL   -               
 Scan_31                        dft             No             - FLATDU2_PRD_WL   -               
 Scan_30                        dft             No             - FLATDU2_PRD_WL   -               
 Scan_29                        dft             No             - FLATDU2_PRD_WL   -               
 Scan_28                        dft             No             - FLATDU2_PRD_WL   -               
 Scan_27                        dft             No             - FLATDU2_PRD_WL   -               
 Scan_26                        dft             No             - FLATDU2_PRD_WL   -               
 Scan_25                        dft             No             - FLATDU2_PRD_WL   -               
 Scan_24                        dft             No             - FLATDU2_PRD_WL   -               
 Scan_23                        dft             No             - FLATDU2_PRD_WL   -               
 Scan_22                        dft             No             - FLATDU2_PRD_WL   -               
 Scan_21                        dft             No             - FLATDU2_PRD_WL   -               
 Scan_20                        dft             No             - FLATDU2_PRD_WL   -               
 Scan_19                        dft             No             - FLATDU2_PRD_WL   -               
 Scan_18                        dft             No             - FLATDU2_PRD_WL   -               
 Scan_17                        dft             No             - FLATDU2_PRD_WL   -               
 Scan_16                        dft             No             - FLATDU2_PRD_WL   -               
 Scan_11                        dft             No             - FLATDU2_PRD_WL   -               
 Scan_08                        dft             No             - FLATDU2_PRD_WL   -               
 Scan_07                        dft             No             - FLATDU2_PRD_WL   -               
 Scan_06                        dft             No             - FLATDU2_PRD_WL   -               
 RAM_11                         dft             No             - FLATDU2_PRD_WL   -               
 RAM_10                         dft             No             - FLATDU2_PRD_WL   -               
 RAM_09                         dft             No             - FLATDU2_PRD_WL   -               
 RAM_08                         dft             No             - FLATDU2_PRD_WL   -               
 RAM_07                         dft             No             - FLATDU2_PRD_WL   -               
 RAM_06                         dft             No             - FLATDU2_PRD_WL   -               
 RAM_05                         dft             No             - FLATDU2_PRD_WL   -               
 RAM_04                         dft             No             - FLATDU2_PRD_WL   -               
 RAM_03                         dft             No             - FLATDU2_PRD_WL   -               
 RAM_02                         dft             No             - FLATDU2_PRD_WL   -               
 RAM_01                         dft             No             - FLATDU2_PRD_WL   -               
 Power_01                       dft             No             - FLATDU2_PRD_WL   -               
 Info_latchMapping              dft             No             - FLATDU2_PRD_WL   -               
 Info_latch                     dft             No             - FLATDU2_PRD_WL   -               
 Latch_19                       dft             No             - FLATDU2_PRD_WL   -               
 Latch_18                       dft             No             - FLATDU2_PRD_WL   -               
 Latch_16                       dft             No             - FLATDU2_PRD_WL   -               
 Latch_15                       dft             No             - FLATDU2_PRD_WL   -               
 Latch_10                       dft             No             - FLATDU2_PRD_WL   -               
 Latch_08                       dft             No             - FLATDU2_PRD_WL   -               
 Latch_06                       dft             No             - FLATDU2_PRD_WL   -               
 Latch_04                       dft             No             - FLATDU2_PRD_WL   -               
 Latch_02                       dft             No             - FLATDU2_PRD_WL   -               
 Latch_01                       dft             No             - FLATDU2_PRD_WL   -               
 Clock_30                       dft             No             - FLATDU2_PRD_WL   -               
 Clock_29                       dft             No             - FLATDU2_PRD_WL   -               
 Clock_28                       dft             No             - FLATDU2_PRD_WL   -               
 Clock_27                       dft             No             - FLATDU2_PRD_WL   -               
 Clock_25                       dft             No             - FLATDU2_PRD_WL   -               
 Clock_24                       dft             No             - FLATDU2_PRD_WL   -               
 Clock_23                       dft             No             - FLATDU2_PRD_WL   -               
 Clock_22                       dft             No             - FLATDU2_PRD_WL   -               
 Clock_21                       dft             No             - FLATDU2_PRD_WL   -               
 Clock_18                       dft             No             - FLATDU2_PRD_WL   -               
 Clock_17                       dft             No             - FLATDU2_PRD_WL   -               
 Clock_16                       dft             No             - FLATDU2_PRD_WL   -               
 Clock_14                       dft             No             - FLATDU2_PRD_WL   -               
 Clock_10                       dft             No             - FLATDU2_PRD_WL   -               
 Clock_09                       dft             No             - FLATDU2_PRD_WL   -               
 Clock_08                       dft             No             - FLATDU2_PRD_WL   -               
 Clock_05                       dft             No             - FLATDU2_PRD_WL   -               
 Clock_04                       dft             No             - FLATDU2_PRD_WL   -               
 Clock_03                       dft             No             - FLATDU2_PRD_WL   -               
 Clock_02                       dft             No             - FLATDU2_PRD_WL   -               
 Clock_01                       dft             No             - FLATDU2_PRD_WL   -               
 BIST_05                        dft             No             - FLATDU2_PRD_WL   -               
 BIST_04                        dft             No             - FLATDU2_PRD_WL   -               
 BIST_03                        dft             No             - FLATDU2_PRD_WL   -               
 BIST_02                        dft             No             - FLATDU2_PRD_WL   -               
 BIST_01                        dft             No             - FLATDU2_PRD_WL   -               
 Async_16                       dft             No             - FLATDU2_PRD_WL   -               
 Async_15                       dft             No             - FLATDU2_PRD_WL   -               
 Async_13                       dft             No             - FLATDU2_PRD_WL   -               
 Async_12                       dft             No             - FLATDU2_PRD_WL   -               
 Async_11                       dft             No             - FLATDU2_PRD_WL   -               
 Async_10                       dft             No             - FLATDU2_PRD_WL   -               
 Async_09                       dft             No             - FLATDU2_PRD_WL   -               
 Async_07Lssd                   dft             No             - FLATDU2_PRD_WL   -               
 Async_06                       dft             No             - FLATDU2_PRD_WL   -               
 Async_05                       dft             No             - FLATDU2_PRD_WL   -               
 Async_04                       dft             No             - FLATDU2_PRD_WL   -               
 Async_03                       dft             No             - FLATDU2_PRD_WL   -               
 Async_02_shift                 dft             No             - FLATDU2_PRD_WL   -               
 Async_02_capture               dft             No             - FLATDU2_PRD_WL   -               
 Async_01                       dft             No             - FLATDU2_PRD_WL   -               
 Info_dBist                     dft             No             - FLATDU2_PRD_WL   -               
 Info_blackboxDriver            dft             No             - FLATDU2_PRD_WL   -               
 Info_addFault                  dft             No             - FLATDU2_PRD_WL   -               
 Info_stilFile                  dft             No             - FLATDU2_PRD_WL   -               
 Info_scanchain                 dft             No             - FLATDU2_PRD_WL   -               
 Info_noFault                   dft             No             - FLATDU2_PRD_WL   -               
 Info_memoryforce               dft             No             - FLATDU2_PRD_WL   -               
 Info_memorywritedisable        dft             No             - FLATDU2_PRD_WL   -               
 Info_undetectCause             dft             No             - FLATDU2_PRD_WL   -               
 Info_coverageAtGateLevel       dft             No             - FLATDU2_PRD_WL   -               
 Info_potDetectable             dft             No             - FLATDU2_PRD_WL   -               
 Info_logicalRedundant          dft             No             - FLATDU2_PRD_WL   -               
 Info_unobservable              dft             No             - FLATDU2_PRD_WL   -               
 Info_pwrGndSim                 dft             No             - FLATDU2_PRD_WL   -               
 Info_path                      dft             No             - FLATDU2_PRD_WL   -               
 Info_uncontrollable            dft             No             - FLATDU2_PRD_WL   -               
 Info_unused                    dft             No             - FLATDU2_PRD_WL   -               
 Info_synthRedundant            dft             No             - FLATDU2_PRD_WL   -               
 Info_levelize                  dft             No             - FLATDU2_PRD_WL   -               
 CreateDebugSGDC                dft             No             - FLATDU2_PRD_WL   -               
 dumpBlackBox                   dft             No             - FLATDU2_PRD_WL   -               
 dftMultiplyDrivenPowerRail     dft             No             - FLATDU2_PRD_WL   -               
 Conn_12                        dft             No             - FLATDU2_PRD_WL   -               
 Conn_11                        dft             No             - FLATDU2_PRD_WL   -               
 Soc_12                         dft             No             - FLATDU2_PRD_WL   -               
 Soc_11                         dft             No             - FLATDU2_PRD_WL   -               
 Info_define_tag                dft             No             - FLATDU2_PRD_WL   -               
 Conn_15                        dft             No             - FLATDU2_PRD_WL   -               
 Conn_14                        dft             No             - FLATDU2_PRD_WL   -               
 Conn_10                        dft             No             - FLATDU2_PRD_WL   -               
 Conn_09                        dft             No             - FLATDU2_PRD_WL   -               
 Conn_08                        dft             No             - FLATDU2_PRD_WL   -               
 Conn_07                        dft             No             - FLATDU2_PRD_WL   -               
 Conn_02                        dft             No             - FLATDU2_PRD_WL   -               
 Conn_01                        dft             No             - FLATDU2_PRD_WL   -               
 Soc_14                         dft             No             - FLATDU2_PRD_WL   -               
 Soc_10                         dft             No             - FLATDU2_PRD_WL   -               
 Soc_09                         dft             No             - FLATDU2_PRD_WL   -               
 Soc_08                         dft             No             - FLATDU2_PRD_WL   -               
 Soc_07_Info                    dft             No             - FLATDU2_PRD_WL   -               
 Soc_07                         dft             No             - FLATDU2_PRD_WL   -               
 Soc_06                         dft             No             - VSTOPDU        -               
 Soc_04                         dft             No             - FLATDU2_PRD_WL   -               
 Soc_02_Info                    dft             No             - FLATDU2_PRD_WL   -               
 Soc_02                         dft             No             - FLATDU2_PRD_WL   -               
 Soc_01_Info                    dft             No             - FLATDU2_PRD_WL   -               
 Soc_01                         dft             No             - FLATDU2_PRD_WL   -               
 Soc_00                         dft             No             - FLATDU2_PRD_WL   -               
 Soc_05                         dft             No             - FLATDU2_PRD_WL   -               
 Clock_06                       dft             No             - VSTOPDU        -               
 Topology_07_rtl      (Verilog) dft             No             - RTLTOPDU       -               
 dftSGDCExistence_00            dft             No             - RTLALLDULIST   -               
 dftAutoFixSelective            dft             No             - FLATDU2_PRD_WL   -               
 dftFLATDU_RFExit               dft             Yes            0 FLATDU2_PRD_WL   -               
 Coverage_audit                 dft             Yes           11 FLATDU2_PRD_WL   -               
 Info_dft_deprecated            dft             Yes            0 FLATDU2_PRD_WL   -               
 Info_DftDebugData              dft             Yes            1 FLATDU2_PRD_WL   -               
 Clock_26                       dft             Yes            0 FLATDU2_PRD_WL   -               
 Clock_11_capture               dft             Yes            5 FLATDU2_PRD_WL   -               
 Clock_11                       dft             Yes            5 FLATDU2_PRD_WL   -               
 Async_08                       dft             Yes            0 FLATDU2_PRD_WL   -               
 Async_07                       dft             Yes            8 FLATDU2_PRD_WL   -               
 Info_scanwrap                  dft             Yes            2 FLATDU2_PRD_WL   -               
 Info_inferredNoScan            dft             Yes            1 FLATDU2_PRD_WL   -               
 Info_forcedScan                dft             Yes            1 FLATDU2_PRD_WL   -               
 Info_noScan                    dft             Yes            1 FLATDU2_PRD_WL   -               
 Info_testclock                 dft             Yes            1 FLATDU2_PRD_WL   -               
 Info_testmode_conflict_01      dft             Yes            0 FLATDU2_PRD_WL   -               
 Info_testmode                  dft             Yes            2 FLATDU2_PRD_WL   -               
 Info_coverage                  dft             Yes            1 FLATDU2_PRD_WL   -               
 Info_untestable                dft             Yes            1 FLATDU2_PRD_WL   -               
 Diagnose_testclock             dft             Yes            1 FLATDU2_PRD_WL   -               
 Diagnose_testmode              dft             Yes            2 FLATDU2_PRD_WL   -               
 Diagnose_ScanChain             dft             Yes            0 FLATDU2_PRD_WL   -               
 dftParamCheck_01               dft             Yes            0 SETUP          -               
 dftSGDCSTX_075                 dft             Yes            0 SETUP          -               
 dftSGDCSTX_071                 dft             Yes            0 FLATDU2_PRD_WL   -               
 dftSGDCSTX_070                 dft             Yes            0 FLATDU2_PRD_WL   -               
 dftSGDCSTX_078                 dft             Yes            0 SETUP          -               
 dftSGDCSTX_077                 dft             Yes            0 SETUP          -               
 dftSGDCSTX_076                 dft             Yes            0 SETUP          -               
 dftSGDCSTX_074                 dft             Yes            0 SETUP          -               
 dftSGDCSTX_072                 dft             Yes            0 SETUP          -               
 dftSGDCSTX_068                 dft             Yes            0 SETUP          -               
 dftSGDCSTX_067                 dft             Yes            0 SETUP          -               
 dftSGDCSTX_066                 dft             Yes            0 SETUP          -               
 dftSGDCSTX_065                 dft             Yes            0 SETUP          -               
 dftSGDCSTX_064                 dft             Yes            0 FLATDU2_PRD_WL   -               
 dftUserMacroSanityCheck_01     dft             Yes            0 FLATDU2_PRD_WL   -               
 dftSGDCSTX_063                 dft             Yes            0 SETUP          -               
 dftSGDCSTX_062                 dft             Yes            0 SETUP          -               
 dftSGDCSTX_057                 dft             Yes            0 FLATDU2_PRD_WL   -               
 dftSGDCSTX_055                 dft             Yes            0 SETUP          -               
 dftSGDCSTX_054                 dft             Yes            0 SETUP          -               
 dftSGDCSTX_053                 dft             Yes            0 SETUP          -               
 dftSGDCSTX_051                 dft             Yes            0 SETUP          -               
 dftFLATDU_RFSetUp              dft             Yes            0 FLATDU2_PRD_WL   -               
 dftSGDCSTX_069                 dft             Yes            0 FLATDU2_PRD_WL   -               
 dftSGDCSTX_061                 dft             Yes            0 FLATDU2_PRD_WL   -               
 dftSGDCSTX_060                 dft             Yes            0 FLATDU2_PRD_WL   -               
 dftSGDCSTX_059                 dft             Yes            0 FLATDU2_PRD_WL   -               
 dftVSTOPDUExit                 dft             Yes            0 VSTOPDU        -               
 dftVSTOPDUSetUp                dft             Yes            0 VSTOPDU        -               
 dftRTLTOPDUExit                dft             Yes            0 RTLTOPDU       -               
 dftOptional_Constraint_Check   dft             Yes            1 VSTOPDU        -               
 dftMandatory_Constraint_Check  dft             Yes            1 VSTOPDU        -               
 dftRTLTOPDUSetUp               dft             Yes            0 RTLTOPDU       -               
 dftCumulativeFaultStatusFileCheck dft             Yes            0 SETUP          -               
 dftSGDCSTX_058                 dft             Yes            0 SETUP          -               
 dftSGDCSTX_073                 dft             Yes            0 SETUP          -               
 dftSetup                       dft             Yes            0 SETUP          -               
 CMD_sglib03                    SpyGlass        Yes            1 SETUP          -               
 SGDC_abstract_port03           SpyGlass        Yes            1 SETUP          -               
 ElabSummary                    SpyGlass        Yes            1 SETUP          -               
 DetectTopDesignUnits           SpyGlass        Yes            1 SETUP          -               
-------------------------------------------------------------------------------------
Note: VSDU type of rules (as seen in the above table) are not run on
      unsynthesized modules reported by 'ErrorAnalyzeBBox/InfoAnalyzeBBox' messages
      (Please see messages starting with keyword 'UnsynthesizedDU')

##status : SpyGlass Rule Checking Complete.

---------------------------------------------------------------------------------------------
Results Summary:
---------------------------------------------------------------------------------------------
   Goal Run           :      dft/dft_scan_ready
   Command-line read  :      0 error,      0 warning,      1 information message 
   Design Read        :      0 error,      0 warning,      2 information messages
      Found 1 top module:
         sys_top   (file: ../rtl/System_Top/SYS_TOP_dft.v)

   Blackbox Resolution:      0 error,      0 warning,      0 information message 
   SGDC Checks        :      0 error,      0 warning,      1 information message 
** Policy dft         :     13 errors,     6 warnings,    26 information messages
   -------------------------------------------------------------------------------------
   Total              :     13 errors,     6 warnings,    30 information messages

  Total Number of Generated Messages     :        49 (13 errors, 6 warnings, 30 Infos)
  Number of Reported Messages            :        49 (13 errors, 6 warnings, 30 Infos)

  NOTE: It is recommended to first fix/reconcile fatals/errors reported on
        lines starting with ** as subsequent issues might be related to it.
        Please re-run SpyGlass once ** prefixed lines are fatal/error clean.

---------------------------------------------------------------------------------------------



SpyGlass Rule Checking Complete.

Generating moresimple report from './spyglass-1/sys_top/dft/dft_scan_ready/spyglass.vdb' to './spyglass-1/sys_top/dft/dft_scan_ready/spyglass_reports/moresimple.rpt' ....

Generating runsummary report from './spyglass-1/sys_top/dft/dft_scan_ready/spyglass.vdb' ....

Generating no_msg_reporting_rules report from './spyglass-1/sys_top/dft/dft_scan_ready/spyglass.vdb' to './spyglass-1/sys_top/dft/dft_scan_ready/spyglass_reports/no_msg_reporting_rules.rpt' ....

Policy specific data (reports) are present in the directory './spyglass-1/sys_top/dft/dft_scan_ready/spyglass_reports'.

SpyGlass critical reports for the current run are present in directory './spyglass-1/consolidated_reports/sys_top_dft_dft_scan_ready/'.

SpyGlass Exit Code 0 (Rule-checking completed with errors)
SpyGlass total run-time is 0:0:2 (2 secs)
SpyGlass run completed at 03:52:13 AM on Oct 05 2026
