
################################################################################
#
# This file has been generated by SpyGlass:
#     Report Name      : waiver
#     Report Created by: ICer
#     Report Created on:  Wed Sep 23 03:35:54 2026
#     Working Directory: /home/ICer/UART_System/Spyglass
#     SpyGlass Version : SpyGlass_vL-2016.06
#     Policy Name      : SpyGlass(SpyGlass_vL-2016.06)
#                        erc(SpyGlass_vL-2016.06)
#                        latch(SpyGlass_vL-2016.06)
#                        lint(SpyGlass_vL-2016.06)
#                        morelint(SpyGlass_vL-2016.06)
#                        openmore(SpyGlass_vL-2016.06)
#                        simulation(SpyGlass_vL-2016.06)
#                        starc(SpyGlass_vL-2016.06)
#                        starc2005(SpyGlass_vL-2016.06)
#                        timing(SpyGlass_vL-2016.06)
#
#     Total Number of Generated Messages :          5
#     Number of Waived Messages          :          1
#     Number of Reported Messages        :          4
#     Number of Overlimit Messages       :          0
#
#     Total Number of Waivers                            :          3
#     Number of Waivers Applied                          :          3
#     Number of Waivers with Regex and/or wildcard       :          0
#     Number of Waivers with -rule                       :          3
#     Number of Waivers with line number and/or file info:          0
#     Number of Waive -IP commands                       :          0
#
#
################################################################################

WAIVER REPORT:
+++++++++++++++++++++++++++++++++++++++++++++++++++++++++++++++++++++++++++++++

Design Issues Waiver Report
+++++++++++++++++++++++++++++++++++++++++++++++++++++++++++++++++++++++++++++++

Waiver comment : Created by ICer on 22-Sep-2026 21:41:07   Clk Gating
waive -rule "InferLatch" 
#spg_backref : "./spyglass-1/sys_top/lint/lint_rtl/spyglass-1_waiver_file.awl" 1

1 message(s) waived:
===============================================================================
Index    Rule       Severity File                                                 Line Wt Message
===============================================================================
[8]      InferLatch Error    /home/ICer/UART_System/rtl/ClkDiv_ClkGate/CLK_GATE.v 20   5  Latch inferred for signal 'Latch_Out' in module 'CLK_GATE'
===============================================================================

===============================================================================
Design Issues Waivers Waiving Zero Violations
===============================================================================
Waiver comment : Created by ICer on 22-Sep-2026 21:41:48  CLK_DIV
waive -rule q%STARC05-1.4.3.4% 
#spg_backref : "./spyglass-1/sys_top/lint/lint_rtl/spyglass-1_waiver_file.awl" 3

Waiver comment : Created by ICer on 22-Sep-2026 21:42:12  Unconnected output ports 
waive -rule "W287b" 
#spg_backref : "./spyglass-1/sys_top/lint/lint_rtl/spyglass-1_waiver_file.awl" 5

===============================================================================

