
################################################################################
#
# This file has been generated by SpyGlass:
#     Report Name      : moresimple
#     Report Created by: ICer
#     Report Created on:  Mon Oct  5 02:39:52 2026
#     Working Directory: /home/ICer/UART_System/Spyglass2
#     SpyGlass Version : SpyGlass_vL-2016.06
#     Policy Name      : SpyGlass(SpyGlass_vL-2016.06)
#                        erc(SpyGlass_vL-2016.06)
#                        latch(SpyGlass_vL-2016.06)
#                        lint(SpyGlass_vL-2016.06)
#                        morelint(SpyGlass_vL-2016.06)
#                        openmore(SpyGlass_vL-2016.06)
#                        simulation(SpyGlass_vL-2016.06)
#                        starc(SpyGlass_vL-2016.06)
#                        starc2005(SpyGlass_vL-2016.06)
#                        timing(SpyGlass_vL-2016.06)
#
#     Total Number of Generated Messages :          9
#     Number of Waived Messages          :          0
#     Number of Reported Messages        :          9
#     Number of Overlimit Messages       :          0
#
#
################################################################################

+++++++++++++++++++++++++++++++++++++++++++++++++++++++++++++++++++++++
MORESIMPLE REPORT:


############### BuiltIn -> RuleGroup=Command-line read ###############
+++++++++++++++++++++++++++++++++++++++++++++++++++++++++++++++++++++++++++++++++++++++
ID       Rule           Alias          Severity    File    Line    Wt    Message
======================================================================================
[6]      CMD_sglib03    SglibUnused    Info        N.A     -1      10    No Cell has been used in design from sglib file './spyglass-1/spyglass_cache/autogenerated_sglib/aggregate.sglib'
+++++++++++++++++++++++++++++++++++++++++++++++++++++++++++++++++++++++++++++++++++++++


############### BuiltIn -> RuleGroup=Design Read ###############
+++++++++++++++++++++++++++++++++++++++++++++++++++++++++++++++++++++++++++++++++++++++
ID       Rule                    Alias                   Severity    File                                                                             Line    Wt    Message
======================================================================================
[1]      DetectTopDesignUnits    DetectTopDesignUnits    Info        ../rtl/System_Top/SYS_TOP_dft.v                                                  1       2     Module sys_top is a top level design unit
[0]      ElabSummary             ElabSummary             Info        ./spyglass-1/sys_top/lint/lint_rtl/spyglass_reports/SpyGlass/elab_summary.rpt    0       2     Please refer file './spyglass-1/sys_top/lint/lint_rtl/spyglass_reports/SpyGlass/elab_summary.rpt' for elab summary report
+++++++++++++++++++++++++++++++++++++++++++++++++++++++++++++++++++++++++++++++++++++++


############### Non-BuiltIn -> Goal=lint/lint_rtl ###############
+++++++++++++++++++++++++++++++++++++++++++++++++++++++++++++++++++++++++++++++++++++++
ID       Rule               Alias                 Severity    File                                                                              Line    Wt    Message
======================================================================================
[12]     InferLatch         (OpenMORE 5.5.2.1)    Error       ../rtl/ClkDiv_ClkGate/CLK_GATE.v                                                  20      5     Latch inferred for signal 'Latch_Out' in module 'CLK_GATE'
[13]     STARC05-1.4.3.4    ClkSigToNonClkPin     Warning     ../rtl/ClkDiv_ClkGate/Clk_divider.sv                                              48      10    Clock signal 'sys_top.TX_CLK.div_clk_reg' used as a non-clock (Used with name 'sys_top.TX_CLK.div_clk_reg')
[14]     STARC05-1.4.3.4    ClkSigToNonClkPin     Warning     ../rtl/ClkDiv_ClkGate/Clk_divider.sv                                              48      10    Clock signal 'sys_top.RX_CLK.div_clk_reg' used as a non-clock (Used with name 'sys_top.RX_CLK.div_clk_reg')
[2]      W240                                     Warning     ../rtl/System_Top/SYS_TOP_dft.v                                                   17      10    Input 'SE' declared but not read.[Hierarchy: ':sys_top']
[4]      W240                                     Warning     ../rtl/System_Top/SYS_TOP_dft.v                                                   18      10    Input 'SI[2:0]' declared but not read.[Hierarchy: ':sys_top']
[3]      W240                                     Info        ./spyglass-1/sys_top/lint/lint_rtl/spyglass_reports/lint/SignalUsageReport.rpt    0       10    Please refer to 'SignalUsageReport.rpt' for details of violating bits
+++++++++++++++++++++++++++++++++++++++++++++++++++++++++++++++++++++++++++++++++++++++
