
################################################################################
#
# This file has been generated by SpyGlass:
#     Report Name      : moresimple
#     Report Created by: ICer
#     Report Created on:  Wed Oct  7 22:21:55 2026
#     Working Directory: /home/ICer/UART_System/Spyglass2
#     SpyGlass Version : SpyGlass_vL-2016.06
#     Policy Name      : SpyGlass(SpyGlass_vL-2016.06)
#                        clock-reset(SpyGlass_vL-2016.06)
#
#     Total Number of Generated Messages :         37
#     Number of Waived Messages          :          0
#     Number of Reported Messages        :         37
#     Number of Overlimit Messages       :          0
#
#
################################################################################

+++++++++++++++++++++++++++++++++++++++++++++++++++++++++++++++++++++++
MORESIMPLE REPORT:


############### BuiltIn -> RuleGroup=Command-line read ###############
+++++++++++++++++++++++++++++++++++++++++++++++++++++++++++++++++++++++++++++++++++++++
ID       Rule           Alias          Severity    File    Line    Wt    Message
======================================================================================
[1]      CMD_sglib03    SglibUnused    Info        N.A     -1      10    No Cell has been used in design from sglib file './lint_cdc/spyglass_cache/autogenerated_sglib/aggregate.sglib'
+++++++++++++++++++++++++++++++++++++++++++++++++++++++++++++++++++++++++++++++++++++++


############### BuiltIn -> RuleGroup=Design Read ###############
+++++++++++++++++++++++++++++++++++++++++++++++++++++++++++++++++++++++++++++++++++++++
ID       Rule                    Alias                   Severity    File                                                                                   Line    Wt    Message
======================================================================================
[2]      DetectTopDesignUnits    DetectTopDesignUnits    Info        ../rtl/System_Top/SYS_TOP_dft.v                                                        1       2     Module sys_top is a top level design unit
[0]      ElabSummary             ElabSummary             Info        ./lint_cdc/sys_top/cdc/cdc_verify_struct/spyglass_reports/SpyGlass/elab_summary.rpt    0       2     Please refer file './lint_cdc/sys_top/cdc/cdc_verify_struct/spyglass_reports/SpyGlass/elab_summary.rpt' for elab summary report
[E]      Info_Case_Analysis      showSimVal              Info        ../rtl/System_Top/SYS_TOP_dft.v                                                        1       10    Information for set_case_analysis value propagation for design 'sys_top' is displayed
+++++++++++++++++++++++++++++++++++++++++++++++++++++++++++++++++++++++++++++++++++++++


############### BuiltIn -> RuleGroup=SGDC Checks ###############
+++++++++++++++++++++++++++++++++++++++++++++++++++++++++++++++++++++++++++++++++++++++
ID       Rule                    Alias    Severity    File             Line    Wt    Message
======================================================================================
[3]      SGDC_abstract_port03             Info        spy_cons.sgdc    47      10    Constraint 'abstract_port': 'VIRTUAL_RST_CL' specified with '-clock' field not found on/within module 'sys_top'.Considering it as virtual clock
+++++++++++++++++++++++++++++++++++++++++++++++++++++++++++++++++++++++++++++++++++++++


############### Non-BuiltIn -> Goal=cdc/cdc_verify_struct ###############
+++++++++++++++++++++++++++++++++++++++++++++++++++++++++++++++++++++++++++++++++++++++
ID       Rule                    Alias          Severity    File                                                                                                 Line    Wt    Message
======================================================================================
[33]     Ac_conv02               Convergence    Warning     ../rtl/FIFO/FIFO_RD.v                                                                                25      2     4 synchronizers (sys_top.FIFO_u.U2_WRptr_sync.s0[3:0]) converge on combinational gate 'sys_top.FIFO_u.U5.empty_next'. Gray encoding check: 'DISABLED'
[6]      Propagate_Clocks                       Warning     spy_cons.sgdc                                                                                        20      2     For sys_top, virtual clock(s) 'VIRTUAL_RST_CLK' of domain 'VIRTUAL_RST_DOMAIN' not propagated
[1A]     Reset_sync04                           Warning     ../rtl/DataSynch_RstSynch_PulseGen/RST_SYNCH.v                                                       33      10    Asynchronous reset signal 'sys_top.RST_N' is synchronized at least twice (at 'sys_top.rx_rst_sync.n_synch[0]' and 'sys_top.tx_rst_sync.n_synch[0]') relative to clock signal 'sys_top.tx_clk'
[16]     Ac_crossing01                          Info        ../rtl/System_Top/SYS_TOP_dft.v                                                                      1       10    CrossingMatrix spreadsheet generated for design 'sys_top'
[A]      Ac_sync01                              Info        ../rtl/UART/Parity_Calc.v                                                                            18      2     Synchronized Crossing: destination flop sys_top.UART_TX_RX.U0_UART_TX.U3.par_bit, clocked by sys_top.tx_clk, source flop sys_top.FIFO_u.U1.mem[7:0][7:0], clocked by sys_top.REF_CLK, by method: Enable Based Synchronizer [Total Sources: 1 (Number of source domains: 1)]
[B]      Ac_sync01                              Info        ../rtl/UART/Serializer.v                                                                             49      2     Synchronized Crossing: destination flop sys_top.UART_TX_RX.U0_UART_TX.U1.ser_data, clocked by sys_top.tx_clk, source flop sys_top.FIFO_u.U1.mem[7:0][0], clocked by sys_top.REF_CLK, by method: Mux-select sync [Total Sources: 1 (Number of source domains: 1)]
[9]      Ac_sync02                              Info        ../rtl/DataSynch_RstSynch_PulseGen/DATA_SYNCH.v                                                      32      2     Synchronized Crossing: destination flop sys_top.Rx2SysCtrl.SYNC[0], clocked by sys_top.REF_CLK, source flop sys_top.UART_TX_RX.U0_UART_RX.U7.data_valid, clocked by sys_top.rx_clk, by method: Conventional multi-flop for metastability technique [Total Sources: 1 (Number of source domains: 1)]
[7]      Ac_sync02                              Info        ../rtl/DataSynch_RstSynch_PulseGen/DATA_SYNCH.v                                                      35      2     Synchronized Crossing: destination flop sys_top.Rx2SysCtrl.sync_bus[7:0], clocked by sys_top.REF_CLK, source flop sys_top.UART_TX_RX.U0_UART_RX.U3.P_DATA[7:0], clocked by sys_top.rx_clk, by method: Recirculation flop [Total Sources: 1 (Number of source domains: 1)]
[8]      Ac_sync02                              Info        ../rtl/FIFO/DF_SYNC.v                                                                                20      2     Synchronized Crossing: destination flop sys_top.FIFO_u.U3_RDptr_sync.s0[3:0], clocked by sys_top.REF_CLK, source flop sys_top.FIFO_u.U5.RD_PTR_GRAY[3:0], clocked by sys_top.tx_clk, by method: Conventional multi-flop for metastability technique [Total Sources: 1 (Number of source domains: 1)]
[D]      Ac_sync02                              Info        ../rtl/FIFO/DF_SYNC.v                                                                                20      2     Synchronized Crossing: destination flop sys_top.FIFO_u.U2_WRptr_sync.s0[3:0], clocked by sys_top.tx_clk, source flop sys_top.FIFO_u.U4.WR_PTR_GRAY[3:0], clocked by sys_top.REF_CLK, by method: Conventional multi-flop for metastability technique [Total Sources: 1 (Number of source domains: 1)]
[C]      Ac_sync02                              Info        ../rtl/UART/Serializer.v                                                                             27      2     Synchronized Crossing: destination flop sys_top.UART_TX_RX.U0_UART_TX.U1.mem[7:0], clocked by sys_top.tx_clk, source flop sys_top.FIFO_u.U1.mem[7:0][7:0], clocked by sys_top.REF_CLK, by method: Enable Based Synchronizer [Total Sources: 1 (Number of source domains: 1)]
[1C]     Ar_sync01                              Info        ../rtl/DataSynch_RstSynch_PulseGen/PULSE_GEN.v                                                       29      10    Reset signal 'sys_top.RST_N' for 'clear' pin of flop 'sys_top.Pulse_U.pls_flop', clocked by 'sys_top.tx_clk', is synchronized by method: Multi-flop reset synchronizer (Name:sys_top.tx_rst_sync.n_synch[2])
[1D]     Ar_sync01                              Info        ../rtl/FIFO/FIFO_WR.v                                                                                36      10    Reset signal 'sys_top.RST_N' for 'clear' pin of flop 'sys_top.FIFO_u.U4.WR_PTR_BIN[0]', clocked by 'sys_top.REF_CLK', is synchronized by method: Multi-flop reset synchronizer (Name:sys_top.RF1.n_synch[2])
[1B]     Ar_sync01                              Info        ../rtl/UART/RX_FSM.sv                                                                                159     10    Reset signal 'sys_top.RST_N' for 'clear' pin of flop 'sys_top.UART_TX_RX.U0_UART_RX.U7.sample_valid_d', clocked by 'sys_top.rx_clk', is synchronized by method: Multi-flop reset synchronizer (Name:sys_top.rx_rst_sync.n_synch[2])
[1F]     Ar_syncdeassert01                      Info        ../rtl/DataSynch_RstSynch_PulseGen/PULSE_GEN.v                                                       29      10    Reset signal 'sys_top.RST_N' for 'clear' pin of flop 'sys_top.Pulse_U.pls_flop', synchronously de-asserts relative to clock signal 'sys_top.tx_clk'
[1E]     Ar_syncdeassert01                      Info        ../rtl/FIFO/FIFO_WR.v                                                                                36      10    Reset signal 'sys_top.RST_N' for 'clear' pin of flop 'sys_top.FIFO_u.U4.WR_PTR_BIN[0]', synchronously de-asserts relative to clock signal 'sys_top.REF_CLK'
[20]     Ar_syncdeassert01                      Info        ../rtl/UART/RX_FSM.sv                                                                                159     10    Reset signal 'sys_top.RST_N' for 'clear' pin of flop 'sys_top.UART_TX_RX.U0_UART_RX.U7.sample_valid_d', synchronously de-asserts relative to clock signal 'sys_top.rx_clk'
[18]     Clock_info02                           Info        N.A.                                                                                                 0       2     Clock Tree generated
[12]     Clock_info03b                          Info        ../rtl/ClkDiv_ClkGate/Clk_divider.sv                                                                 47      2     Data pin of flop sys_top.RX_CLK.count[5:1], clocked by sys_top.clk_m_UART , is tied to constant value 0
[13]     Clock_info03b                          Info        ../rtl/ClkDiv_ClkGate/Clk_divider.sv                                                                 47      2     Data pin of flop sys_top.RX_CLK.count[0], clocked by sys_top.clk_m_UART , is tied to constant value 1
[14]     Clock_info03b                          Info        ../rtl/ClkDiv_ClkGate/Clk_divider.sv                                                                 47      2     Data pin of flop sys_top.TX_CLK.count[5:1], clocked by sys_top.clk_m_UART , is tied to constant value 0
[15]     Clock_info03b                          Info        ../rtl/ClkDiv_ClkGate/Clk_divider.sv                                                                 47      2     Data pin of flop sys_top.TX_CLK.count[0], clocked by sys_top.clk_m_UART , is tied to constant value 1
[10]     Clock_info03b                          Info        ../rtl/ClkDiv_ClkGate/Clk_divider.sv                                                                 48      2     Data pin of flop sys_top.TX_CLK.div_clk_reg, clocked by sys_top.clk_m_UART , is tied to constant value 0
[11]     Clock_info03b                          Info        ../rtl/ClkDiv_ClkGate/Clk_divider.sv                                                                 48      2     Data pin of flop sys_top.RX_CLK.div_clk_reg, clocked by sys_top.clk_m_UART , is tied to constant value 0
[30]     Clock_info15                           Info        N.A.                                                                                                 0       2     Port-Clock information generated for PortClockMatrix report
[4]      Propagate_Clocks                       Info        ../rtl/System_Top/SYS_TOP_dft.v                                                                      14      2     For sys_top, clock(s) 'sys_top.REF_CLK' of domain 'REF_DOMAIN' propagated
[5]      Propagate_Clocks                       Info        ../rtl/System_Top/SYS_TOP_dft.v                                                                      52      2     For sys_top, clock(s) 'sys_top.UART_CLK,sys_top.tx_clk,sys_top.rx_clk' of domain 'UART_DOMAIN' propagated
[17]     Propagate_Resets                       Info        ../rtl/System_Top/SYS_TOP_dft.v                                                                      15      2     For sys_top, reset 'sys_top.RST_N' propagated
[19]     Reset_info02                           Info        N.A.                                                                                                 0       2     Reset Tree generated
[2F]     Setup_port01                           Info        ../rtl/System_Top/SYS_TOP_dft.v                                                                      1       2     Port coverage for top design unit 'sys_top' is: '0' (0.00 %) port(s) not fully constrained
[31]     Setup_port01                           Info        ./lint_cdc/sys_top/cdc/cdc_verify_struct/spyglass_reports/clock-reset/sys_top_input_abstract.sgdc    0       2     Abstracted sgdc file for input ports of block 'sys_top' is generated
[F]      Setup_quasi_static01                   Info        ./lint_cdc/sys_top/cdc/cdc_verify_struct/spyglass_reports/clock-reset/auto_quasi_static.sgdc         25      2     For design 'sys_top', '0' quasi_static constraint(s) inferred
+++++++++++++++++++++++++++++++++++++++++++++++++++++++++++++++++++++++++++++++++++++++
