In mode: Internal_scan...
  Design has scan chains in this mode
  Design is scan routed
  Post-DFT DRC enabled

Information: Starting test design rule checking. (TEST-222)
  Loading test protocol
  ...basic checks...
  ...basic sequential cell checks...
  ...checking vector rules...
  ...checking clock rules...
  ...checking scan chain rules...
  ...checking scan compression rules...
  ...checking X-state rules...
  ...checking tristate rules...
  ...extracting scan details...

-----------------------------------------------------------------
Begin Other violations...

Warning: Cell ALU_CG/Latch_Out_reg has constant 1 value. (TEST-505)

Other violations completed...
-----------------------------------------------------------------

-----------------------------------------------------------------
  DRC Report

  Total violations: 1

-----------------------------------------------------------------

1 OTHER VIOLATION
     1 Cell is constant 1 violation (TEST-505)


Warning: Violations occurred during test design rule checking. (TEST-124)

-----------------------------------------------------------------
  Sequential Cell Report

  1 out of 364 sequential cells have violations

-----------------------------------------------------------------

SEQUENTIAL CELLS WITH VIOLATIONS
      *   1 cell has constant 1 value
         ALU_CG/Latch_Out_reg
SEQUENTIAL CELLS WITHOUT VIOLATIONS
      * 345 cells are valid scan cells
         RF1/n_synch_reg[0]
         rx_rst_sync/n_synch_reg[0]
         tx_rst_sync/n_synch_reg[0]
         uart_rst_sync/n_synch_reg[0]
         RF1/n_synch_reg[1]
         rx_rst_sync/n_synch_reg[1]
         tx_rst_sync/n_synch_reg[1]
         uart_rst_sync/n_synch_reg[1]
         UART_TX_RX/U0_UART_RX/U2/Sampled_bit_reg
         UART_TX_RX/U0_UART_RX/U7/data_valid_reg
         Rx2SysCtrl/SYNC_reg[0]
         sys_ctrl_u/current_state_reg[2]
         sys_ctrl_u/reg2_cfg_reg
         sys_ctrl_u/cfg_locked_reg
         Regfile_u/RdData_VLD_reg
         sys_ctrl_u/current_state_reg[1]
         sys_ctrl_u/current_state_reg[3]
         sys_ctrl_u/reg3_cfg_reg
         sys_ctrl_u/current_state_reg[0]
         ALU_u/OUT_VALID_reg
         ALU_u/ALU_OUT_reg[9]
         ALU_u/ALU_OUT_reg[10]
         ALU_u/ALU_OUT_reg[11]
         ALU_u/ALU_OUT_reg[12]
         ALU_u/ALU_OUT_reg[13]
         ALU_u/ALU_OUT_reg[14]
         ALU_u/ALU_OUT_reg[15]
         UART_TX_RX/U0_UART_TX/U1/loading_reg
         UART_TX_RX/U0_UART_TX/U1/counter_reg[0]
         UART_TX_RX/U0_UART_TX/U1/counter_reg[1]
         UART_TX_RX/U0_UART_TX/U1/counter_reg[2]
         UART_TX_RX/U0_UART_TX/U1/ser_done_reg
         Pulse_U/rcv_flop_reg
         FIFO_u/U5/RD_PTR_BIN_reg[0]
         FIFO_u/U5/RD_PTR_BIN_reg[1]
         FIFO_u/U5/RD_PTR_GRAY_reg[0]
         FIFO_u/U3_RDptr_sync/s0_reg[0]
         FIFO_u/U5/RD_PTR_BIN_reg[2]
         FIFO_u/U5/RD_PTR_GRAY_reg[1]
         FIFO_u/U3_RDptr_sync/s0_reg[1]
         FIFO_u/U5/RD_PTR_GRAY_reg[2]
         FIFO_u/U3_RDptr_sync/s0_reg[2]
         FIFO_u/U5/RD_PTR_BIN_reg[3]
         FIFO_u/U3_RDptr_sync/s0_reg[3]
         FIFO_u/U4/full_reg
         FIFO_u/U4/WR_PTR_BIN_reg[0]
         FIFO_u/U4/WR_PTR_BIN_reg[1]
         FIFO_u/U4/WR_PTR_BIN_reg[2]
         FIFO_u/U4/WR_PTR_BIN_reg[3]
         FIFO_u/U2_WRptr_sync/s0_reg[3]
         FIFO_u/U4/WR_PTR_GRAY_reg[1]
         FIFO_u/U2_WRptr_sync/s0_reg[1]
         FIFO_u/U4/WR_PTR_GRAY_reg[2]
         FIFO_u/U2_WRptr_sync/s0_reg[2]
         FIFO_u/U4/WR_PTR_GRAY_reg[0]
         FIFO_u/U2_WRptr_sync/s0_reg[0]
         UART_TX_RX/U0_UART_RX/U4/parity_reg_reg
         UART_TX_RX/U0_UART_RX/U4/count_reg[0]
         UART_TX_RX/U0_UART_RX/U4/count_reg[3]
         UART_TX_RX/U0_UART_RX/U4/count_reg[1]
         UART_TX_RX/U0_UART_RX/U4/count_reg[2]
         UART_TX_RX/U0_UART_RX/U4/par_done_reg
         UART_TX_RX/U0_UART_RX/U7/c_state_reg[2]
         UART_TX_RX/U0_UART_RX/U7/c_state_reg[1]
         UART_TX_RX/U0_UART_RX/U2/Sample_Valid_reg
         UART_TX_RX/U0_UART_RX/U6/stp_done_reg
         UART_TX_RX/U0_UART_RX/U2/s1_reg
         UART_TX_RX/U0_UART_RX/U2/s0_reg
         UART_TX_RX/U0_UART_RX/U1/Edge_cnt_reg[0]
         UART_TX_RX/U0_UART_RX/U1/Edge_cnt_reg[1]
         UART_TX_RX/U0_UART_RX/U1/Edge_cnt_reg[2]
         UART_TX_RX/U0_UART_RX/U1/Edge_cnt_reg[3]
         UART_TX_RX/U0_UART_RX/U1/Edge_cnt_reg[4]
         UART_TX_RX/U0_UART_RX/U1/Edge_cnt_reg[5]
         UART_TX_RX/U0_UART_RX/U1/Bit_cnt_reg[0]
         UART_TX_RX/U0_UART_RX/U1/Bit_cnt_reg[3]
         UART_TX_RX/U0_UART_RX/U1/Bit_cnt_reg[1]
         UART_TX_RX/U0_UART_RX/U1/Bit_cnt_reg[2]
         UART_TX_RX/U0_UART_RX/U7/c_state_reg[0]
         UART_TX_RX/U0_UART_RX/U5/strt_glitch_reg
         Regfile_u/reg_file_reg[2][1]
         Regfile_u/reg_file_reg[2][2]
         Regfile_u/reg_file_reg[2][3]
         Regfile_u/reg_file_reg[2][4]
         Regfile_u/reg_file_reg[2][5]
         Regfile_u/reg_file_reg[2][6]
         Regfile_u/reg_file_reg[1][0]
         Regfile_u/reg_file_reg[5][0]
         Regfile_u/reg_file_reg[5][1]
         Regfile_u/reg_file_reg[5][2]
         Regfile_u/reg_file_reg[5][3]
         Regfile_u/reg_file_reg[5][4]
         Regfile_u/reg_file_reg[5][5]
         Regfile_u/reg_file_reg[5][6]
         Regfile_u/reg_file_reg[5][7]
         Regfile_u/reg_file_reg[4][0]
         Regfile_u/reg_file_reg[4][1]
         Regfile_u/reg_file_reg[4][2]
         Regfile_u/reg_file_reg[4][3]
         Regfile_u/reg_file_reg[4][4]
         Regfile_u/reg_file_reg[4][6]
         Regfile_u/reg_file_reg[4][7]
         Regfile_u/reg_file_reg[3][0]
         Regfile_u/reg_file_reg[3][1]
         Regfile_u/reg_file_reg[3][2]
         Regfile_u/reg_file_reg[3][3]
         Regfile_u/reg_file_reg[3][4]
         Regfile_u/reg_file_reg[3][6]
         Regfile_u/reg_file_reg[3][7]
         Regfile_u/reg_file_reg[7][0]
         Regfile_u/reg_file_reg[7][1]
         Regfile_u/reg_file_reg[7][2]
         Regfile_u/reg_file_reg[7][3]
         Regfile_u/reg_file_reg[7][4]
         Regfile_u/reg_file_reg[7][5]
         Regfile_u/reg_file_reg[7][6]
         Regfile_u/reg_file_reg[7][7]
         Regfile_u/reg_file_reg[6][0]
         Regfile_u/reg_file_reg[6][1]
         Regfile_u/reg_file_reg[6][2]
         Regfile_u/reg_file_reg[6][3]
         Regfile_u/reg_file_reg[6][4]
         Regfile_u/reg_file_reg[6][5]
         Regfile_u/reg_file_reg[6][6]
         Regfile_u/reg_file_reg[6][7]
         Regfile_u/reg_file_reg[9][0]
         Regfile_u/reg_file_reg[9][1]
         Regfile_u/reg_file_reg[9][2]
         Regfile_u/reg_file_reg[9][3]
         Regfile_u/reg_file_reg[9][4]
         Regfile_u/reg_file_reg[9][5]
         Regfile_u/reg_file_reg[9][6]
         Regfile_u/reg_file_reg[9][7]
         Regfile_u/reg_file_reg[8][0]
         Regfile_u/reg_file_reg[8][1]
         Regfile_u/reg_file_reg[8][2]
         Regfile_u/reg_file_reg[8][3]
         Regfile_u/reg_file_reg[8][4]
         Regfile_u/reg_file_reg[8][5]
         Regfile_u/reg_file_reg[8][6]
         Regfile_u/reg_file_reg[8][7]
         Regfile_u/reg_file_reg[13][0]
         Regfile_u/reg_file_reg[13][1]
         Regfile_u/reg_file_reg[13][2]
         Regfile_u/reg_file_reg[13][3]
         Regfile_u/reg_file_reg[13][4]
         Regfile_u/reg_file_reg[13][5]
         Regfile_u/reg_file_reg[13][6]
         Regfile_u/reg_file_reg[13][7]
         Regfile_u/reg_file_reg[12][0]
         Regfile_u/reg_file_reg[12][1]
         Regfile_u/reg_file_reg[12][2]
         Regfile_u/reg_file_reg[12][3]
         Regfile_u/reg_file_reg[12][4]
         Regfile_u/reg_file_reg[12][5]
         Regfile_u/reg_file_reg[12][6]
         Regfile_u/reg_file_reg[12][7]
         Regfile_u/reg_file_reg[11][0]
         Regfile_u/reg_file_reg[11][1]
         Regfile_u/reg_file_reg[11][2]
         Regfile_u/reg_file_reg[11][3]
         Regfile_u/reg_file_reg[11][4]
         Regfile_u/reg_file_reg[11][5]
         Regfile_u/reg_file_reg[11][6]
         Regfile_u/reg_file_reg[11][7]
         Regfile_u/reg_file_reg[10][0]
         Regfile_u/reg_file_reg[10][1]
         Regfile_u/reg_file_reg[10][2]
         Regfile_u/reg_file_reg[10][3]
         Regfile_u/reg_file_reg[10][4]
         Regfile_u/reg_file_reg[10][5]
         Regfile_u/reg_file_reg[10][6]
         Regfile_u/reg_file_reg[10][7]
         Regfile_u/reg_file_reg[15][0]
         Regfile_u/reg_file_reg[15][1]
         Regfile_u/reg_file_reg[15][2]
         Regfile_u/reg_file_reg[15][3]
         Regfile_u/reg_file_reg[15][4]
         Regfile_u/reg_file_reg[15][5]
         Regfile_u/reg_file_reg[15][6]
         Regfile_u/reg_file_reg[15][7]
         Regfile_u/reg_file_reg[14][0]
         Regfile_u/reg_file_reg[14][1]
         Regfile_u/reg_file_reg[14][2]
         Regfile_u/reg_file_reg[14][3]
         Regfile_u/reg_file_reg[14][4]
         Regfile_u/reg_file_reg[14][5]
         Regfile_u/reg_file_reg[14][6]
         Regfile_u/reg_file_reg[14][7]
         Regfile_u/RdData_reg[0]
         Regfile_u/RdData_reg[1]
         ALU_u/ALU_OUT_reg[1]
         UART_TX_RX/U0_UART_TX/U1/mem_reg[1]
         Regfile_u/RdData_reg[2]
         ALU_u/ALU_OUT_reg[2]
         UART_TX_RX/U0_UART_TX/U1/mem_reg[2]
         Regfile_u/RdData_reg[3]
         ALU_u/ALU_OUT_reg[3]
         UART_TX_RX/U0_UART_TX/U1/mem_reg[3]
         Regfile_u/RdData_reg[4]
         ALU_u/ALU_OUT_reg[4]
         UART_TX_RX/U0_UART_TX/U1/mem_reg[4]
         Regfile_u/RdData_reg[5]
         ALU_u/ALU_OUT_reg[5]
         UART_TX_RX/U0_UART_TX/U1/mem_reg[5]
         Regfile_u/RdData_reg[6]
         ALU_u/ALU_OUT_reg[6]
         UART_TX_RX/U0_UART_TX/U1/mem_reg[6]
         ALU_u/ALU_OUT_reg[7]
         ALU_u/ALU_OUT_reg[8]
         UART_TX_RX/U0_UART_TX/U1/mem_reg[0]
         Regfile_u/RdData_reg[7]
         UART_TX_RX/U0_UART_TX/U1/mem_reg[7]
         UART_TX_RX/U0_UART_TX/U1/ser_data_reg
         UART_TX_RX/U0_UART_TX/U3/par_bit_reg
         UART_TX_RX/U0_UART_RX/U3/P_DATA_reg[7]
         UART_TX_RX/U0_UART_RX/U3/P_DATA_reg[6]
         UART_TX_RX/U0_UART_RX/U3/P_DATA_reg[5]
         UART_TX_RX/U0_UART_RX/U3/P_DATA_reg[4]
         UART_TX_RX/U0_UART_RX/U3/P_DATA_reg[3]
         UART_TX_RX/U0_UART_RX/U3/P_DATA_reg[2]
         UART_TX_RX/U0_UART_RX/U3/P_DATA_reg[1]
         UART_TX_RX/U0_UART_RX/U3/P_DATA_reg[0]
         Rx2SysCtrl/sync_bus_reg[0]
         Rx2SysCtrl/sync_bus_reg[7]
         Rx2SysCtrl/sync_bus_reg[1]
         Rx2SysCtrl/sync_bus_reg[2]
         Rx2SysCtrl/sync_bus_reg[3]
         Rx2SysCtrl/sync_bus_reg[4]
         Rx2SysCtrl/sync_bus_reg[5]
         Rx2SysCtrl/sync_bus_reg[6]
         sys_ctrl_u/wr_addr_reg[0]
         sys_ctrl_u/wr_addr_reg[3]
         sys_ctrl_u/wr_addr_reg[2]
         sys_ctrl_u/wr_addr_reg[1]
         sys_ctrl_u/frame2_reg[1]
         sys_ctrl_u/frame2_reg[2]
         sys_ctrl_u/frame2_reg[3]
         sys_ctrl_u/frame2_reg[4]
         sys_ctrl_u/frame2_reg[5]
         sys_ctrl_u/frame2_reg[6]
         sys_ctrl_u/frame2_reg[7]
         sys_ctrl_u/frame2_reg[0]
         FIFO_u/U1/mem_reg[7][1]
         FIFO_u/U1/mem_reg[6][1]
         FIFO_u/U1/mem_reg[5][1]
         FIFO_u/U1/mem_reg[4][1]
         FIFO_u/U1/mem_reg[3][1]
         FIFO_u/U1/mem_reg[2][1]
         FIFO_u/U1/mem_reg[1][1]
         FIFO_u/U1/mem_reg[0][1]
         FIFO_u/U1/mem_reg[7][2]
         FIFO_u/U1/mem_reg[6][2]
         FIFO_u/U1/mem_reg[5][2]
         FIFO_u/U1/mem_reg[4][2]
         FIFO_u/U1/mem_reg[3][2]
         FIFO_u/U1/mem_reg[2][2]
         FIFO_u/U1/mem_reg[1][2]
         FIFO_u/U1/mem_reg[0][2]
         FIFO_u/U1/mem_reg[7][3]
         FIFO_u/U1/mem_reg[6][3]
         FIFO_u/U1/mem_reg[5][3]
         FIFO_u/U1/mem_reg[4][3]
         FIFO_u/U1/mem_reg[3][3]
         FIFO_u/U1/mem_reg[2][3]
         FIFO_u/U1/mem_reg[1][3]
         FIFO_u/U1/mem_reg[0][3]
         FIFO_u/U1/mem_reg[7][4]
         FIFO_u/U1/mem_reg[6][4]
         FIFO_u/U1/mem_reg[5][4]
         FIFO_u/U1/mem_reg[4][4]
         FIFO_u/U1/mem_reg[3][4]
         FIFO_u/U1/mem_reg[2][4]
         FIFO_u/U1/mem_reg[1][4]
         FIFO_u/U1/mem_reg[0][4]
         FIFO_u/U1/mem_reg[7][5]
         FIFO_u/U1/mem_reg[6][5]
         FIFO_u/U1/mem_reg[5][5]
         FIFO_u/U1/mem_reg[4][5]
         FIFO_u/U1/mem_reg[3][5]
         FIFO_u/U1/mem_reg[2][5]
         FIFO_u/U1/mem_reg[1][5]
         FIFO_u/U1/mem_reg[0][5]
         FIFO_u/U1/mem_reg[7][6]
         FIFO_u/U1/mem_reg[6][6]
         FIFO_u/U1/mem_reg[5][6]
         FIFO_u/U1/mem_reg[4][6]
         FIFO_u/U1/mem_reg[3][6]
         FIFO_u/U1/mem_reg[2][6]
         FIFO_u/U1/mem_reg[1][6]
         FIFO_u/U1/mem_reg[0][6]
         FIFO_u/U1/mem_reg[7][0]
         FIFO_u/U1/mem_reg[6][0]
         FIFO_u/U1/mem_reg[5][0]
         FIFO_u/U1/mem_reg[4][0]
         FIFO_u/U1/mem_reg[3][0]
         FIFO_u/U1/mem_reg[2][0]
         FIFO_u/U1/mem_reg[1][0]
         FIFO_u/U1/mem_reg[0][0]
         FIFO_u/U1/mem_reg[7][7]
         FIFO_u/U1/mem_reg[6][7]
         FIFO_u/U1/mem_reg[5][7]
         FIFO_u/U1/mem_reg[4][7]
         FIFO_u/U1/mem_reg[3][7]
         FIFO_u/U1/mem_reg[2][7]
         FIFO_u/U1/mem_reg[1][7]
         FIFO_u/U1/mem_reg[0][7]
         Regfile_u/reg_file_reg[1][1]
         Regfile_u/reg_file_reg[1][3]
         Regfile_u/reg_file_reg[1][5]
         Regfile_u/reg_file_reg[0][0]
         Regfile_u/reg_file_reg[0][1]
         Regfile_u/reg_file_reg[0][2]
         Regfile_u/reg_file_reg[0][3]
         Regfile_u/reg_file_reg[0][4]
         Regfile_u/reg_file_reg[0][5]
         Regfile_u/reg_file_reg[0][6]
         UART_TX_RX/U0_UART_TX/U2/current_state_reg[1]
         UART_TX_RX/U0_UART_TX/U2/current_state_reg[0]
         UART_TX_RX/U0_UART_TX/U2/current_state_reg[2]
         Regfile_u/reg_file_reg[1][2]
         Regfile_u/reg_file_reg[1][4]
         Regfile_u/reg_file_reg[1][6]
         Regfile_u/reg_file_reg[0][7]
         ALU_u/ALU_OUT_reg[0]
         Regfile_u/reg_file_reg[1][7]
         Regfile_u/reg_file_reg[2][7]
         Regfile_u/reg_file_reg[2][0]
         FIFO_u/U5/empty_reg
         Regfile_u/reg_file_reg[3][5]
         UART_TX_RX/U0_UART_RX/U4/par_err_reg
         UART_TX_RX/U0_UART_RX/U6/stp_err_reg
         Regfile_u/reg_file_reg[4][5]
         Rx2SysCtrl/en_pulse_reg
         TX_CLK/count_reg[5]
         TX_CLK/count_reg[4]
         TX_CLK/count_reg[3]
         TX_CLK/count_reg[2]
         TX_CLK/count_reg[1]
         TX_CLK/div_clk_reg_reg
         TX_CLK/count_reg[0]
         RX_CLK/count_reg[2]
         RX_CLK/count_reg[1]
         RX_CLK/div_clk_reg_reg
         RX_CLK/count_reg[0]
      *  18 cells are non-scan shift-register cells
         RF1/n_synch_reg[2]
         UART_TX_RX/U0_UART_RX/U7/sample_valid_d_reg
         FIFO_u/U2_WRptr_sync/s1_reg[0]
         FIFO_u/U2_WRptr_sync/s1_reg[2]
         FIFO_u/U2_WRptr_sync/s1_reg[1]
         FIFO_u/U2_WRptr_sync/s1_reg[3]
         FIFO_u/U3_RDptr_sync/s1_reg[3]
         FIFO_u/U3_RDptr_sync/s1_reg[2]
         FIFO_u/U3_RDptr_sync/s1_reg[1]
         FIFO_u/U3_RDptr_sync/s1_reg[0]
         Pulse_U/pls_flop_reg
         Rx2SysCtrl/SYNC_reg[1]
         Rx2SysCtrl/SYNC_reg[2]
         Rx2SysCtrl/SYNC_reg[3]
         Rx2SysCtrl/pulse_out_reg
         tx_rst_sync/n_synch_reg[2]
         rx_rst_sync/n_synch_reg[2]
         uart_rst_sync/n_synch_reg[2]

....Inferring feed-through connections....
Information: Test design rule checking completed. (TEST-123)
  Running test coverage estimation...
 15530 faults were added to fault list.
 0            7246   5289         0/0/0    65.52%      0.01
 0            1559   3730         0/0/0    75.56%      0.01
 0             970   2759         1/0/1    81.82%      0.01
 0             643   2116         1/0/1    85.96%      0.01
 0             442   1673         2/0/1    88.82%      0.01
 0             415   1258         2/0/1    91.49%      0.01
 0             401    857         2/0/3    94.08%      0.02
 0             185    671         3/0/3    95.27%      0.02
 0             136    535         3/0/4    96.15%      0.02
 0             132    402         4/0/4    97.01%      0.02
 0              99    303         4/0/4    97.65%      0.02
 0              82    221         4/0/4    98.18%      0.02
 0              54    165         5/0/5    98.54%      0.02
 0              63    102         5/0/5    98.94%      0.02
 0              41     57         6/0/5    99.23%      0.02
 0              50      7         6/0/5    99.55%      0.03
 0               0      1        11/0/5    99.59%      0.03
 
            Pattern Summary Report
 -----------------------------------------------
 #internal patterns                           0
 -----------------------------------------------
 

     Uncollapsed Stuck Fault Summary Report
 -----------------------------------------------
 fault class                     code   #faults
 ------------------------------  ----  ---------
 Detected                         DT      15436
 Possibly detected                PT          0
 Undetectable                     UD         31
 ATPG untestable                  AU         62
 Not detected                     ND          1
 -----------------------------------------------
 total faults                             15530
 test coverage                            99.59%
 -----------------------------------------------
  Information: The test coverage above may be inferior
               than the real test coverage with customized
               protocol and test simulation library.
1
