 
****************************************
Report : clocks
Design : sys_top
Version: O-2018.06-SP1
Date   : Mon Oct  5 06:32:53 2026
****************************************

Attributes:
    d - dont_touch_network
    f - fix_hold
    p - propagated_clock
    G - generated_clock
    g - lib_generated_clock

Clock          Period   Waveform            Attrs     Sources
--------------------------------------------------------------------------------
Gated_clk       10.00   {0 5}               G d       {ALU_CG/GATED_CLK}
Ref_clk         10.00   {0 5}               d         {REF_CLK}
Rx_clk         271.29   {0 135.65}          G d       {RX_CLK/o_div_clk}
Tx_clk        8681.28   {0 4340.64}         G d       {TX_CLK/o_div_clk}
UART_clk       271.29   {0 135.65}          d         {UART_CLK}
scan_clk       100.00   {0 50}                        {scan_clk}
--------------------------------------------------------------------------------

Generated     Master         Generated      Master         Waveform
Clock         Source         Source         Clock          Modification
--------------------------------------------------------------------------------
Gated_clk     REF_CLK        {ALU_CG/GATED_CLK}
                                            Ref_clk        divide_by(1), combinational
Rx_clk        UART_CLK       {RX_CLK/o_div_clk}
                                            UART_clk       divide_by(1)
Tx_clk        UART_CLK       {TX_CLK/o_div_clk}
                                            UART_clk       divide_by(32)
--------------------------------------------------------------------------------
1
