/home/ICer/UART_System/rtl/System_Top/SYS_TOP_dft.v
/home/ICer/UART_System/rtl/ALU/ALU.v
/home/ICer/UART_System/rtl/ClkDiv_ClkGate/CLK_GATE.v
/home/ICer/UART_System/rtl/DataSynch_RstSynch_PulseGen/DATA_SYNCH.v
/home/ICer/UART_System/rtl/DataSynch_RstSynch_PulseGen/PULSE_GEN.v
/home/ICer/UART_System/rtl/DataSynch_RstSynch_PulseGen/RST_SYNCH.v
/home/ICer/UART_System/rtl/FIFO/Async_FIFO.v
/home/ICer/UART_System/rtl/FIFO/DF_SYNC.v
/home/ICer/UART_System/rtl/FIFO/FIFO_MEM_CNTRL.v
/home/ICer/UART_System/rtl/FIFO/FIFO_RD.v
/home/ICer/UART_System/rtl/FIFO/FIFO_WR.v
/home/ICer/UART_System/rtl/SYS_Control_RegisterFile/Register.v
/home/ICer/UART_System/rtl/UART/Data_Sampling.v
/home/ICer/UART_System/rtl/UART/DATA_SYNC.v
/home/ICer/UART_System/rtl/UART/DeSerializer.v
/home/ICer/UART_System/rtl/UART/Edge_Bit_Counter.v
/home/ICer/UART_System/rtl/UART/Parity_Calc.v
/home/ICer/UART_System/rtl/UART/Parity_Chk.v
/home/ICer/UART_System/rtl/UART/Serializer.v
/home/ICer/UART_System/rtl/UART/Stp_Chk.v
/home/ICer/UART_System/rtl/UART/Strt_Chk.v
/home/ICer/UART_System/rtl/UART/UART.v
