
################################################################################
#
# This file has been generated by SpyGlass:
#     Report Name      : no_msg_reporting_rules
#     Report Created by: ICer
#     Report Created on:  Mon Oct  5 03:50:20 2026
#     Working Directory: /home/ICer/UART_System/Spyglass2
#     SpyGlass Version : SpyGlass_vL-2016.06
#     Policy Name      : SpyGlass(SpyGlass_vL-2016.06)
#                        clock-reset(SpyGlass_vL-2016.06)
#
#     Total Number of Generated Messages :         46
#     Number of Waived Messages          :          0
#     Number of Reported Messages        :         46
#     Number of Overlimit Messages       :          0
#
#
################################################################################

NO VIOLATION RULE REPORT :
++++++++++++++++++++++++++++++++++++++++++++++++++++++++++++++++++++++++++++++++

Following rules did not produce any violation or waived off during spyglass run

++++++++++++++++++++++++++++++++++++++++++++++++++++++++++++++++++++++++++++++++


================================================================================
	INDEX                                   RULE-NAME
================================================================================
	1                                  Ac_clockperiod01
	2                                  Ac_coherency06
	3                                  Ac_conv01
	4                                  Ac_conv03
	5                                  Ac_glitch03
	6                                  Ac_resetvalue01
	7                                  Ac_unsync01
	8                                  Ac_unsync02
	9                                  Ar_asyncdeassert01
	10                                 Ar_converge01
	11                                 Ar_syncrst_setupcheck01
	12                                 Ar_syncrstactive01
	13                                 Ar_syncrstcombo01
	14                                 Ar_syncrstload01
	15                                 Ar_syncrstload02
	16                                 Ar_syncrstpragma01
	17                                 Ar_syncrstrtl01
	18                                 Ar_unsync01
	19                                 Clock_check10
	20                                 Clock_converge01
	21                                 Clock_info03a
	22                                 Clock_info03c
	23                                 Clock_info05
	24                                 Clock_info05b
	25                                 Clock_sync05
	26                                 Clock_sync06
	27                                 FalsePathSetup
	28                                 Reset_check03
	29                                 Reset_check10
	30                                 Reset_check11
	31                                 Reset_check12
	32                                 Reset_info09a
	33                                 Reset_sync02
================================================================================
