
################################################################################
#
# This file has been generated by SpyGlass:
#     Report Name      : waiver
#     Report Created by: ICer
#     Report Created on:  Tue Sep 22 03:57:15 2026
#     Working Directory: /home/ICer/UART_System/Spyglass
#     SpyGlass Version : SpyGlass_vL-2016.06
#     Policy Name      : SpyGlass(SpyGlass_vL-2016.06)
#                        erc(SpyGlass_vL-2016.06)
#                        latch(SpyGlass_vL-2016.06)
#                        lint(SpyGlass_vL-2016.06)
#                        morelint(SpyGlass_vL-2016.06)
#                        openmore(SpyGlass_vL-2016.06)
#                        simulation(SpyGlass_vL-2016.06)
#                        starc(SpyGlass_vL-2016.06)
#                        starc2005(SpyGlass_vL-2016.06)
#                        timing(SpyGlass_vL-2016.06)
#
#     Total Number of Generated Messages :          8
#     Number of Waived Messages          :          3
#     Number of Reported Messages        :          5
#     Number of Overlimit Messages       :          0
#
#     Total Number of Waivers                            :          3
#     Number of Waivers Applied                          :          3
#     Number of Waivers with Regex and/or wildcard       :          0
#     Number of Waivers with -rule                       :          3
#     Number of Waivers with line number and/or file info:          0
#     Number of Waive -IP commands                       :          0
#
#
################################################################################

WAIVER REPORT:
+++++++++++++++++++++++++++++++++++++++++++++++++++++++++++++++++++++++++++++++

Design Issues Waiver Report
+++++++++++++++++++++++++++++++++++++++++++++++++++++++++++++++++++++++++++++++

Waiver comment : Created by ICer on 22-Sep-2026 03:25:28  Intentional Latch for Clock Gating Cell, will be removed when instantiating the ICG Built-in Cell
waive -rule "InferLatch" 
#spg_backref : "./spyglass-1/lint/lint_rtl/spyglass-1_waiver_file.awl" 1

1 message(s) waived:
===============================================================================
Index    Rule       Severity File                                                 Line Wt Message
===============================================================================
[B]      InferLatch Error    /home/ICer/UART_System/rtl/ClkDiv_ClkGate/CLK_GATE.v 20   5  Latch inferred for signal 'Latch_Out' in module 'CLK_GATE'
===============================================================================

Waiver comment : Created by ICer on 22-Sep-2026 03:54:21
waive -msg q%Clock signal 'sys_top.RX_CLK.div_clk_reg' used as a non-clock (Used with name 'sys_top.RX_CLK.div_clk_reg')% \
      -rule q%STARC05-1.4.3.4% 
#spg_backref : "./spyglass-1/lint/lint_rtl/spyglass-1_waiver_file.awl" 2

1 message(s) waived:
===============================================================================
Index    Rule            Severity File                                                     Line Wt Message
===============================================================================
[D]      STARC05-1.4.3.4 Warning  /home/ICer/UART_System/rtl/ClkDiv_ClkGate/Clk_divider.sv 48   10 Clock signal 'sys_top.RX_CLK.div_clk_reg' used as a non-clock (Used with name 'sys_top.RX_CLK.div_clk_reg')
===============================================================================

Waiver comment : Created by ICer on 22-Sep-2026 03:54:21 div_clk_reg is the divider output state , its not used as an unrelated data clock/control signal 
waive -msg q%Clock signal 'sys_top.TX_CLK.div_clk_reg' used as a non-clock (Used with name 'sys_top.TX_CLK.div_clk_reg')% \
      -rule q%STARC05-1.4.3.4% 
#spg_backref : "./spyglass-1/lint/lint_rtl/spyglass-1_waiver_file.awl" 4

1 message(s) waived:
===============================================================================
Index    Rule            Severity File                                                     Line Wt Message
===============================================================================
[C]      STARC05-1.4.3.4 Warning  /home/ICer/UART_System/rtl/ClkDiv_ClkGate/Clk_divider.sv 48   10 Clock signal 'sys_top.TX_CLK.div_clk_reg' used as a non-clock (Used with name 'sys_top.TX_CLK.div_clk_reg')
===============================================================================

