################################################################################
#
# This file has been generated by SpyGlass:
#     Report Created by: ICer
#     Report Created on: Mon Oct  5 03:52:13 2026
#     Working Directory: /home/ICer/UART_System/Spyglass2
#     Report Location  : ./spyglass-1/sys_top/dft/dft_scan_ready/spyglass_reports/dft/dft_optional_sgdc.rpt
#     SpyGlass Version : SpyGlass_vL-2016.06
#     Policy Name      : dft(SpyGlass_vL-2016.06)
#     Comment          : Generated by rule dftOptional_Constraint_Check
#
################################################################################

################################################################################
# Purpose :
#     This file has been generated by DFT-Rule
#     'dft_Optional_Constraint_Check'. It has
#     list of all the missing optional constraint
#     needed by a dft rule.
#     'Optional constraints, however, only affect the rule-behaviour.
################################################################################


################################################################################
# Format :
#     For each top-level module, and for each 'enabled' rule, the 'optional'
#     constraints required are listed. Alongside the constraint name is a '[+]'
#     or a '[-]' to indicate whether that constraint was found or not.
################################################################################
################################################################################
              RULE                       OPTIONAL CONSTRAINT
################################################################################


Current_Design : sys_top
----------------------------------------------------------------------
Diagnose_testclock
                                      test_mode[-]
----------------------------------------------------------------------
   Info_untestable
                                     force_scan[-]
                                  module_bypass[-]
                                  force_no_scan[-]
                                      scan_type[-]
                                       force_ta[-]
                                      scan_wrap[-]
                                     test_point[-]
                               clock -testclock[-]
                                      test_mode[-]
----------------------------------------------------------------------
     Info_coverage
                                     force_scan[-]
                                  module_bypass[-]
                                  force_no_scan[-]
                                      scan_type[-]
                                       force_ta[-]
                                      scan_wrap[-]
                                     test_point[-]
                               clock -testclock[-]
                                      test_mode[-]
----------------------------------------------------------------------
    Coverage_audit
                                     force_scan[-]
                                  module_bypass[-]
                                  force_no_scan[-]
                                      scan_type[-]
                                       force_ta[-]
                                      scan_wrap[-]
                                     test_point[-]
                               clock -testclock[-]
                                      test_mode[-]
----------------------------------------------------------------------
     Info_testmode
                               clock -testclock[-]
                                      test_mode[-]
----------------------------------------------------------------------
    Info_testclock
                                      test_mode[-]
----------------------------------------------------------------------
       Info_noScan
                                  force_no_scan[-]
----------------------------------------------------------------------
   Info_forcedScan
                                     force_scan[-]
                                  force_no_scan[-]
----------------------------------------------------------------------
Info_inferredNoScan
                                     force_scan[-]
                                  force_no_scan[-]
                                      scan_type[-]
                                      test_mode[-]
----------------------------------------------------------------------
     Info_scanwrap
                                      scan_wrap[-]
----------------------------------------------------------------------
          Async_07
                                     force_scan[-]
                                  force_no_scan[-]
                                      scan_type[-]
                                      test_mode[-]
----------------------------------------------------------------------
          Async_08
                                     force_scan[-]
                                  module_bypass[-]
                                  force_no_scan[-]
                                      scan_type[-]
                                       force_ta[-]
                                      scan_wrap[-]
                                     test_point[-]
                               clock -testclock[-]
                                      test_mode[-]
----------------------------------------------------------------------
          Clock_11
                                     force_scan[-]
                                  force_no_scan[-]
                                      scan_type[-]
                                      test_mode[-]
----------------------------------------------------------------------
  Clock_11_capture
                                     force_scan[-]
                                  force_no_scan[-]
                                      scan_type[-]
                                      test_mode[-]
----------------------------------------------------------------------
