################################################################################
#
# This file has been generated by SpyGlass:
#     Report Created by: ICer
#     Report Created on: Mon Oct  5 03:52:13 2026
#     Working Directory: /home/ICer/UART_System/Spyglass2
#     Report Location  : ./spyglass-1/sys_top/dft/dft_scan_ready/spyglass_reports/dft/dft_mandatory_sgdc.rpt
#     SpyGlass Version : SpyGlass_vL-2016.06
#     Policy Name      : dft(SpyGlass_vL-2016.06)
#     Comment          : Generated by rule dftMandatory_Constraint_Check
#
################################################################################

################################################################################
# Purpose :
#     This file has been generated by DFT-Rule
#     'dftMandatory_Constraint_Check'. It has
#     details of all missing mandatory constraints,
#     and the rules affected by their absence.
#     'Mandatory' constraints are essential to that rule's checking.
################################################################################


################################################################################
# Format :
#     For each top-level module, and for each 'enabled' 
#     rule, the 'mandatory' constraints required are listed.
#     Alongside the constraint name is a '[+]' or a '[-]' to
#     indicate whether that constraint was found or not.
################################################################################
################################################################################
              RULE                      MANDATORY CONSTRAINT
################################################################################


Current_Design : sys_top
----------------------------------------------------------------------
 Diagnose_testmode
                                      test_mode[-]
----------------------------------------------------------------------
Diagnose_testclock
                               clock -testclock[-]
----------------------------------------------------------------------
    Info_testclock
                               clock -testclock[-]
----------------------------------------------------------------------
          Clock_11
                               clock -testclock[-]
----------------------------------------------------------------------
  Clock_11_capture
                               clock -testclock[-]
----------------------------------------------------------------------
