################################################################################
#
# This file has been generated by SpyGlass:
#     Report Created by: ICer
#     Report Created on: Mon Oct  5 03:52:13 2026
#     Working Directory: /home/ICer/UART_System/Spyglass2
#     Report Location  : ./spyglass-1/sys_top/dft/dft_scan_ready/spyglass_reports/dft/dft_corrective_sgdc.rpt
#     SpyGlass Version : SpyGlass_vL-2016.06
#     Policy Name      : dft(SpyGlass_vL-2016.06)
#     Comment          : Generated by rule Async_07
#
################################################################################

################################################################################
# Purpose :
#     The report contains list of constraints from which user 
#     can choose for suppressing the concerned rules.
#     These constraint are in addition to the constraints
#     (if specified by user in constraint file).
#     Note: For testmode constraint generation power ground
#           nets are not considered.
################################################################################


################################################################################
# Format :
#     Name of the design and the constraints are listed
################################################################################
################################################################################
#
#  This file has been generated by the SpyGlass SGDC decompile routine
#

#Design Constraints :

current_design sys_top
    clock -name REF_CLK -domain REF_DOMAIN -period 10 -edge 0 5
    clock -name UART_CLK -domain UART_DOMAIN -period 271.267 -edge 0 135.6335
    clock -name "VIRTUAL_RST_CLK" -tag VIRTUAL_RST_CLK -domain \
          VIRTUAL_RST_DOMAIN -period 20 -edge 0 10 -virtual_clock 
    clock -name sys_top.tx_clk -domain UART_DOMAIN -period 8680.5555552 -edge \
          0 4340.2777776
    clock -name sys_top.rx_clk -domain UART_DOMAIN -period 271.2673611 -edge 0 \
          135.6336806
    reset -name RST_N -value 0 -async 
    abstract_port -ports UART_RX_IN -clock UART_CLK -module "sys_top"
    abstract_port -ports REF_CLK -clock REF_CLK -module "sys_top"
    abstract_port -ports UART_TX_O -clock UART_CLK -module "sys_top"
    abstract_port -ports RST_N -clock VIRTUAL_RST_CL -module "sys_top"
    set_case_analysis -name sys_top.test_mode -value "0"
    set_case_analysis -name sys_top.Regfile_u.REG2[7:0] -value "01000001"
    set_case_analysis -name sys_top.Regfile_u.REG3[7:0] -value "00100000"
    quasi_static -name sys_top.Regfile_u.REG2[7:0]
    quasi_static -name sys_top.Regfile_u.REG3[7:0]
    fifo -memory "sys_top.FIFO_u.U1.mem[63:0]"
    fifo -memory "sys_top.FIFO_u.U1" -rd_data "sys_top.FIFO_u.RD_DATA[7:0]" \
         -wr_data "sys_top.FIFO_u.WR_DATA[7:0]"

#Waive Constraints :
waive -rule _domainInfo _domainAnalysis2 --delete_internal_use_only 

current_design sys_top

         #The constraint:
                 testmode -name "sys_top.rst_m" -value 1 -scanshift 
         #Affects :
         #Async_07 : [RESET]Disables 6 flip-flops.

         #The constraint:
                 testmode -name "sys_top.ref_rst" -value 1 -scanshift 
         #Affects :
         #Async_07 : [SET]Disables 3 flip-flops.
         #Async_07 : [RESET]Disables 201 flip-flops.

         #The constraint:
                 testmode -name "sys_top.uart_rst" -value 1 -scanshift 
         #Affects :
         #Async_07 : [SET]Disables 2 flip-flops.
         #Async_07 : [RESET]Disables 18 flip-flops.

         #The constraint:
                 testmode -name "sys_top.tx_rst" -value 1 -scanshift 
         #Affects :
         #Async_07 : [SET]Disables 1 flip-flops.
         #Async_07 : [RESET]Disables 36 flip-flops.

         #The constraint:
                 testmode -name "sys_top.rx_rst" -value 1 -scanshift 
         #Affects :
         #Async_07 : [RESET]Disables 37 flip-flops.
                 clock -testclock -name "sys_top.clk_m_UART" -value rtz
         #Affects :
         #Clock_11 : Pulses 17 flip-flops.
                 clock -testclock -name "sys_top.clk_m_REF" -value rtz
         #Affects :
         #Clock_11 : Pulses 254 flip-flops.
                 clock -testclock -name "sys_top.alu_cg" -value rtz
         #Affects :
         #Clock_11 : Pulses 17 flip-flops.
                 clock -testclock -name "sys_top.tx_clk" -value rtz
         #Affects :
         #Clock_11 : Pulses 40 flip-flops.
                 clock -testclock -name "sys_top.rx_clk" -value rtz
         #Affects :
         #Clock_11 : Pulses 40 flip-flops.
