################################################################################
#
# This file has been generated by SpyGlass:
#     Report Created by: ICer
#     Report Created on: Mon Oct  5 03:52:13 2026
#     Working Directory: /home/ICer/UART_System/Spyglass2
#     Report Location  : ./spyglass-1/sys_top/dft/dft_scan_ready/spyglass_reports/dft/no_scan.rpt
#     SpyGlass Version : SpyGlass_vL-2016.06
#     Policy Name      : dft(SpyGlass_vL-2016.06)
#     Comment          : Generated by rule Info_noScan
#
################################################################################

################################################################################
# Purpose :
#    List of all objects which are marked as 'no scan' due to 
#    presence of 'no_scan' sgdc command.

################################################################################


################################################################################
# Format :
#    Design Name : design
#      'number of no-scan objects' <sgdc command>
#        FF | Latch | BB: Object name

################################################################################


################################################################################
  Design Name : "sys_top"


  SUMMARY:
  '0' objects are marked as 'force_no_scan' for design "sys_top"
################################################################################

