
################################################################################
#
# This file has been generated by SpyGlass:
#     Report Name      : moresimple
#     Report Created by: 
#     Report Created on: 
#     Working Directory: 
#     Report Location  : ./spyglass-2/spyglass_cache/autogenerated_sglib/lc/spyglass_lc_aggregate_reports/moresimple.rpt
#     SpyGlass Version : 
#     Policy Name      : SpyGlass(SpyGlass_vL-2016.06)
#
#     Total Number of Generated Messages :          1
#     Number of Waived Messages          :          0
#     Number of Reported Messages        :          1
#     Number of Overlimit Messages       :          0
#
#
################################################################################

+++++++++++++++++++++++++++++++++++++++++++++++++++++++++++++++++++++++
MORESIMPLE REPORT:
############### FATAL MESSAGES ############### 
+++++++++++++++++++++++++++++++++++++++++++++++++++++++++++++++++++++++++++++++++
ID       Rule          Alias    Severity    File                                                        Line    Wt      Message
======================================================================================
[0]      LIBSTX_403             Syntax      ../Cell_Library/scmetro_tsmc_cl013g_rvt_ff_1p32v_m40c.db    1       1000    Parse error on or before token `'
+++++++++++++++++++++++++++++++++++++++++++++++++++++++++++++++++++++++++++++++++++++++
