SpyGlass run started at 07:02:12 PM on Oct 03 2026

SpyGlass Library Compiler(R) - Version SpyGlass_vL-2016.06
Last compiled on May 20 2016

All Rights Reserved. Use, disclosure or duplication
without prior written permission of Synopsys Inc. is prohibited.
Technical support: email spyglass_support@synopsys.com.


Running SpyGlass 64-bit Executable: /home/synopsys/SpyGlass-L2016.06/SPYGLASS_HOME/obj/check.Linux4
Loading Policy: spyglass (Version: SpyGlass_vL-2016.06) from path: /home/synopsys/SpyGlass-L2016.06/SPYGLASS_HOME/policies/spyglass
Loading Shared library libspyglassrules-Linux4.spyso from /home/synopsys/SpyGlass-L2016.06/SPYGLASS_HOME/lib/libspyglassrules-Linux4.spyso 
Loading Shared library librmerules-Linux4.spyso from /home/synopsys/SpyGlass-L2016.06/SPYGLASS_HOME/lib/librmerules-Linux4.spyso 
##build_id : SpyGlass_vL-2016.06
##system   : Linux IC_EDA 3.10.0-1160.6.1.el7.x86_64 #1 SMP Tue Nov 17 13:59:11 UTC 2020 x86_64
##cwd      : /home/ICer/UART_System/Spyglass
##lang     : Verilog+VHDL
##args     : -mSpyGlass::Compatibility::v2_7_3 \
             -lib WORK WORK \
             -nl \
             -quiet \
             -wdir './spyglass-2/spyglass_cache/autogenerated_sglib/lc' \
             -outsglib './spyglass-2/spyglass_cache/autogenerated_sglib/aggregate.sglib' \
             -gateslib '../Cell_Library/scmetro_tsmc_cl013g_rvt_ff_1p32v_m40c.db' \
             -gateslib '../Cell_Library/scmetro_tsmc_cl013g_rvt_ss_1p08v_125c.db' \
             -gateslib '../Cell_Library/scmetro_tsmc_cl013g_rvt_tt_1p2v_25c.db' \
             -cachedir './spyglass-2/spyglass_cache' \
             --libcomp_mode \
             -enable_pass_exit_codes \
             -enable_gateslib_autocompile \
             -64bit 
##verbosity level   : 2
##exact cmdline arg : -mSpyGlass::Compatibility::v2_7_3 --libcomp_mode -enable_gateslib_autocompile -wdir './spyglass-2/spyglass_cache/autogenerated_sglib/lc' -outsglib './spyglass-2/spyglass_cache/autogenerated_sglib/aggregate.sglib' -cachedir './spyglass-2/spyglass_cache' -quiet -nl -64bit -enable_pass_exit_codes -f './spyglass-2/spyglass_cache/autogenerated_sglib/lib_sources.f'
##spyglass_run.csh begins :
;	cd /home/ICer/UART_System/Spyglass
;	setenv ATRENTA_LICENSE_FILE 
;	setenv SPYGLASS_LD_PRELOAD /home/synopsys/SpyGlass-L2016.06/SPYGLASS_HOME/lib/libsgjemalloc-Linux4.so
;	setenv SPYGLASS_DW_PATH /home/synopsys/SpyGlass-L2016.06/SPYGLASS_HOME/dw_support
;	/home/synopsys/SpyGlass-L2016.06/SPYGLASS_HOME/bin/spyglass  -mSpyGlass::Compatibility::v2_7_3 --libcomp_mode -enable_gateslib_autocompile -wdir './spyglass-2/spyglass_cache/autogenerated_sglib/lc' -outsglib './spyglass-2/spyglass_cache/autogenerated_sglib/aggregate.sglib' -cachedir './spyglass-2/spyglass_cache' -quiet -nl -64bit -enable_pass_exit_codes -f './spyglass-2/spyglass_cache/autogenerated_sglib/lib_sources.f'
##spyglass_run.csh ends
##files    :
***Syntax Errors detected - LIBRARY COMPILATION ABORTED***
##SGDEBUG [PEAK_MEMORY]: 558256 KB for entire run at 'HdlLibDuCheck_01.Init' stage
##SGDEBUG [VMPEAK_MEMORY]: 566704 KB for entire run
##SGDEBUG [BENCHMARK_ABSOLUTE]: Rule checking aborted: 0 sec, 58100 KB, 556980 KB
##SGDEBUG [BENCHMARK_INCR]: Rule checking aborted: 0 sec, 58100 KB, 556980 KB


=====================================================================================
							Rule Parameter Table
=====================================================================================

	PARAMETER-NAME                                     VALUE
-------------------------------------------------------------------------------------
=====================================================================================



=====================================================================================
                               Rule Status Table

 RULE-NAME                      POLICY-NAME     ENABLED VIOL-CNT RULE-TYPE   ERROR-MSG         
=====================================================================================
 LIBSTX_403                     SpyGlass        Yes            1 SETUP          -               
-------------------------------------------------------------------------------------
Note: VSDU type of rules (as seen in the above table) are not run on
      unsynthesized modules reported by 'ErrorAnalyzeBBox/InfoAnalyzeBBox' messages
      (Please see messages starting with keyword 'UnsynthesizedDU')


---------------------------------------------------------------------------------------------
Results Summary:
---------------------------------------------------------------------------------------------
** Design Read        :      1 fatal,      0 error,        0 warning,      0 information message 
   -------------------------------------------------------------------------------------
** Total              :      1 fatal,      0 error,        0 warning,      0 information message 

  NOTE: It is recommended to first fix/reconcile fatals/errors reported on
        lines starting with ** as subsequent issues might be related to it.
        Please re-run SpyGlass once ** prefixed lines are fatal/error clean.

---------------------------------------------------------------------------------------------



##status : SpyGlass Library Compilation Failed.

