
################################################################################
#
# This file has been generated by SpyGlass:
#     Report Name      : CKTree
#     Report Created by: ICer
#     Report Created on:  Mon Oct  5 03:49:49 2026
#     Working Directory: /home/ICer/UART_System/Spyglass2
#     SpyGlass Version : SpyGlass_vL-2016.06
#     Policy Name      : clock-reset(SpyGlass_vL-2016.06)
#     Comment          : Report generated by rule Clock_info02
#
################################################################################

################################################################################
# 
# Purpose: 
#     This report shows the clock trees for clocks. It is generated if rule
#     Clock_info02 has been enabled and clock constraints have been defined 
#     or parameter use_inferred_clocks enabled.
#     This report is sensitive to any case analysis settings that have been set.
# 
# Format: 
#     Clock tree is shown in a tree-like format.(The nodes are indented according to
#     their position in hierarchy,"`--" is  used to indicate whether a net/cell is
#     the last child at a particular level,"|--" is used for rest of the nodes. The
#     level is also printed in braces before every net/cell).
#     The (+)/(-) suffix to a leaf-level cell output net name indicates the clock
#     polarity reaching the flip-flop.
#     When (x) suffix is present, it indicates that clock polarity could not be
#     uniquely determined.
# 
#     A leaf on the tree can be one of:
#     a. A register inferred from the RTL - the hierarchical name of the registered
#                   net is shown along with the polarity of the clock at that point
# 
#     b. A black box - the hierarchical name of the black box instance is annotated
#                   with its master name, the name of the pin connected to the clock,
#                   the polarity of the clock and (Black-Box) to indicate that this
#                   is a black box
# 
#     c. A latch inferred from the RTL - the hierarchical name of the latched net is
#                   shown along with the polarity of the clock and (Latch) to indicate
#                   that this is latched net. For a latch to be a leaf, the enable
#                   pin of the latch should be connected to the clock.
# 
#     d. A sequential leaf cell - the hierarchical name of the sequential instance,
#                   which is neither known to be a flop nor a latch, is annotated
#                   with its master name, the name of the pin connected to the clock,
#                   the polarity of the clock and (Sequential Logic Cell) to indicate
#                   that this is a sequential leaf cell
# 
#     The intermediate nodes of a tree can be one of:
#     a. A net - the hierarchical name of the net found while walking along a path
#                from the root of the tree to a leaf is shown
#     b. A register inferred from the RTL - this is possible when the register is a
#                divide-by-two counter used to divide the clock frequency by two. The
#                hierarchical name of the registered net is shown along with the
#                polarity of the clock at that point.
# 
#     If the same intermediate node is observed more than once on different paths
#     from root to leaves, then the sub-tree beyond this node is shown only after its
#     first occurence in the tree. For the other occurences, a reference to the 
#     sub-tree is shown. This rule is recursively followed for the sub-trees also.
################################################################################

============================================
ROOT CLOCK: sys_top.rx_clk
|-- (1)sys_top.UART_TX_RX.U0_UART_RX.U7.sample_valid_d (+)
|-- (1)sys_top.UART_TX_RX.U0_UART_RX.U7.c_state[0] (+)
|-- (1)sys_top.UART_TX_RX.U0_UART_RX.U7.c_state[1] (+)
|-- (1)sys_top.UART_TX_RX.U0_UART_RX.U7.c_state[2] (+)
|-- (1)sys_top.rx_out_v (+)
|-- (1)sys_top.UART_TX_RX.U0_UART_RX.stp_err (+)
|-- (1)sys_top.UART_TX_RX.U0_UART_RX.stp_done (+)
|-- (1)sys_top.UART_TX_RX.U0_UART_RX.strt_glitch (+)
|-- (1)sys_top.UART_TX_RX.U0_UART_RX.par_err (+)
|-- (1)sys_top.UART_TX_RX.U0_UART_RX.par_done (+)
|-- (1)sys_top.UART_TX_RX.U0_UART_RX.U4.parity_reg (+)
|-- (1)sys_top.UART_TX_RX.U0_UART_RX.U4.count[0] (+)
|-- (1)sys_top.UART_TX_RX.U0_UART_RX.U4.count[1] (+)
|-- (1)sys_top.UART_TX_RX.U0_UART_RX.U4.count[2] (+)
|-- (1)sys_top.UART_TX_RX.U0_UART_RX.U4.count[3] (+)
|-- (1)sys_top.UART_TX_RX.U0_UART_RX.bit_cnt[0] (+)
|-- (1)sys_top.UART_TX_RX.U0_UART_RX.bit_cnt[1] (+)
|-- (1)sys_top.UART_TX_RX.U0_UART_RX.bit_cnt[2] (+)
|-- (1)sys_top.UART_TX_RX.U0_UART_RX.bit_cnt[3] (+)
|-- (1)sys_top.UART_TX_RX.U0_UART_RX.edge_cnt[0] (+)
|-- (1)sys_top.UART_TX_RX.U0_UART_RX.edge_cnt[1] (+)
|-- (1)sys_top.UART_TX_RX.U0_UART_RX.edge_cnt[2] (+)
|-- (1)sys_top.UART_TX_RX.U0_UART_RX.edge_cnt[3] (+)
|-- (1)sys_top.UART_TX_RX.U0_UART_RX.edge_cnt[4] (+)
|-- (1)sys_top.UART_TX_RX.U0_UART_RX.edge_cnt[5] (+)
|-- (1)sys_top.UART_TX_RX.U0_UART_RX.samp_b (+)
|-- (1)sys_top.UART_TX_RX.U0_UART_RX.samp_valid (+)
|-- (1)sys_top.UART_TX_RX.U0_UART_RX.U2.s0 (+)
|-- (1)sys_top.UART_TX_RX.U0_UART_RX.U2.s1 (+)
|-- (1)sys_top.rx_p_out[0] (+)
|-- (1)sys_top.rx_p_out[1] (+)
|-- (1)sys_top.rx_p_out[2] (+)
|-- (1)sys_top.rx_p_out[3] (+)
|-- (1)sys_top.rx_p_out[4] (+)
|-- (1)sys_top.rx_p_out[5] (+)
|-- (1)sys_top.rx_p_out[6] (+)
|-- (1)sys_top.rx_p_out[7] (+)
|-- (1)sys_top.rx_rst_sync.n_synch[0] (+)
|-- (1)sys_top.rx_rst_sync.n_synch[1] (+)
`-- (1)sys_top.rx_rst_sync.n_synch[2] (+)
============================================
ROOT CLOCK: sys_top.tx_clk
|-- (1)sys_top.Pulse_U.pls_flop (+)
|-- (1)sys_top.Pulse_U.rcv_flop (+)
|-- (1)sys_top.FIFO_u.U2_WRptr_sync.s1[0] (+)
|-- (1)sys_top.FIFO_u.U2_WRptr_sync.s1[1] (+)
|-- (1)sys_top.FIFO_u.U2_WRptr_sync.s1[2] (+)
|-- (1)sys_top.FIFO_u.U2_WRptr_sync.s1[3] (+)
|-- (1)sys_top.FIFO_u.U2_WRptr_sync.s0[0] (+)
|-- (1)sys_top.FIFO_u.U2_WRptr_sync.s0[1] (+)
|-- (1)sys_top.FIFO_u.U2_WRptr_sync.s0[2] (+)
|-- (1)sys_top.FIFO_u.U2_WRptr_sync.s0[3] (+)
|-- (1)sys_top.FIFO_u.U5.RD_PTR_BIN[0] (+)
|-- (1)sys_top.FIFO_u.U5.RD_PTR_BIN[1] (+)
|-- (1)sys_top.FIFO_u.U5.RD_PTR_BIN[2] (+)
|-- (1)sys_top.FIFO_u.U5.RD_PTR_BIN[3] (+)
|-- (1)sys_top.FIFO_u.empty_w (+)
|-- (1)sys_top.FIFO_u.r_ptr[0] (+)
|-- (1)sys_top.FIFO_u.r_ptr[1] (+)
|-- (1)sys_top.FIFO_u.r_ptr[2] (+)
|-- (1)sys_top.FIFO_u.r_ptr[3] (+)
|-- (1)sys_top.UART_TX_RX.U0_UART_TX.ser_done (+)
|-- (1)sys_top.UART_TX_RX.U0_UART_TX.ser_data (+)
|-- (1)sys_top.UART_TX_RX.U0_UART_TX.U1.mem[0] (+)
|-- (1)sys_top.UART_TX_RX.U0_UART_TX.U1.mem[1] (+)
|-- (1)sys_top.UART_TX_RX.U0_UART_TX.U1.mem[2] (+)
|-- (1)sys_top.UART_TX_RX.U0_UART_TX.U1.mem[3] (+)
|-- (1)sys_top.UART_TX_RX.U0_UART_TX.U1.mem[4] (+)
|-- (1)sys_top.UART_TX_RX.U0_UART_TX.U1.mem[5] (+)
|-- (1)sys_top.UART_TX_RX.U0_UART_TX.U1.mem[6] (+)
|-- (1)sys_top.UART_TX_RX.U0_UART_TX.U1.mem[7] (+)
|-- (1)sys_top.UART_TX_RX.U0_UART_TX.U1.loading (+)
|-- (1)sys_top.UART_TX_RX.U0_UART_TX.U1.counter[0] (+)
|-- (1)sys_top.UART_TX_RX.U0_UART_TX.U1.counter[1] (+)
|-- (1)sys_top.UART_TX_RX.U0_UART_TX.U1.counter[2] (+)
|-- (1)sys_top.UART_TX_RX.U0_UART_TX.U2.current_state[0] (+)
|-- (1)sys_top.UART_TX_RX.U0_UART_TX.U2.current_state[1] (+)
|-- (1)sys_top.UART_TX_RX.U0_UART_TX.U2.current_state[2] (+)
|-- (1)sys_top.UART_TX_RX.U0_UART_TX.par_bit (+)
|-- (1)sys_top.tx_rst_sync.n_synch[0] (+)
|-- (1)sys_top.tx_rst_sync.n_synch[1] (+)
`-- (1)sys_top.tx_rst_sync.n_synch[2] (+)
============================================
ROOT CLOCK: sys_top.UART_CLK
`-- (1)sys_top.clk_m_UART
    |-- (2)sys_top.uart_rst_sync.n_synch[0] (+)
    |-- (2)sys_top.uart_rst_sync.n_synch[1] (+)
    |-- (2)sys_top.uart_rst_sync.n_synch[2] (+)
    |-- (2)sys_top.rx_func_clk
    |   `-- (3)sys_top.rx_clk
    |       |-- (4)sys_top.UART_TX_RX.U0_UART_RX.U7.sample_valid_d (+)
    |       |-- (4)sys_top.UART_TX_RX.U0_UART_RX.U7.c_state[0] (+)
    |       |-- (4)sys_top.UART_TX_RX.U0_UART_RX.U7.c_state[1] (+)
    |       |-- (4)sys_top.UART_TX_RX.U0_UART_RX.U7.c_state[2] (+)
    |       |-- (4)sys_top.rx_out_v (+)
    |       |-- (4)sys_top.UART_TX_RX.U0_UART_RX.stp_err (+)
    |       |-- (4)sys_top.UART_TX_RX.U0_UART_RX.stp_done (+)
    |       |-- (4)sys_top.UART_TX_RX.U0_UART_RX.strt_glitch (+)
    |       |-- (4)sys_top.UART_TX_RX.U0_UART_RX.par_err (+)
    |       |-- (4)sys_top.UART_TX_RX.U0_UART_RX.par_done (+)
    |       |-- (4)sys_top.UART_TX_RX.U0_UART_RX.U4.parity_reg (+)
    |       |-- (4)sys_top.UART_TX_RX.U0_UART_RX.U4.count[0] (+)
    |       |-- (4)sys_top.UART_TX_RX.U0_UART_RX.U4.count[1] (+)
    |       |-- (4)sys_top.UART_TX_RX.U0_UART_RX.U4.count[2] (+)
    |       |-- (4)sys_top.UART_TX_RX.U0_UART_RX.U4.count[3] (+)
    |       |-- (4)sys_top.UART_TX_RX.U0_UART_RX.bit_cnt[0] (+)
    |       |-- (4)sys_top.UART_TX_RX.U0_UART_RX.bit_cnt[1] (+)
    |       |-- (4)sys_top.UART_TX_RX.U0_UART_RX.bit_cnt[2] (+)
    |       |-- (4)sys_top.UART_TX_RX.U0_UART_RX.bit_cnt[3] (+)
    |       |-- (4)sys_top.UART_TX_RX.U0_UART_RX.edge_cnt[0] (+)
    |       |-- (4)sys_top.UART_TX_RX.U0_UART_RX.edge_cnt[1] (+)
    |       |-- (4)sys_top.UART_TX_RX.U0_UART_RX.edge_cnt[2] (+)
    |       |-- (4)sys_top.UART_TX_RX.U0_UART_RX.edge_cnt[3] (+)
    |       |-- (4)sys_top.UART_TX_RX.U0_UART_RX.edge_cnt[4] (+)
    |       |-- (4)sys_top.UART_TX_RX.U0_UART_RX.edge_cnt[5] (+)
    |       |-- (4)sys_top.UART_TX_RX.U0_UART_RX.samp_b (+)
    |       |-- (4)sys_top.UART_TX_RX.U0_UART_RX.samp_valid (+)
    |       |-- (4)sys_top.UART_TX_RX.U0_UART_RX.U2.s0 (+)
    |       |-- (4)sys_top.UART_TX_RX.U0_UART_RX.U2.s1 (+)
    |       |-- (4)sys_top.rx_p_out[0] (+)
    |       |-- (4)sys_top.rx_p_out[1] (+)
    |       |-- (4)sys_top.rx_p_out[2] (+)
    |       |-- (4)sys_top.rx_p_out[3] (+)
    |       |-- (4)sys_top.rx_p_out[4] (+)
    |       |-- (4)sys_top.rx_p_out[5] (+)
    |       |-- (4)sys_top.rx_p_out[6] (+)
    |       |-- (4)sys_top.rx_p_out[7] (+)
    |       |-- (4)sys_top.rx_rst_sync.n_synch[0] (+)
    |       |-- (4)sys_top.rx_rst_sync.n_synch[1] (+)
    |       `-- (4)sys_top.rx_rst_sync.n_synch[2] (+)
    `-- (2)sys_top.tx_func_clk
        `-- (3)sys_top.tx_clk
            |-- (4)sys_top.Pulse_U.pls_flop (+)
            |-- (4)sys_top.Pulse_U.rcv_flop (+)
            |-- (4)sys_top.FIFO_u.U2_WRptr_sync.s1[0] (+)
            |-- (4)sys_top.FIFO_u.U2_WRptr_sync.s1[1] (+)
            |-- (4)sys_top.FIFO_u.U2_WRptr_sync.s1[2] (+)
            |-- (4)sys_top.FIFO_u.U2_WRptr_sync.s1[3] (+)
            |-- (4)sys_top.FIFO_u.U2_WRptr_sync.s0[0] (+)
            |-- (4)sys_top.FIFO_u.U2_WRptr_sync.s0[1] (+)
            |-- (4)sys_top.FIFO_u.U2_WRptr_sync.s0[2] (+)
            |-- (4)sys_top.FIFO_u.U2_WRptr_sync.s0[3] (+)
            |-- (4)sys_top.FIFO_u.U5.RD_PTR_BIN[0] (+)
            |-- (4)sys_top.FIFO_u.U5.RD_PTR_BIN[1] (+)
            |-- (4)sys_top.FIFO_u.U5.RD_PTR_BIN[2] (+)
            |-- (4)sys_top.FIFO_u.U5.RD_PTR_BIN[3] (+)
            |-- (4)sys_top.FIFO_u.empty_w (+)
            |-- (4)sys_top.FIFO_u.r_ptr[0] (+)
            |-- (4)sys_top.FIFO_u.r_ptr[1] (+)
            |-- (4)sys_top.FIFO_u.r_ptr[2] (+)
            |-- (4)sys_top.FIFO_u.r_ptr[3] (+)
            |-- (4)sys_top.UART_TX_RX.U0_UART_TX.ser_done (+)
            |-- (4)sys_top.UART_TX_RX.U0_UART_TX.ser_data (+)
            |-- (4)sys_top.UART_TX_RX.U0_UART_TX.U1.mem[0] (+)
            |-- (4)sys_top.UART_TX_RX.U0_UART_TX.U1.mem[1] (+)
            |-- (4)sys_top.UART_TX_RX.U0_UART_TX.U1.mem[2] (+)
            |-- (4)sys_top.UART_TX_RX.U0_UART_TX.U1.mem[3] (+)
            |-- (4)sys_top.UART_TX_RX.U0_UART_TX.U1.mem[4] (+)
            |-- (4)sys_top.UART_TX_RX.U0_UART_TX.U1.mem[5] (+)
            |-- (4)sys_top.UART_TX_RX.U0_UART_TX.U1.mem[6] (+)
            |-- (4)sys_top.UART_TX_RX.U0_UART_TX.U1.mem[7] (+)
            |-- (4)sys_top.UART_TX_RX.U0_UART_TX.U1.loading (+)
            |-- (4)sys_top.UART_TX_RX.U0_UART_TX.U1.counter[0] (+)
            |-- (4)sys_top.UART_TX_RX.U0_UART_TX.U1.counter[1] (+)
            |-- (4)sys_top.UART_TX_RX.U0_UART_TX.U1.counter[2] (+)
            |-- (4)sys_top.UART_TX_RX.U0_UART_TX.U2.current_state[0] (+)
            |-- (4)sys_top.UART_TX_RX.U0_UART_TX.U2.current_state[1] (+)
            |-- (4)sys_top.UART_TX_RX.U0_UART_TX.U2.current_state[2] (+)
            |-- (4)sys_top.UART_TX_RX.U0_UART_TX.par_bit (+)
            |-- (4)sys_top.tx_rst_sync.n_synch[0] (+)
            |-- (4)sys_top.tx_rst_sync.n_synch[1] (+)
            `-- (4)sys_top.tx_rst_sync.n_synch[2] (+)
============================================
ROOT CLOCK: sys_top.REF_CLK
`-- (1)sys_top.clk_m_REF
    |-- (2)sys_top.FIFO_u.U1.mem[7][0] (+)
    |-- (2)sys_top.FIFO_u.U1.mem[7][1] (+)
    |-- (2)sys_top.FIFO_u.U1.mem[7][2] (+)
    |-- (2)sys_top.FIFO_u.U1.mem[7][3] (+)
    |-- (2)sys_top.FIFO_u.U1.mem[7][4] (+)
    |-- (2)sys_top.FIFO_u.U1.mem[7][5] (+)
    |-- (2)sys_top.FIFO_u.U1.mem[7][6] (+)
    |-- (2)sys_top.FIFO_u.U1.mem[7][7] (+)
    |-- (2)sys_top.FIFO_u.U1.mem[6][0] (+)
    |-- (2)sys_top.FIFO_u.U1.mem[6][1] (+)
    |-- (2)sys_top.FIFO_u.U1.mem[6][2] (+)
    |-- (2)sys_top.FIFO_u.U1.mem[6][3] (+)
    |-- (2)sys_top.FIFO_u.U1.mem[6][4] (+)
    |-- (2)sys_top.FIFO_u.U1.mem[6][5] (+)
    |-- (2)sys_top.FIFO_u.U1.mem[6][6] (+)
    |-- (2)sys_top.FIFO_u.U1.mem[6][7] (+)
    |-- (2)sys_top.FIFO_u.U1.mem[5][0] (+)
    |-- (2)sys_top.FIFO_u.U1.mem[5][1] (+)
    |-- (2)sys_top.FIFO_u.U1.mem[5][2] (+)
    |-- (2)sys_top.FIFO_u.U1.mem[5][3] (+)
    |-- (2)sys_top.FIFO_u.U1.mem[5][4] (+)
    |-- (2)sys_top.FIFO_u.U1.mem[5][5] (+)
    |-- (2)sys_top.FIFO_u.U1.mem[5][6] (+)
    |-- (2)sys_top.FIFO_u.U1.mem[5][7] (+)
    |-- (2)sys_top.FIFO_u.U1.mem[4][0] (+)
    |-- (2)sys_top.FIFO_u.U1.mem[4][1] (+)
    |-- (2)sys_top.FIFO_u.U1.mem[4][2] (+)
    |-- (2)sys_top.FIFO_u.U1.mem[4][3] (+)
    |-- (2)sys_top.FIFO_u.U1.mem[4][4] (+)
    |-- (2)sys_top.FIFO_u.U1.mem[4][5] (+)
    |-- (2)sys_top.FIFO_u.U1.mem[4][6] (+)
    |-- (2)sys_top.FIFO_u.U1.mem[4][7] (+)
    |-- (2)sys_top.FIFO_u.U1.mem[3][0] (+)
    |-- (2)sys_top.FIFO_u.U1.mem[3][1] (+)
    |-- (2)sys_top.FIFO_u.U1.mem[3][2] (+)
    |-- (2)sys_top.FIFO_u.U1.mem[3][3] (+)
    |-- (2)sys_top.FIFO_u.U1.mem[3][4] (+)
    |-- (2)sys_top.FIFO_u.U1.mem[3][5] (+)
    |-- (2)sys_top.FIFO_u.U1.mem[3][6] (+)
    |-- (2)sys_top.FIFO_u.U1.mem[3][7] (+)
    |-- (2)sys_top.FIFO_u.U1.mem[2][0] (+)
    |-- (2)sys_top.FIFO_u.U1.mem[2][1] (+)
    |-- (2)sys_top.FIFO_u.U1.mem[2][2] (+)
    |-- (2)sys_top.FIFO_u.U1.mem[2][3] (+)
    |-- (2)sys_top.FIFO_u.U1.mem[2][4] (+)
    |-- (2)sys_top.FIFO_u.U1.mem[2][5] (+)
    |-- (2)sys_top.FIFO_u.U1.mem[2][6] (+)
    |-- (2)sys_top.FIFO_u.U1.mem[2][7] (+)
    |-- (2)sys_top.FIFO_u.U1.mem[1][0] (+)
    |-- (2)sys_top.FIFO_u.U1.mem[1][1] (+)
    |-- (2)sys_top.FIFO_u.U1.mem[1][2] (+)
    |-- (2)sys_top.FIFO_u.U1.mem[1][3] (+)
    |-- (2)sys_top.FIFO_u.U1.mem[1][4] (+)
    |-- (2)sys_top.FIFO_u.U1.mem[1][5] (+)
    |-- (2)sys_top.FIFO_u.U1.mem[1][6] (+)
    |-- (2)sys_top.FIFO_u.U1.mem[1][7] (+)
    |-- (2)sys_top.FIFO_u.U1.mem[0][0] (+)
    |-- (2)sys_top.FIFO_u.U1.mem[0][1] (+)
    |-- (2)sys_top.FIFO_u.U1.mem[0][2] (+)
    |-- (2)sys_top.FIFO_u.U1.mem[0][3] (+)
    |-- (2)sys_top.FIFO_u.U1.mem[0][4] (+)
    |-- (2)sys_top.FIFO_u.U1.mem[0][5] (+)
    |-- (2)sys_top.FIFO_u.U1.mem[0][6] (+)
    |-- (2)sys_top.FIFO_u.U1.mem[0][7] (+)
    |-- (2)sys_top.FIFO_u.U3_RDptr_sync.s1[0] (+)
    |-- (2)sys_top.FIFO_u.U3_RDptr_sync.s1[1] (+)
    |-- (2)sys_top.FIFO_u.U3_RDptr_sync.s1[2] (+)
    |-- (2)sys_top.FIFO_u.U3_RDptr_sync.s1[3] (+)
    |-- (2)sys_top.FIFO_u.U3_RDptr_sync.s0[0] (+)
    |-- (2)sys_top.FIFO_u.U3_RDptr_sync.s0[1] (+)
    |-- (2)sys_top.FIFO_u.U3_RDptr_sync.s0[2] (+)
    |-- (2)sys_top.FIFO_u.U3_RDptr_sync.s0[3] (+)
    |-- (2)sys_top.FIFO_u.U4.WR_PTR_BIN[0] (+)
    |-- (2)sys_top.FIFO_u.U4.WR_PTR_BIN[1] (+)
    |-- (2)sys_top.FIFO_u.U4.WR_PTR_BIN[2] (+)
    |-- (2)sys_top.FIFO_u.U4.WR_PTR_BIN[3] (+)
    |-- (2)sys_top.FIFO_u.full_w (+)
    |-- (2)sys_top.FIFO_u.w_ptr[0] (+)
    |-- (2)sys_top.FIFO_u.w_ptr[1] (+)
    |-- (2)sys_top.FIFO_u.w_ptr[2] (+)
    |-- (2)sys_top.FIFO_u.w_ptr[3] (+)
    |-- (2)sys_top.rd_data_vld (+)
    |-- (2)sys_top.rd_data[0] (+)
    |-- (2)sys_top.rd_data[1] (+)
    |-- (2)sys_top.rd_data[2] (+)
    |-- (2)sys_top.rd_data[3] (+)
    |-- (2)sys_top.rd_data[4] (+)
    |-- (2)sys_top.rd_data[5] (+)
    |-- (2)sys_top.rd_data[6] (+)
    |-- (2)sys_top.rd_data[7] (+)
    |-- (2)sys_top.Regfile_u.reg_file[15][0] (+)
    |-- (2)sys_top.Regfile_u.reg_file[15][1] (+)
    |-- (2)sys_top.Regfile_u.reg_file[15][2] (+)
    |-- (2)sys_top.Regfile_u.reg_file[15][3] (+)
    |-- (2)sys_top.Regfile_u.reg_file[15][4] (+)
    |-- (2)sys_top.Regfile_u.reg_file[15][5] (+)
    |-- (2)sys_top.Regfile_u.reg_file[15][6] (+)
    |-- (2)sys_top.Regfile_u.reg_file[15][7] (+)
    |-- (2)sys_top.Regfile_u.reg_file[14][0] (+)
    |-- (2)sys_top.Regfile_u.reg_file[14][1] (+)
    |-- (2)sys_top.Regfile_u.reg_file[14][2] (+)
    |-- (2)sys_top.Regfile_u.reg_file[14][3] (+)
    |-- (2)sys_top.Regfile_u.reg_file[14][4] (+)
    |-- (2)sys_top.Regfile_u.reg_file[14][5] (+)
    |-- (2)sys_top.Regfile_u.reg_file[14][6] (+)
    |-- (2)sys_top.Regfile_u.reg_file[14][7] (+)
    |-- (2)sys_top.Regfile_u.reg_file[13][0] (+)
    |-- (2)sys_top.Regfile_u.reg_file[13][1] (+)
    |-- (2)sys_top.Regfile_u.reg_file[13][2] (+)
    |-- (2)sys_top.Regfile_u.reg_file[13][3] (+)
    |-- (2)sys_top.Regfile_u.reg_file[13][4] (+)
    |-- (2)sys_top.Regfile_u.reg_file[13][5] (+)
    |-- (2)sys_top.Regfile_u.reg_file[13][6] (+)
    |-- (2)sys_top.Regfile_u.reg_file[13][7] (+)
    |-- (2)sys_top.Regfile_u.reg_file[12][0] (+)
    |-- (2)sys_top.Regfile_u.reg_file[12][1] (+)
    |-- (2)sys_top.Regfile_u.reg_file[12][2] (+)
    |-- (2)sys_top.Regfile_u.reg_file[12][3] (+)
    |-- (2)sys_top.Regfile_u.reg_file[12][4] (+)
    |-- (2)sys_top.Regfile_u.reg_file[12][5] (+)
    |-- (2)sys_top.Regfile_u.reg_file[12][6] (+)
    |-- (2)sys_top.Regfile_u.reg_file[12][7] (+)
    |-- (2)sys_top.Regfile_u.reg_file[11][0] (+)
    |-- (2)sys_top.Regfile_u.reg_file[11][1] (+)
    |-- (2)sys_top.Regfile_u.reg_file[11][2] (+)
    |-- (2)sys_top.Regfile_u.reg_file[11][3] (+)
    |-- (2)sys_top.Regfile_u.reg_file[11][4] (+)
    |-- (2)sys_top.Regfile_u.reg_file[11][5] (+)
    |-- (2)sys_top.Regfile_u.reg_file[11][6] (+)
    |-- (2)sys_top.Regfile_u.reg_file[11][7] (+)
    |-- (2)sys_top.Regfile_u.reg_file[10][0] (+)
    |-- (2)sys_top.Regfile_u.reg_file[10][1] (+)
    |-- (2)sys_top.Regfile_u.reg_file[10][2] (+)
    |-- (2)sys_top.Regfile_u.reg_file[10][3] (+)
    |-- (2)sys_top.Regfile_u.reg_file[10][4] (+)
    |-- (2)sys_top.Regfile_u.reg_file[10][5] (+)
    |-- (2)sys_top.Regfile_u.reg_file[10][6] (+)
    |-- (2)sys_top.Regfile_u.reg_file[10][7] (+)
    |-- (2)sys_top.Regfile_u.reg_file[9][0] (+)
    |-- (2)sys_top.Regfile_u.reg_file[9][1] (+)
    |-- (2)sys_top.Regfile_u.reg_file[9][2] (+)
    |-- (2)sys_top.Regfile_u.reg_file[9][3] (+)
    |-- (2)sys_top.Regfile_u.reg_file[9][4] (+)
    |-- (2)sys_top.Regfile_u.reg_file[9][5] (+)
    |-- (2)sys_top.Regfile_u.reg_file[9][6] (+)
    |-- (2)sys_top.Regfile_u.reg_file[9][7] (+)
    |-- (2)sys_top.Regfile_u.reg_file[8][0] (+)
    |-- (2)sys_top.Regfile_u.reg_file[8][1] (+)
    |-- (2)sys_top.Regfile_u.reg_file[8][2] (+)
    |-- (2)sys_top.Regfile_u.reg_file[8][3] (+)
    |-- (2)sys_top.Regfile_u.reg_file[8][4] (+)
    |-- (2)sys_top.Regfile_u.reg_file[8][5] (+)
    |-- (2)sys_top.Regfile_u.reg_file[8][6] (+)
    |-- (2)sys_top.Regfile_u.reg_file[8][7] (+)
    |-- (2)sys_top.Regfile_u.reg_file[7][0] (+)
    |-- (2)sys_top.Regfile_u.reg_file[7][1] (+)
    |-- (2)sys_top.Regfile_u.reg_file[7][2] (+)
    |-- (2)sys_top.Regfile_u.reg_file[7][3] (+)
    |-- (2)sys_top.Regfile_u.reg_file[7][4] (+)
    |-- (2)sys_top.Regfile_u.reg_file[7][5] (+)
    |-- (2)sys_top.Regfile_u.reg_file[7][6] (+)
    |-- (2)sys_top.Regfile_u.reg_file[7][7] (+)
    |-- (2)sys_top.Regfile_u.reg_file[6][0] (+)
    |-- (2)sys_top.Regfile_u.reg_file[6][1] (+)
    |-- (2)sys_top.Regfile_u.reg_file[6][2] (+)
    |-- (2)sys_top.Regfile_u.reg_file[6][3] (+)
    |-- (2)sys_top.Regfile_u.reg_file[6][4] (+)
    |-- (2)sys_top.Regfile_u.reg_file[6][5] (+)
    |-- (2)sys_top.Regfile_u.reg_file[6][6] (+)
    |-- (2)sys_top.Regfile_u.reg_file[6][7] (+)
    |-- (2)sys_top.Regfile_u.reg_file[5][0] (+)
    |-- (2)sys_top.Regfile_u.reg_file[5][1] (+)
    |-- (2)sys_top.Regfile_u.reg_file[5][2] (+)
    |-- (2)sys_top.Regfile_u.reg_file[5][3] (+)
    |-- (2)sys_top.Regfile_u.reg_file[5][4] (+)
    |-- (2)sys_top.Regfile_u.reg_file[5][5] (+)
    |-- (2)sys_top.Regfile_u.reg_file[5][6] (+)
    |-- (2)sys_top.Regfile_u.reg_file[5][7] (+)
    |-- (2)sys_top.Regfile_u.reg_file[4][0] (+)
    |-- (2)sys_top.Regfile_u.reg_file[4][1] (+)
    |-- (2)sys_top.Regfile_u.reg_file[4][2] (+)
    |-- (2)sys_top.Regfile_u.reg_file[4][3] (+)
    |-- (2)sys_top.Regfile_u.reg_file[4][4] (+)
    |-- (2)sys_top.Regfile_u.reg_file[4][5] (+)
    |-- (2)sys_top.Regfile_u.reg_file[4][6] (+)
    |-- (2)sys_top.Regfile_u.reg_file[4][7] (+)
    |-- (2)sys_top.Regfile_u.reg_file[3][0] (+)
    |-- (2)sys_top.Regfile_u.reg_file[3][1] (+)
    |-- (2)sys_top.Regfile_u.reg_file[3][2] (+)
    |-- (2)sys_top.Regfile_u.reg_file[3][3] (+)
    |-- (2)sys_top.Regfile_u.reg_file[3][4] (+)
    |-- (2)sys_top.Regfile_u.reg_file[3][5] (+)
    |-- (2)sys_top.Regfile_u.reg_file[3][6] (+)
    |-- (2)sys_top.Regfile_u.reg_file[3][7] (+)
    |-- (2)sys_top.Regfile_u.reg_file[2][0] (+)
    |-- (2)sys_top.Regfile_u.reg_file[2][1] (+)
    |-- (2)sys_top.Regfile_u.reg_file[2][2] (+)
    |-- (2)sys_top.Regfile_u.reg_file[2][3] (+)
    |-- (2)sys_top.Regfile_u.reg_file[2][4] (+)
    |-- (2)sys_top.Regfile_u.reg_file[2][5] (+)
    |-- (2)sys_top.Regfile_u.reg_file[2][6] (+)
    |-- (2)sys_top.Regfile_u.reg_file[2][7] (+)
    |-- (2)sys_top.Regfile_u.reg_file[1][0] (+)
    |-- (2)sys_top.Regfile_u.reg_file[1][1] (+)
    |-- (2)sys_top.Regfile_u.reg_file[1][2] (+)
    |-- (2)sys_top.Regfile_u.reg_file[1][3] (+)
    |-- (2)sys_top.Regfile_u.reg_file[1][4] (+)
    |-- (2)sys_top.Regfile_u.reg_file[1][5] (+)
    |-- (2)sys_top.Regfile_u.reg_file[1][6] (+)
    |-- (2)sys_top.Regfile_u.reg_file[1][7] (+)
    |-- (2)sys_top.Regfile_u.reg_file[0][0] (+)
    |-- (2)sys_top.Regfile_u.reg_file[0][1] (+)
    |-- (2)sys_top.Regfile_u.reg_file[0][2] (+)
    |-- (2)sys_top.Regfile_u.reg_file[0][3] (+)
    |-- (2)sys_top.Regfile_u.reg_file[0][4] (+)
    |-- (2)sys_top.Regfile_u.reg_file[0][5] (+)
    |-- (2)sys_top.Regfile_u.reg_file[0][6] (+)
    |-- (2)sys_top.Regfile_u.reg_file[0][7] (+)
    |-- (2)sys_top.sys_ctrl_u.current_state[0] (+)
    |-- (2)sys_top.sys_ctrl_u.current_state[1] (+)
    |-- (2)sys_top.sys_ctrl_u.current_state[2] (+)
    |-- (2)sys_top.sys_ctrl_u.current_state[3] (+)
    |-- (2)sys_top.sys_ctrl_u.wr_addr[0] (+)
    |-- (2)sys_top.sys_ctrl_u.wr_addr[1] (+)
    |-- (2)sys_top.sys_ctrl_u.wr_addr[2] (+)
    |-- (2)sys_top.sys_ctrl_u.wr_addr[3] (+)
    |-- (2)sys_top.sys_ctrl_u.frame2[0] (+)
    |-- (2)sys_top.sys_ctrl_u.frame2[1] (+)
    |-- (2)sys_top.sys_ctrl_u.frame2[2] (+)
    |-- (2)sys_top.sys_ctrl_u.frame2[3] (+)
    |-- (2)sys_top.sys_ctrl_u.frame2[4] (+)
    |-- (2)sys_top.sys_ctrl_u.frame2[5] (+)
    |-- (2)sys_top.sys_ctrl_u.frame2[6] (+)
    |-- (2)sys_top.sys_ctrl_u.frame2[7] (+)
    |-- (2)sys_top.sys_ctrl_u.cfg_locked (+)
    |-- (2)sys_top.sys_ctrl_u.reg2_cfg (+)
    |-- (2)sys_top.sys_ctrl_u.reg3_cfg (+)
    |-- (2)sys_top.synced_p_data[0] (+)
    |-- (2)sys_top.synced_p_data[1] (+)
    |-- (2)sys_top.synced_p_data[2] (+)
    |-- (2)sys_top.synced_p_data[3] (+)
    |-- (2)sys_top.synced_p_data[4] (+)
    |-- (2)sys_top.synced_p_data[5] (+)
    |-- (2)sys_top.synced_p_data[6] (+)
    |-- (2)sys_top.synced_p_data[7] (+)
    |-- (2)sys_top.Rx2SysCtrl.pulse_out (+)
    |-- (2)sys_top.synced_v_data (+)
    |-- (2)sys_top.Rx2SysCtrl.SYNC[0] (+)
    |-- (2)sys_top.Rx2SysCtrl.SYNC[1] (+)
    |-- (2)sys_top.Rx2SysCtrl.SYNC[2] (+)
    |-- (2)sys_top.Rx2SysCtrl.SYNC[3] (+)
    |-- (2)sys_top.RF1.n_synch[0] (+)
    |-- (2)sys_top.RF1.n_synch[1] (+)
    |-- (2)sys_top.RF1.n_synch[2] (+)
    |-- (2)sys_top.alu_cg
    |   |-- (3)sys_top.alu_out[0] (+)
    |   |-- (3)sys_top.alu_out[1] (+)
    |   |-- (3)sys_top.alu_out[2] (+)
    |   |-- (3)sys_top.alu_out[3] (+)
    |   |-- (3)sys_top.alu_out[4] (+)
    |   |-- (3)sys_top.alu_out[5] (+)
    |   |-- (3)sys_top.alu_out[6] (+)
    |   |-- (3)sys_top.alu_out[7] (+)
    |   |-- (3)sys_top.alu_out[8] (+)
    |   |-- (3)sys_top.alu_out[9] (+)
    |   |-- (3)sys_top.alu_out[10] (+)
    |   |-- (3)sys_top.alu_out[11] (+)
    |   |-- (3)sys_top.alu_out[12] (+)
    |   |-- (3)sys_top.alu_out[13] (+)
    |   |-- (3)sys_top.alu_out[14] (+)
    |   |-- (3)sys_top.alu_out[15] (+)
    |   `-- (3)sys_top.alu_out_v (+)
    `-- (2)sys_top.ALU_CG.Latch_Out (-) (Latch)
