
################################################################################
#
# This file has been generated by SpyGlass:
#     Report Name      : moresimple
#     Report Created by: ICer
#     Report Created on:  Mon Oct  5 03:49:49 2026
#     Working Directory: /home/ICer/UART_System/Spyglass2
#     SpyGlass Version : SpyGlass_vL-2016.06
#     Policy Name      : SpyGlass(SpyGlass_vL-2016.06)
#                        clock-reset(SpyGlass_vL-2016.06)
#
#     Total Number of Generated Messages :         20
#     Number of Waived Messages          :          0
#     Number of Reported Messages        :         20
#     Number of Overlimit Messages       :          0
#
#
################################################################################

+++++++++++++++++++++++++++++++++++++++++++++++++++++++++++++++++++++++
MORESIMPLE REPORT:


############### BuiltIn -> RuleGroup=Command-line read ###############
+++++++++++++++++++++++++++++++++++++++++++++++++++++++++++++++++++++++++++++++++++++++
ID       Rule           Alias          Severity    File    Line    Wt    Message
======================================================================================
[1]      CMD_sglib03    SglibUnused    Info        N.A     -1      10    No Cell has been used in design from sglib file './spyglass-1/spyglass_cache/autogenerated_sglib/aggregate.sglib'
+++++++++++++++++++++++++++++++++++++++++++++++++++++++++++++++++++++++++++++++++++++++


############### BuiltIn -> RuleGroup=Design Read ###############
+++++++++++++++++++++++++++++++++++++++++++++++++++++++++++++++++++++++++++++++++++++++
ID       Rule                    Alias                   Severity    File                                                                                   Line    Wt    Message
======================================================================================
[2]      DetectTopDesignUnits    DetectTopDesignUnits    Info        ../rtl/System_Top/SYS_TOP_dft.v                                                        1       2     Module sys_top is a top level design unit
[0]      ElabSummary             ElabSummary             Info        ./spyglass-1/sys_top/cdc/cdc_setup_check/spyglass_reports/SpyGlass/elab_summary.rpt    0       2     Please refer file './spyglass-1/sys_top/cdc/cdc_setup_check/spyglass_reports/SpyGlass/elab_summary.rpt' for elab summary report
[7]      Info_Case_Analysis      showSimVal              Info        ../rtl/System_Top/SYS_TOP_dft.v                                                        1       10    Information for set_case_analysis value propagation for design 'sys_top' is displayed
+++++++++++++++++++++++++++++++++++++++++++++++++++++++++++++++++++++++++++++++++++++++


############### BuiltIn -> RuleGroup=SGDC Checks ###############
+++++++++++++++++++++++++++++++++++++++++++++++++++++++++++++++++++++++++++++++++++++++
ID       Rule                    Alias    Severity    File                         Line    Wt    Message
======================================================================================
[3]      SGDC_abstract_port03             Info        ../Spyglass/spy_cons.sgdc    47      10    Constraint 'abstract_port': 'VIRTUAL_RST_CL' specified with '-clock' field not found on/within module 'sys_top'.Considering it as virtual clock
+++++++++++++++++++++++++++++++++++++++++++++++++++++++++++++++++++++++++++++++++++++++


############### Non-BuiltIn -> Goal=cdc/cdc_setup_check ###############
+++++++++++++++++++++++++++++++++++++++++++++++++++++++++++++++++++++++++++++++++++++++
ID       Rule                Alias    Severity    File                                                                                                 Line    Wt    Message
======================================================================================
[6]      Propagate_Clocks             Warning     ../Spyglass/spy_cons.sgdc                                                                            20      2     For sys_top, virtual clock(s) 'VIRTUAL_RST_CLK' of domain 'VIRTUAL_RST_DOMAIN' not propagated
[F]      Clock_info02                 Info        N.A.                                                                                                 0       2     Clock Tree generated
[A]      Clock_info03b                Info        ../rtl/ClkDiv_ClkGate/Clk_divider.sv                                                                 47      2     Data pin of flop sys_top.RX_CLK.count[5:1], clocked by sys_top.clk_m_UART , is tied to constant value 0
[B]      Clock_info03b                Info        ../rtl/ClkDiv_ClkGate/Clk_divider.sv                                                                 47      2     Data pin of flop sys_top.RX_CLK.count[0], clocked by sys_top.clk_m_UART , is tied to constant value 1
[C]      Clock_info03b                Info        ../rtl/ClkDiv_ClkGate/Clk_divider.sv                                                                 47      2     Data pin of flop sys_top.TX_CLK.count[5:1], clocked by sys_top.clk_m_UART , is tied to constant value 0
[D]      Clock_info03b                Info        ../rtl/ClkDiv_ClkGate/Clk_divider.sv                                                                 47      2     Data pin of flop sys_top.TX_CLK.count[0], clocked by sys_top.clk_m_UART , is tied to constant value 1
[8]      Clock_info03b                Info        ../rtl/ClkDiv_ClkGate/Clk_divider.sv                                                                 48      2     Data pin of flop sys_top.TX_CLK.div_clk_reg, clocked by sys_top.clk_m_UART , is tied to constant value 0
[9]      Clock_info03b                Info        ../rtl/ClkDiv_ClkGate/Clk_divider.sv                                                                 48      2     Data pin of flop sys_top.RX_CLK.div_clk_reg, clocked by sys_top.clk_m_UART , is tied to constant value 0
[20]     Clock_info15                 Info        N.A.                                                                                                 0       2     Port-Clock information generated for PortClockMatrix report
[4]      Propagate_Clocks             Info        ../rtl/System_Top/SYS_TOP_dft.v                                                                      14      2     For sys_top, clock(s) 'sys_top.REF_CLK' of domain 'REF_DOMAIN' propagated
[5]      Propagate_Clocks             Info        ../rtl/System_Top/SYS_TOP_dft.v                                                                      52      2     For sys_top, clock(s) 'sys_top.UART_CLK,sys_top.tx_clk,sys_top.rx_clk' of domain 'UART_DOMAIN' propagated
[E]      Propagate_Resets             Info        ../rtl/System_Top/SYS_TOP_dft.v                                                                      15      2     For sys_top, reset 'sys_top.RST_N' propagated
[10]     Reset_info02                 Info        N.A.                                                                                                 0       2     Reset Tree generated
[1F]     Setup_port01                 Info        ../rtl/System_Top/SYS_TOP_dft.v                                                                      1       2     Port coverage for top design unit 'sys_top' is: '0' (0.00 %) port(s) not fully constrained
[21]     Setup_port01                 Info        ./spyglass-1/sys_top/cdc/cdc_setup_check/spyglass_reports/clock-reset/sys_top_input_abstract.sgdc    0       2     Abstracted sgdc file for input ports of block 'sys_top' is generated
+++++++++++++++++++++++++++++++++++++++++++++++++++++++++++++++++++++++++++++++++++++++
