
################################################################################
#
# This file has been generated by SpyGlass:
#     Report Name      : no_msg_reporting_rules
#     Report Created by: ICer
#     Report Created on:  Mon Oct  5 03:49:49 2026
#     Working Directory: /home/ICer/UART_System/Spyglass2
#     SpyGlass Version : SpyGlass_vL-2016.06
#     Policy Name      : SpyGlass(SpyGlass_vL-2016.06)
#                        clock-reset(SpyGlass_vL-2016.06)
#
#     Total Number of Generated Messages :         20
#     Number of Waived Messages          :          0
#     Number of Reported Messages        :         20
#     Number of Overlimit Messages       :          0
#
#
################################################################################

NO VIOLATION RULE REPORT :
++++++++++++++++++++++++++++++++++++++++++++++++++++++++++++++++++++++++++++++++

Following rules did not produce any violation or waived off during spyglass run

++++++++++++++++++++++++++++++++++++++++++++++++++++++++++++++++++++++++++++++++


================================================================================
	INDEX                                   RULE-NAME
================================================================================
	1                                  Ac_resetvalue01
	2                                  Ar_converge01
	3                                  Ar_syncrst_setupcheck01
	4                                  Clock_check10
	5                                  Clock_converge01
	6                                  Clock_info03a
	7                                  Clock_info03c
	8                                  Clock_info05
	9                                  Clock_info05b
	10                                 FalsePathSetup
	11                                 Reset_check03
	12                                 Reset_check10
	13                                 Reset_check11
	14                                 Reset_check12
	15                                 Reset_info09a
================================================================================
