################################################################################
#
# This file has been generated by SpyGlass:
#     Report Created by: ICer
#     Report Created on: Tue Sep 22 21:23:29 2026
#     Working Directory: /home/ICer/UART_System/Spyglass
#     Report Location  : ./spyglass-1/Design_Read/spyglass_reports/SpyGlass/elab_summary.rpt
#     SpyGlass Version : SpyGlass_vL-2016.06
#     Policy Name      : SpyGlass(SpyGlass_vL-2016.06)
#     Comment          : This report contains RTL and Elaborated names along with parameter values
#
################################################################################

================================================================================
Elaborated Name: 'PULSE_GEN'
    (RTL Design Unit name: 'PULSE_GEN', /home/ICer/UART_System/rtl/DataSynch_RstSynch_PulseGen/PULSE_GEN.v:6)
     Parameters (Total: 0)
     Instances (Total: 1): sys_top.Pulse_U 

================================================================================

Elaborated Name: 'FIFO_TOP'
    (RTL Design Unit name: 'FIFO_TOP', /home/ICer/UART_System/rtl/FIFO/Async_FIFO.v:1)
     Parameters (Total: 4)
         BUS_WIDTH  = 8 (default: 8)
         DEPTH      = 8 (default: 8)
         ADDR_WIDTH = 3 (default: $clog2(DEPTH))
         PTR_SIZE   = 4 (default: (ADDR_WIDTH + 1))
     Instances (Total: 1): sys_top.FIFO_u 

================================================================================

Elaborated Name: 'FIFO_MEM_CNTRL'
    (RTL Design Unit name: 'FIFO_MEM_CNTRL', /home/ICer/UART_System/rtl/FIFO/FIFO_MEM_CNTRL.v:1)
     Parameters (Total: 3)
         BUS_WIDTH = 8 (default: 8)
         DEPTH     = 8 (default: 8)
         ADDR_SIZE = 3 (default: $clog2(DEPTH))
     Instances (Total: 1): sys_top.FIFO_u.U1 

================================================================================

Elaborated Name: 'DF_SYNC'
    (RTL Design Unit name: 'DF_SYNC', /home/ICer/UART_System/rtl/FIFO/DF_SYNC.v:1)
     Parameters (Total: 1)
         WIDTH = 4 (default: 4)
     Instances (Total: 2): sys_top.FIFO_u.U3_RDptr_sync, sys_top.FIFO_u.U2_WRptr_sync 

================================================================================

Elaborated Name: 'FIFO_WR'
    (RTL Design Unit name: 'FIFO_WR', /home/ICer/UART_System/rtl/FIFO/FIFO_WR.v:1)
     Parameters (Total: 3)
         DEPTH     = 8 (default: 8)
         ADDR_SIZE = 3 (default: $clog2(DEPTH))
         PTR_SIZE  = 4 (default: (ADDR_SIZE + 1))
     Instances (Total: 1): sys_top.FIFO_u.U4 

================================================================================

Elaborated Name: 'FIFO_RD'
    (RTL Design Unit name: 'FIFO_RD', /home/ICer/UART_System/rtl/FIFO/FIFO_RD.v:1)
     Parameters (Total: 3)
         DEPTH     = 8 (default: 8)
         ADDR_SIZE = 3 (default: $clog2(DEPTH))
         PTR_SIZE  = 4 (default: (ADDR_SIZE + 1))
     Instances (Total: 1): sys_top.FIFO_u.U5 

================================================================================

Elaborated Name: 'ALU'
    (RTL Design Unit name: 'ALU', /home/ICer/UART_System/rtl/ALU/ALU.v:1)
     Parameters (Total: 3)
         WIDTH     = 8 (default: 8)
         OUT_WIDTH = 16 (default: (WIDTH * 2))
         FUN_WIDTH = 4 (default: 4)
     Instances (Total: 1): sys_top.ALU_u 

================================================================================

Elaborated Name: 'Register'
    (RTL Design Unit name: 'Register', /home/ICer/UART_System/rtl/SYS_Control_RegisterFile/Register.v:1)
     Parameters (Total: 3)
         WIDTH   = 8 (default: 8)
         DEPTH   = 16 (default: 16)
         ADDRESS = 4 (default: $clog2(DEPTH))
     Instances (Total: 1): sys_top.Regfile_u 

================================================================================

Elaborated Name: 'SYS_CTRL'
    (RTL Design Unit name: 'SYS_CTRL', /home/ICer/UART_System/rtl/SYS_Control_RegisterFile/SYS_CTRL.sv:1)
     Parameters (Total: 3)
         WIDTH         = 8 (default: 8)
         ALU_OUT_WIDTH = 16 (default: (2 * WIDTH))
         ADDR          = 4 (default: 4)
     Instances (Total: 1): sys_top.sys_ctrl_u 

================================================================================

Elaborated Name: 'Data_Synch'
    (RTL Design Unit name: 'Data_Synch', ../rtl/DataSynch_RstSynch_PulseGen/DATA_SYNCH.v:1)
     Parameters (Total: 2)
         WIDTH  = 8 (default: 8)
         STAGES = 4 (default: 4)
     Instances (Total: 1): sys_top.Rx2SysCtrl 

================================================================================

Elaborated Name: 'UART'
    (RTL Design Unit name: 'UART', /home/ICer/UART_System/rtl/UART/UART.v:2)
     Parameters (Total: 1)
         DATA_WIDTH = 8 (default: 8)
     Instances (Total: 1): sys_top.UART_TX_RX 

================================================================================

Elaborated Name: 'TX_TOP'
    (RTL Design Unit name: 'TX_TOP', /home/ICer/UART_System/rtl/UART/TX_TOP.sv:4)
     Parameters (Total: 1)
         WIDTH = 8 (default: 8)
     Instances (Total: 1): sys_top.UART_TX_RX.U0_UART_TX 

================================================================================

Elaborated Name: 'serializer'
    (RTL Design Unit name: 'serializer', /home/ICer/UART_System/rtl/UART/Serializer.v:1)
     Parameters (Total: 1)
         WIDTH = 8 (default: 8)
     Instances (Total: 1): sys_top.UART_TX_RX.U0_UART_TX.U1 

================================================================================

Elaborated Name: 'TX_FSM'
    (RTL Design Unit name: 'TX_FSM', /home/ICer/UART_System/rtl/UART/TX_FSM.sv:4)
     Parameters (Total: 0)
     Instances (Total: 1): sys_top.UART_TX_RX.U0_UART_TX.U2 

================================================================================

Elaborated Name: 'parity'
    (RTL Design Unit name: 'parity', /home/ICer/UART_System/rtl/UART/Parity_Calc.v:1)
     Parameters (Total: 1)
         WIDTH = 8 (default: 8)
     Instances (Total: 1): sys_top.UART_TX_RX.U0_UART_TX.U3 

================================================================================

Elaborated Name: 'MUX'
    (RTL Design Unit name: 'MUX', /home/ICer/UART_System/rtl/UART/MUX.sv:3)
     Parameters (Total: 0)
     Instances (Total: 1): sys_top.UART_TX_RX.U0_UART_TX.U4 

================================================================================

Elaborated Name: 'RX_TOP'
    (RTL Design Unit name: 'RX_TOP', /home/ICer/UART_System/rtl/UART/UART_RX.sv:1)
     Parameters (Total: 1)
         WIDTH = 8 (default: 8)
     Instances (Total: 1): sys_top.UART_TX_RX.U0_UART_RX 

================================================================================

Elaborated Name: 'RX_FSM'
    (RTL Design Unit name: 'RX_FSM', /home/ICer/UART_System/rtl/UART/RX_FSM.sv:1)
     Parameters (Total: 0)
     Instances (Total: 1): sys_top.UART_TX_RX.U0_UART_RX.U7 

================================================================================

Elaborated Name: 'stp_chk'
    (RTL Design Unit name: 'stp_chk', /home/ICer/UART_System/rtl/UART/Stp_Chk.v:1)
     Parameters (Total: 0)
     Instances (Total: 1): sys_top.UART_TX_RX.U0_UART_RX.U6 

================================================================================

Elaborated Name: 'Strt_chk'
    (RTL Design Unit name: 'Strt_chk', /home/ICer/UART_System/rtl/UART/Strt_Chk.v:1)
     Parameters (Total: 0)
     Instances (Total: 1): sys_top.UART_TX_RX.U0_UART_RX.U5 

================================================================================

Elaborated Name: 'Parity_chk'
    (RTL Design Unit name: 'Parity_chk', /home/ICer/UART_System/rtl/UART/Parity_Chk.v:1)
     Parameters (Total: 0)
     Instances (Total: 1): sys_top.UART_TX_RX.U0_UART_RX.U4 

================================================================================

Elaborated Name: 'Edge_Bit_Counter'
    (RTL Design Unit name: 'Edge_Bit_Counter', /home/ICer/UART_System/rtl/UART/Edge_Bit_Counter.v:1)
     Parameters (Total: 0)
     Instances (Total: 1): sys_top.UART_TX_RX.U0_UART_RX.U1 

================================================================================

Elaborated Name: 'Data_sampling'
    (RTL Design Unit name: 'Data_sampling', /home/ICer/UART_System/rtl/UART/Data_Sampling.v:1)
     Parameters (Total: 0)
     Instances (Total: 1): sys_top.UART_TX_RX.U0_UART_RX.U2 

================================================================================

Elaborated Name: 'DeSerializer'
    (RTL Design Unit name: 'DeSerializer', /home/ICer/UART_System/rtl/UART/DeSerializer.v:1)
     Parameters (Total: 1)
         WIDTH = 8 (default: 8)
     Instances (Total: 1): sys_top.UART_TX_RX.U0_UART_RX.U3 

================================================================================

Elaborated Name: 'clk_div'
    (RTL Design Unit name: 'clk_div', /home/ICer/UART_System/rtl/ClkDiv_ClkGate/Clk_divider.sv:1)
     Parameters (Total: 1)
         WIDTH = 6 (default: 8)
     Instances (Total: 2): sys_top.RX_CLK, sys_top.TX_CLK 

================================================================================

Elaborated Name: 'RST_SYNCH'
    (RTL Design Unit name: 'RST_SYNCH', /home/ICer/UART_System/rtl/DataSynch_RstSynch_PulseGen/RST_SYNCH.v:1)
     Parameters (Total: 1)
         NUM_STAGES = 3 (default: 3)
     Instances (Total: 4): sys_top.rx_rst_sync, sys_top.tx_rst_sync, sys_top.uart_rst_sync, sys_top.RF1 

================================================================================

Elaborated Name: 'CLK_GATE'
    (RTL Design Unit name: 'CLK_GATE', /home/ICer/UART_System/rtl/ClkDiv_ClkGate/CLK_GATE.v:6)
     Parameters (Total: 0)
     Instances (Total: 1): sys_top.ALU_CG 

================================================================================

Elaborated Name: 'Data_Sync'
    (RTL Design Unit name: 'Data_Sync', /home/ICer/UART_System/rtl/UART/DATA_SYNC.v:1)
     Parameters (Total: 2)
         WIDTH  = 8 (default: 8)
         STAGES = 4 (default: 4)
================================================================================

Elaborated Name: 'sys_top'
    (RTL Design Unit name: 'sys_top', /home/ICer/UART_System/rtl/System_Top/System_TOP.sv:1)
     Parameters (Total: 8)
         WIDTH           = 8 (default: 8)
         ALU_OUT_WIDTH   = 16 (default: (2 * WIDTH))
         RF_DEPTH        = 16 (default: 16)
         RF_ADDR_WIDTH   = 4 (default: $clog2(RF_DEPTH))
         FUN_WIDTH       = 4 (default: 4)
         FIFO_DEPTH      = 8 (default: 8)
         FIFO_ADDR_WIDTH = 3 (default: $clog2(FIFO_DEPTH))
         PTR_SIZE        = 4 (default: (FIFO_ADDR_WIDTH + 1))
================================================================================
