
################################################################################
#
# This file has been generated by SpyGlass:
#     Report Name      : moresimple
#     Report Created by: ICer
#     Report Created on:  Tue Sep 22 21:23:29 2026
#     Working Directory: /home/ICer/UART_System/Spyglass
#     SpyGlass Version : SpyGlass_vL-2016.06
#     Policy Name      : SpyGlass(SpyGlass_vL-2016.06)
#                        clock-reset(SpyGlass_vL-2016.06)
#                        latch(SpyGlass_vL-2016.06)
#                        morelint(SpyGlass_vL-2016.06)
#                        openmore(SpyGlass_vL-2016.06)
#                        power_est(SpyGlass_vL-2016.06)
#                        starc(SpyGlass_vL-2016.06)
#                        timing(SpyGlass_vL-2016.06)
#                        txv(SpyGlass_vL-2016.06)
#
#     Total Number of Generated Messages :          7
#     Number of Waived Messages          :          0
#     Number of Reported Messages        :          7
#     Number of Overlimit Messages       :          0
#
#
################################################################################

+++++++++++++++++++++++++++++++++++++++++++++++++++++++++++++++++++++++
MORESIMPLE REPORT:


############### BuiltIn -> RuleGroup=Design Read ###############
+++++++++++++++++++++++++++++++++++++++++++++++++++++++++++++++++++++++++++++++++++++++
ID       Rule                    Alias                   Severity    File                                                                   Line    Wt    Message
======================================================================================
[1]      DetectTopDesignUnits    DetectTopDesignUnits    Info        /home/ICer/UART_System/rtl/System_Top/System_TOP.sv                    1       2     Module sys_top is a top level design unit
[2]      DetectTopDesignUnits    DetectTopDesignUnits    Info        /home/ICer/UART_System/rtl/UART/DATA_SYNC.v                            1       2     Module Data_Sync is a top level design unit
[0]      ElabSummary             ElabSummary             Info        ./spyglass-1/Design_Read/spyglass_reports/SpyGlass/elab_summary.rpt    0       2     Please refer file './spyglass-1/Design_Read/spyglass_reports/SpyGlass/elab_summary.rpt' for elab summary report
+++++++++++++++++++++++++++++++++++++++++++++++++++++++++++++++++++++++++++++++++++++++


############### BuiltIn -> RuleGroup=SGDC Checks ###############
+++++++++++++++++++++++++++++++++++++++++++++++++++++++++++++++++++++++++++++++++++++++
ID       Rule                    Alias           Severity    File                                           Line    Wt    Message
======================================================================================
[3]      checkSGDC_03            checkSGDC_03    Warning     /home/ICer/UART_System/rtl/UART/DATA_SYNC.v    1       10    No SGDC constraints specified for top module 'Data_Sync'
[4]      SGDC_abstract_port03                    Info        spy_cons.sgdc                                  26      10    Constraint 'abstract_port': 'CLK2' specified with '-clock' field not found on/within module 'sys_top'.Considering it as virtual clock
[5]      SGDC_abstract_port03                    Info        spy_cons.sgdc                                  27      10    Constraint 'abstract_port': 'CLK1' specified with '-clock' field not found on/within module 'sys_top'.Considering it as virtual clock
[6]      SGDC_abstract_port03                    Info        spy_cons.sgdc                                  28      10    Constraint 'abstract_port': 'CLK2' specified with '-clock' field not found on/within module 'sys_top'.Considering it as virtual clock
+++++++++++++++++++++++++++++++++++++++++++++++++++++++++++++++++++++++++++++++++++++++
