
################################################################################
#
# This file has been generated by SpyGlass:
#     Report Name      : moresimple
#     Report Created by: ICer
#     Report Created on:  Sat Oct  3 19:02:51 2026
#     Working Directory: /home/ICer/UART_System/Spyglass
#     SpyGlass Version : SpyGlass_vL-2016.06
#     Policy Name      : SpyGlass(SpyGlass_vL-2016.06)
#                        clock-reset(SpyGlass_vL-2016.06)
#                        latch(SpyGlass_vL-2016.06)
#                        morelint(SpyGlass_vL-2016.06)
#                        openmore(SpyGlass_vL-2016.06)
#                        power_est(SpyGlass_vL-2016.06)
#                        starc(SpyGlass_vL-2016.06)
#                        timing(SpyGlass_vL-2016.06)
#                        txv(SpyGlass_vL-2016.06)
#
#     Total Number of Generated Messages :          6
#     Number of Waived Messages          :          0
#     Number of Reported Messages        :          6
#     Number of Overlimit Messages       :          0
#
#
################################################################################

+++++++++++++++++++++++++++++++++++++++++++++++++++++++++++++++++++++++
MORESIMPLE REPORT:
############### FATAL MESSAGES ############### 
+++++++++++++++++++++++++++++++++++++++++++++++++++++++++++++++++++++++++++++++++
ID       Rule          Alias         Severity    File                                         Line    Wt      Message
======================================================================================
[0]      STX_VE_481    STX_VE_481    Syntax      /home/ICer/UART_System/rtl/UART/MUX.sv       1       1000    Syntax error near ( uart_pkg )
[1]      STX_VE_481    STX_VE_481    Syntax      /home/ICer/UART_System/rtl/UART/MUX.sv       4       1000    Syntax error near ( mux_sel )
[2]      STX_VE_481    STX_VE_481    Syntax      /home/ICer/UART_System/rtl/UART/TX_FSM.sv    1       1000    Syntax error near ( uart_pkg )
[3]      STX_VE_481    STX_VE_481    Syntax      /home/ICer/UART_System/rtl/UART/TX_FSM.sv    11      1000    Syntax error near ( mux_sel )
[4]      STX_VE_481    STX_VE_481    Syntax      /home/ICer/UART_System/rtl/UART/TX_TOP.sv    1       1000    Syntax error near ( uart_pkg )
[5]      STX_VE_481    STX_VE_481    Syntax      /home/ICer/UART_System/rtl/UART/TX_TOP.sv    20      1000    Syntax error near ( ; )
+++++++++++++++++++++++++++++++++++++++++++++++++++++++++++++++++++++++++++++++++++++++
