read_file: info: using default project `spyglass-2.prj'
read_file -type hdl UART/Package.sv
read_file -type hdl UART/MUX.sv
read_file -type hdl UART/Serializer.v
read_file -type hdl UART/Parity_Calc.v
read_file -type hdl UART/TX_FSM.sv
read_file -type hdl UART/TX_TOP.sv
read_file -type hdl UART/Edge_Bit_Counter.v
read_file -type hdl UART/DeSerializer.v
read_file -type hdl UART/Strt_Chk.v
read_file -type hdl UART/Parity_Chk.v
read_file -type hdl UART/Stp_Chk.v
read_file -type hdl UART/Data_Sampling.v
read_file -type hdl UART/DATA_SYNC.v
read_file -type hdl UART/RX_FSM.sv
read_file -type hdl UART/UART_RX.sv
read_file -type hdl UART/UART.v
read_file -type hdl FIFO/FIFO_WR.v
read_file -type hdl FIFO/FIFO_RD.v
read_file -type hdl FIFO/FIFO_MEM_CNTRL.v
read_file -type hdl FIFO/DF_SYNC.v
read_file -type hdl FIFO/Async_FIFO.v
read_file -type hdl DataSynch_RstSynch_PulseGen/PULSE_GEN.v
read_file -type hdl DataSynch_RstSynch_PulseGen/RST_SYNCH.v
read_file -type hdl DataSynch_RstSynch_PulseGen/DATA_SYNCH.v
read_file -type hdl ClkDiv_ClkGate/CLK_GATE.v
read_file -type hdl ClkDiv_ClkGate/Clk_divider.sv
read_file -type hdl ALU/ALU.v
read_file -type hdl SYS_Control_RegisterFile/Register.v
read_file -type hdl SYS_Control_RegisterFile/SYS_CTRL.sv
read_file -type hdl System_Top/SYS_TOP_dft.v
../rtl/rtl.fread_file -type hdl /home/ICer/UART_System/rtl/System_Top/System_TOP.sv
read_file -type hdl /home/ICer/UART_System/rtl/ALU/ALU.v
read_file -type hdl /home/ICer/UART_System/rtl/ClkDiv_ClkGate/Clk_divider.sv
read_file -type hdl /home/ICer/UART_System/rtl/ClkDiv_ClkGate/CLK_GATE.v
read_file -type hdl /home/ICer/UART_System/rtl/DataSynch_RstSynch_PulseGen/DATA_SYNCH.v
read_file -type hdl /home/ICer/UART_System/rtl/DataSynch_RstSynch_PulseGen/PULSE_GEN.v
read_file -type hdl /home/ICer/UART_System/rtl/DataSynch_RstSynch_PulseGen/RST_SYNCH.v
read_file -type hdl /home/ICer/UART_System/rtl/FIFO/Async_FIFO.v
read_file -type hdl /home/ICer/UART_System/rtl/FIFO/DF_SYNC.v
read_file -type hdl /home/ICer/UART_System/rtl/FIFO/FIFO_MEM_CNTRL.v
read_file -type hdl /home/ICer/UART_System/rtl/FIFO/FIFO_RD.v
read_file -type hdl /home/ICer/UART_System/rtl/FIFO/FIFO_WR.v
read_file -type hdl /home/ICer/UART_System/rtl/SYS_Control_RegisterFile/Register.v
read_file -type hdl /home/ICer/UART_System/rtl/SYS_Control_RegisterFile/SYS_CTRL.sv
read_file -type hdl /home/ICer/UART_System/rtl/UART/Data_Sampling.v
read_file -type hdl /home/ICer/UART_System/rtl/UART/DATA_SYNC.v
read_file -type hdl /home/ICer/UART_System/rtl/UART/DeSerializer.v
read_file -type hdl /home/ICer/UART_System/rtl/UART/Edge_Bit_Counter.v
read_file -type hdl /home/ICer/UART_System/rtl/UART/MUX.sv
read_file -type hdl /home/ICer/UART_System/rtl/UART/Parity_Calc.v
read_file -type hdl /home/ICer/UART_System/rtl/UART/Parity_Chk.v
read_file -type hdl /home/ICer/UART_System/rtl/UART/RX_FSM.sv
read_file -type hdl /home/ICer/UART_System/rtl/UART/Serializer.v
read_file -type hdl /home/ICer/UART_System/rtl/UART/Stp_Chk.v
read_file -type hdl /home/ICer/UART_System/rtl/UART/Strt_Chk.v
read_file -type hdl /home/ICer/UART_System/rtl/UART/TX_FSM.sv
read_file -type hdl /home/ICer/UART_System/rtl/UART/TX_TOP.sv
read_file -type hdl /home/ICer/UART_System/rtl/UART/UART.v
read_file -type hdl /home/ICer/UART_System/rtl/UART/UART_RX.sv
../rtl/system.lstcurrent_goal: info: loading goal `Design_Read' (in progress)
current_goal: info: finished loading goal `Design_Read' (ok)

INFO:    SpyGlass will run goal(s) 'Design_Read'.


RULE-CHECKING IN MIXED MODE
Loading spyglass (SpyGlass_vL-2016.06) ... (picked from /home/synopsys/SpyGlass-L2016.06/SPYGLASS_HOME/policies/spyglass)

INFO [6]    Work Directory `./spyglass-2/WORK' does not exist.

INFO [75]    Creating the Work Directory `./spyglass-2/WORK/64' for 64bit  precompiled dump.
Checking Rule ZeroSizeFile (Rule 1 of total 103) .... done (Time = 0.00s, Memory = 0.0K)
Checking Rule PrecompileLibCheck01 (Rule 2 of total 103) .... done (Time = 0.00s, Memory = 27.6K)
Checking Rule PrecompileLibCheck02 (Rule 3 of total 103) .... done (Time = 0.00s, Memory = 0.0K)
Checking Rule PrecompileLibCheck03 (Rule 4 of total 103) .... done (Time = 0.00s, Memory = 71.0K)
Checking Rule PrecompileLibCheck04 (Rule 5 of total 103) .... done (Time = 0.00s, Memory = 7.6K)
Checking Rule SGDC_assume_path01 (Rule 6 of total 103) .... done (Time = 0.00s, Memory = 0.0K)
Checking Rule SGDC_sdcschema02 (Rule 7 of total 103) .... done (Time = 0.00s, Memory = 3.1K)
Checking Rule SGDC_clock05 (Rule 8 of total 103) .... done (Time = 0.00s, Memory = 0.3K)
Checking Rule SGDC_clock09 (Rule 9 of total 103) .... done (Time = 0.00s, Memory = 8.0K)
Checking Rule SGDC_force_ta05 (Rule 10 of total 103) .... done (Time = 0.00s, Memory = 0.0K)
Checking Rule SGDC_require_path03 (Rule 11 of total 103) .... done (Time = 0.00s, Memory = 0.0K)
Checking Rule SGDC_require_value03 (Rule 12 of total 103) .... done (Time = 0.00s, Memory = 0.2K)
Checking Rule SGDC_voltagedomain05 (Rule 13 of total 103) .... done (Time = 0.00s, Memory = -2.5K)
Checking Rule SGDC_voltagedomain06 (Rule 14 of total 103) .... done (Time = 0.00s, Memory = -0.4K)
Checking Rule SGDC_voltagedomain07 (Rule 15 of total 103) .... done (Time = 0.00s, Memory = 15.0K)
Checking Rule SGDC_powerdomainoutputs02 (Rule 16 of total 103) .... done (Time = 0.00s, Memory = 0.0K)
Checking Rule SGDC_supply01 (Rule 17 of total 103) .... done (Time = 0.00s, Memory = 8.0K)
Checking Rule SGDC_waive01 (Rule 18 of total 103) .... done (Time = 0.00s, Memory = 0.0K)
Checking Rule SGDC_waive02 (Rule 19 of total 103) .... done (Time = 0.00s, Memory = 0.0K)
Checking Rule SGDC_waive03 (Rule 20 of total 103) .... done (Time = 0.00s, Memory = 0.0K)
Checking Rule SGDC_waive04 (Rule 21 of total 103) .... done (Time = 0.00s, Memory = 0.0K)
Checking Rule SGDC_waive05 (Rule 22 of total 103) .... done (Time = 0.00s, Memory = 0.0K)
Checking Rule SGDC_waive06 (Rule 23 of total 103) .... done (Time = 0.00s, Memory = 0.0K)
Checking Rule SGDC_waive07 (Rule 24 of total 103) .... done (Time = 0.00s, Memory = 0.0K)
Checking Rule SGDC_waive08 (Rule 25 of total 103) .... done (Time = 0.00s, Memory = 0.0K)
Checking Rule SGDC_waive09 (Rule 26 of total 103) .... done (Time = 0.00s, Memory = -2.0K)
Checking Rule SGDC_waive10 (Rule 27 of total 103) .... done (Time = 0.00s, Memory = 0.0K)
Checking Rule SGDC_waive11 (Rule 28 of total 103) .... done (Time = 0.00s, Memory = 0.0K)
Checking Rule SGDC_waive12 (Rule 29 of total 103) .... done (Time = 0.00s, Memory = 4.0K)
Checking Rule SGDC_waive13 (Rule 30 of total 103) .... done (Time = 0.00s, Memory = 0.0K)
Checking Rule SGDC_waive21 (Rule 31 of total 103) .... done (Time = 0.00s, Memory = 8.0K)
Checking Rule SGDC_waive22 (Rule 32 of total 103) .... done (Time = 0.00s, Memory = 0.0K)
Checking Rule SGDC_waive30 (Rule 33 of total 103) .... done (Time = 0.00s, Memory = 16.0K)
Checking Rule SGDC_waive32 (Rule 34 of total 103) .... done (Time = 0.00s, Memory = 0.9K)
Checking Rule SGDC_waive33 (Rule 35 of total 103) .... done (Time = 0.00s, Memory = 0.0K)
Checking Rule SGDC_waive36 (Rule 36 of total 103) .... done (Time = 0.00s, Memory = -7.1K)
Checking Rule SGDC_waive38 (Rule 37 of total 103) .... done (Time = 0.00s, Memory = 4.0K)
Checking Rule SGDC_fifo01 (Rule 38 of total 103) .... done (Time = 0.00s, Memory = -8.0K)
Checking Rule SGDC_libgroup01 (Rule 39 of total 103) .... done (Time = 0.00s, Memory = 4.7K)
Checking Rule SGDC_libgroup02 (Rule 40 of total 103) .... done (Time = 0.00s, Memory = 8.0K)
Checking Rule SGDC_libgroup04 (Rule 41 of total 103) .... done (Time = 0.00s, Memory = -24.0K)
Checking Rule SGDC_power_data01 (Rule 42 of total 103) .... done (Time = 0.00s, Memory = 15.0K)
Checking Rule SGDC_ungroup01 (Rule 43 of total 103) .... done (Time = 0.00s, Memory = 1.0K)
Checking Rule SGDC_abstract_port06 (Rule 44 of total 103) .... done (Time = 0.00s, Memory = 16.3K)
Checking Rule SGDC_abstract_port14 (Rule 45 of total 103) .... done (Time = 0.00s, Memory = -17.9K)
Checking Rule SGDC_abstract_port15 (Rule 46 of total 103) .... done (Time = 0.00s, Memory = 16.3K)
Checking Rule SGDC_abstract_port18 (Rule 47 of total 103) .... done (Time = 0.00s, Memory = 32.2K)
Checking Rule sdc_init_rule (Rule 48 of total 103) .... done (Time = 0.00s, Memory = 80.6K)
Checking Rule CMD_ignorelibs01 (Rule 49 of total 103) .... done (Time = 0.00s, Memory = 0.0K)
Checking Rule ReportRuleNotRun (Rule 50 of total 103) .... done (Time = 0.00s, Memory = 0.0K)
Checking Rule ReportStopSummary (Rule 51 of total 103) .... done (Time = 0.00s, Memory = 0.0K)
Checking Rule ReportIgnoreSummary (Rule 52 of total 103) .... done (Time = 0.00s, Memory = -0.6K)
 Analyzing source file "/home/ICer/UART_System/rtl/ALU/ALU.v" ....
 Analyzing source file "/home/ICer/UART_System/rtl/ClkDiv_ClkGate/Clk_divider.sv" ....
 Analyzing source file "/home/ICer/UART_System/rtl/ClkDiv_ClkGate/CLK_GATE.v" ....
 Analyzing source file "/home/ICer/UART_System/rtl/DataSynch_RstSynch_PulseGen/DATA_SYNCH.v" ....
 Analyzing source file "/home/ICer/UART_System/rtl/DataSynch_RstSynch_PulseGen/PULSE_GEN.v" ....
 Analyzing source file "/home/ICer/UART_System/rtl/DataSynch_RstSynch_PulseGen/RST_SYNCH.v" ....
 Analyzing source file "/home/ICer/UART_System/rtl/FIFO/Async_FIFO.v" ....
 Analyzing source file "/home/ICer/UART_System/rtl/FIFO/DF_SYNC.v" ....
 Analyzing source file "/home/ICer/UART_System/rtl/FIFO/FIFO_MEM_CNTRL.v" ....
 Analyzing source file "/home/ICer/UART_System/rtl/FIFO/FIFO_RD.v" ....
 Analyzing source file "/home/ICer/UART_System/rtl/FIFO/FIFO_WR.v" ....
 Analyzing source file "/home/ICer/UART_System/rtl/SYS_Control_RegisterFile/Register.v" ....
 Analyzing source file "/home/ICer/UART_System/rtl/SYS_Control_RegisterFile/SYS_CTRL.sv" ....
 Analyzing source file "/home/ICer/UART_System/rtl/UART/Data_Sampling.v" ....
 Analyzing source file "/home/ICer/UART_System/rtl/UART/DATA_SYNC.v" ....
 Analyzing source file "/home/ICer/UART_System/rtl/UART/DeSerializer.v" ....
 Analyzing source file "/home/ICer/UART_System/rtl/UART/Edge_Bit_Counter.v" ....
 Analyzing source file "/home/ICer/UART_System/rtl/UART/MUX.sv" ....
 Analyzing source file "/home/ICer/UART_System/rtl/UART/Parity_Calc.v" ....
 Analyzing source file "/home/ICer/UART_System/rtl/UART/Parity_Chk.v" ....
 Analyzing source file "/home/ICer/UART_System/rtl/UART/RX_FSM.sv" ....
 Analyzing source file "/home/ICer/UART_System/rtl/UART/Serializer.v" ....
 Analyzing source file "/home/ICer/UART_System/rtl/UART/Stp_Chk.v" ....
 Analyzing source file "/home/ICer/UART_System/rtl/UART/Strt_Chk.v" ....
 Analyzing source file "/home/ICer/UART_System/rtl/UART/TX_FSM.sv" ....
 Analyzing source file "/home/ICer/UART_System/rtl/UART/TX_TOP.sv" ....
 Analyzing source file "/home/ICer/UART_System/rtl/UART/UART.v" ....
 Analyzing source file "/home/ICer/UART_System/rtl/UART/UART_RX.sv" ....
***Syntax Errors detected - RULE CHECKING ABORTED***
Checking Rule ReportCheckDataSummary (Rule 53 of total 103) .... done (Time = 0.00s, Memory = 0.0K)

SpyGlass Rule Checking ABORTED.

Generating data for Console...

Generating moresimple report from './spyglass-2/Design_Read/spyglass.vdb' to './spyglass-2/Design_Read/spyglass_reports/moresimple.rpt' ....

Generating runsummary report from './spyglass-2/Design_Read/spyglass.vdb' ....

Generating no_msg_reporting_rules report from './spyglass-2/Design_Read/spyglass.vdb' to './spyglass-2/Design_Read/spyglass_reports/no_msg_reporting_rules.rpt' ....

Policy specific data (reports) are present in the directory './spyglass-2/Design_Read/spyglass_reports'.

SpyGlass critical reports for the current run are present in directory './spyglass-2/consolidated_reports/Design_Read/'.

---------------------------------------------------------------------------------------------
Results Summary:
---------------------------------------------------------------------------------------------
   Goal Run           :      Design_Read
** Design Read        :    112 fatals,     0 error,        0 warning,      0 information message 
   -------------------------------------------------------------------------------------
** Total              :    112 fatals,     0 error,        0 warning,      0 information message 

  Total Number of Generated Messages     :       112 (112 fatals, 0 error, 0 warning, 0 Info)
  Number of Reported Messages            :       112 (112 fatals, 0 error, 0 warning, 0 Info)

  NOTE: It is recommended to first fix/reconcile fatals/errors reported on
        lines starting with ** as subsequent issues might be related to it.
        Please re-run SpyGlass once ** prefixed lines are fatal/error clean.

---------------------------------------------------------------------------------------------

First 10 FATAL message(s) generated in current run are -

Rule         Severity   File                                                              Line   Message
-------------------------------------------------------------------------
STX_VE_479   Syntax     /home/ICer/UART_System/rtl/SYS_Control_RegisterFile/SYS_CTRL.sv   25     Syntax error near ( logic ). Please use 'set_option enableSV yes' to support SystemVerilog construct ( logic )
STX_VE_481   Syntax     /home/ICer/UART_System/rtl/SYS_Control_RegisterFile/SYS_CTRL.sv   43     Syntax error near ( , )
STX_VE_606   Syntax     /home/ICer/UART_System/rtl/SYS_Control_RegisterFile/SYS_CTRL.sv   50     Identifier ( next_state ) not declared in current scope
STX_VE_606   Syntax     /home/ICer/UART_System/rtl/SYS_Control_RegisterFile/SYS_CTRL.sv   50     Identifier ( current_state ) not declared in current scope
STX_VE_606   Syntax     /home/ICer/UART_System/rtl/SYS_Control_RegisterFile/SYS_CTRL.sv   51     Identifier ( current_state ) not declared in current scope
STX_VE_606   Syntax     /home/ICer/UART_System/rtl/SYS_Control_RegisterFile/SYS_CTRL.sv   53     Identifier ( IDLE ) not declared in current scope
STX_VE_606   Syntax     /home/ICer/UART_System/rtl/SYS_Control_RegisterFile/SYS_CTRL.sv   56     Identifier ( next_state ) not declared in current scope
STX_VE_606   Syntax     /home/ICer/UART_System/rtl/SYS_Control_RegisterFile/SYS_CTRL.sv   56     Identifier ( WR_ADDR ) not declared in current scope
STX_VE_606   Syntax     /home/ICer/UART_System/rtl/SYS_Control_RegisterFile/SYS_CTRL.sv   57     Identifier ( next_state ) not declared in current scope
STX_VE_606   Syntax     /home/ICer/UART_System/rtl/SYS_Control_RegisterFile/SYS_CTRL.sv   57     Identifier ( RD_ADDR ) not declared in current scope

Please refer ./spyglass-2/Design_Read/spyglass_reports directory for SpyGlass reports, or use SpyGlass GUI to see all FATAL messages.
run_goal: info: updating spyglass.log with goal summary
---------------------------------------------------------------------------------------------------
Results Summary:
---------------------------------------------------------------------------------------------------
   Goal Run           :      Design_Read
   Top Module         :      
---------------------------------------------------------------------------------------------------
   Reports Directory: 
   /home/ICer/UART_System/Spyglass/spyglass-2/consolidated_reports/Design_Read/ 

   SpyGlass LogFile: 
    /home/ICer/UART_System/Spyglass/spyglass-2/Design_Read/spyglass.log 

   Standard Reports: 
     moresimple.rpt          no_msg_reporting_rules.rpt       

   HTML report:
    /home/ICer/UART_System/Spyglass/spyglass-2/html_reports/goals_summary.html
  

   Technology Reports:  
     <Not Available>
   
   
---------------------------------------------------------------------------------------------------
   Goal Violation Summary:
       Waived   Messages:                      0 Errors,      0 Warnings,      0 Infos
       Reported Messages:       112 Fatals,    0 Errors,      0 Warnings,      0 Infos
---------------------------------------------------------------------------------------------------
   
---------------------------------------------------------------------------------------------------
 
run_goal: info: spyglass.log successfully updated with goal summary
6 {Rule-checking terminated due to FATAL errors - design syntax error}../Cell_Library/scmetro_tsmc_cl013g_rvt_ff_1p32v_m40c.db ../Cell_Library/scmetro_tsmc_cl013g_rvt_ss_1p08v_125c.db ../Cell_Library/scmetro_tsmc_cl013g_rvt_tt_1p2v_25c.dbyes
INFO:    SpyGlass will run goal(s) 'Design_Read'.


 Auto-compiling gates libraries

        "../Cell_Library/scmetro_tsmc_cl013g_rvt_ff_1p32v_m40c.db"
        "../Cell_Library/scmetro_tsmc_cl013g_rvt_ss_1p08v_125c.db"
        "../Cell_Library/scmetro_tsmc_cl013g_rvt_tt_1p2v_25c.db"
    to
        "./spyglass-2/spyglass_cache/autogenerated_sglib/aggregate.sglib" ...failed

ERROR [316]    Auto-compilation of gates libraries failed. Please refer to `./spyglass-2/spyglass_cache/autogenerated_sglib/lc/spyglass_lc_aggregate_reports/moresimple.rpt' for details

7 {Rule-checking terminated due to FATAL errors - usage or run error}../Cell_Library/scmetro_tsmc_cl013g_rvt_ff_1p32v_m40c.db ../Cell_Library/scmetro_tsmc_cl013g_rvt_ss_1p08v_125c.db ../Cell_Library/scmetro_tsmc_cl013g_rvt_tt_1p2v_25c.db {}../Cell_Library/scmetro_tsmc_cl013g_rvt_ss_1p08v_125c.db ../Cell_Library/scmetro_tsmc_cl013g_rvt_tt_1p2v_25c.db../Cell_Library/scmetro_tsmc_cl013g_rvt_ss_1p08v_125c.db ../Cell_Library/scmetro_tsmc_cl013g_rvt_tt_1p2v_25c.db {}../Cell_Library/scmetro_tsmc_cl013g_rvt_tt_1p2v_25c.db../Cell_Library/scmetro_tsmc_cl013g_rvt_tt_1p2v_25c.db {}
INFO:    SpyGlass will run goal(s) 'Design_Read'.


RULE-CHECKING IN MIXED MODE
Loading spyglass (SpyGlass_vL-2016.06) ... (picked from /home/synopsys/SpyGlass-L2016.06/SPYGLASS_HOME/policies/spyglass)
Loading txv (SpyGlass_vL-2016.06) ... (picked from /home/synopsys/SpyGlass-L2016.06/SPYGLASS_HOME/policies/txv)

TXV_INFO Parameter txv_extract_domain will be renamed to txv_domain_mode in future!

Loading timing (SpyGlass_vL-2016.06) ... (picked from /home/synopsys/SpyGlass-L2016.06/SPYGLASS_HOME/policies/timing)
Loading starcad-21 (SpyGlass_vL-2016.06) ... (picked from /home/synopsys/SpyGlass-L2016.06/SPYGLASS_HOME/policies/starcad-21)
Loading starc2005 (SpyGlass_vL-2016.06) ... (picked from /home/synopsys/SpyGlass-L2016.06/SPYGLASS_HOME/policies/starc2005)
Loading starc2002 (SpyGlass_vL-2016.06) ... (picked from /home/synopsys/SpyGlass-L2016.06/SPYGLASS_HOME/policies/starc2002)
Loading starc (SpyGlass_vL-2016.06) ... (picked from /home/synopsys/SpyGlass-L2016.06/SPYGLASS_HOME/policies/starc)
Loading simulation (SpyGlass_vL-2016.06) ... (picked from /home/synopsys/SpyGlass-L2016.06/SPYGLASS_HOME/policies/simulation)
Loading power_est (SpyGlass_vL-2016.06) ... (picked from /home/synopsys/SpyGlass-L2016.06/SPYGLASS_HOME/policies/power_est)
Loading openmore (SpyGlass_vL-2016.06) ... (picked from /home/synopsys/SpyGlass-L2016.06/SPYGLASS_HOME/policies/openmore)
Loading morelint (SpyGlass_vL-2016.06) ... (picked from /home/synopsys/SpyGlass-L2016.06/SPYGLASS_HOME/policies/morelint)
Loading miscellaneous (SpyGlass_vL-2016.06) ... (picked from /home/synopsys/SpyGlass-L2016.06/SPYGLASS_HOME/policies/miscellaneous)
Loading lowpower (SpyGlass_vL-2016.06) ... (picked from /home/synopsys/SpyGlass-L2016.06/SPYGLASS_HOME/policies/lowpower)
Loading lint (SpyGlass_vL-2016.06) ... (picked from /home/synopsys/SpyGlass-L2016.06/SPYGLASS_HOME/policies/lint)
Loading latch (SpyGlass_vL-2016.06) ... (picked from /home/synopsys/SpyGlass-L2016.06/SPYGLASS_HOME/policies/latch)
Loading erc (SpyGlass_vL-2016.06) ... (picked from /home/synopsys/SpyGlass-L2016.06/SPYGLASS_HOME/policies/erc)
Loading dft_dsm (SpyGlass_vL-2016.06) ... (picked from /home/synopsys/SpyGlass-L2016.06/SPYGLASS_HOME/policies/dft_dsm)
Loading dft (SpyGlass_vL-2016.06) ... (picked from /home/synopsys/SpyGlass-L2016.06/SPYGLASS_HOME/policies/dft)
Loading constraints (SpyGlass_vL-2016.06) ... (picked from /home/synopsys/SpyGlass-L2016.06/SPYGLASS_HOME/policies/constraints)
Loading const_intern1 (SpyGlass_vL-2016.06) ... (picked from /home/synopsys/SpyGlass-L2016.06/SPYGLASS_HOME/policies/constraints)
Loading clock-reset (SpyGlass_vL-2016.06) ... (picked from /home/synopsys/SpyGlass-L2016.06/SPYGLASS_HOME/policies/clock)
Loading area (SpyGlass_vL-2016.06) ... (picked from /home/synopsys/SpyGlass-L2016.06/SPYGLASS_HOME/policies/area)
Loading Audits (SpyGlass_vL-2016.06) ... (picked from /home/synopsys/SpyGlass-L2016.06/SPYGLASS_HOME/policies/Audits)

INFO [76]    Using `./spyglass-2/WORK/64' as the Work Directory for 64bit precompiled dump.
Checking Rule SGDC_power_est29 (Rule 1 of total 148) .... done (Time = 0.00s, Memory = 0.4K)
Checking Rule PECHECK04 (Rule 2 of total 148) .... done (Time = 0.02s, Memory = 20.8K)
Checking Rule PECHECK18 (Rule 3 of total 148) .... done (Time = 0.00s, Memory = 0.0K)
Checking Rule PEMVDD01 (Rule 4 of total 148) .... done (Time = 0.00s, Memory = 0.0K)
Checking Rule ZeroSizeFile (Rule 5 of total 148) .... done (Time = 0.00s, Memory = 0.0K)
Checking Rule PrecompileLibCheck01 (Rule 6 of total 148) .... done (Time = 0.00s, Memory = 0.0K)
Checking Rule PrecompileLibCheck02 (Rule 7 of total 148) .... done (Time = 0.00s, Memory = 32.0K)
Checking Rule PrecompileLibCheck03 (Rule 8 of total 148) .... done (Time = 0.00s, Memory = -8.0K)
Checking Rule PrecompileLibCheck04 (Rule 9 of total 148) .... done (Time = 0.00s, Memory = 0.0K)
Checking Rule SGDC_assume_path01 (Rule 10 of total 148) .... done (Time = 0.00s, Memory = 0.0K)
Checking Rule SGDC_sdcschema02 (Rule 11 of total 148) .... done (Time = 0.01s, Memory = -21.4K)
Checking Rule SGDC_clock05 (Rule 12 of total 148) .... done (Time = 0.00s, Memory = 0.0K)
Checking Rule SGDC_clock09 (Rule 13 of total 148) .... done (Time = 0.00s, Memory = 0.0K)
Checking Rule SGDC_force_ta05 (Rule 14 of total 148) .... done (Time = 0.00s, Memory = 0.0K)
Checking Rule SGDC_require_path03 (Rule 15 of total 148) .... done (Time = 0.00s, Memory = 0.0K)
Checking Rule SGDC_require_value03 (Rule 16 of total 148) .... done (Time = 0.00s, Memory = 7.5K)
Checking Rule SGDC_voltagedomain05 (Rule 17 of total 148) .... done (Time = 0.00s, Memory = 7.5K)
Checking Rule SGDC_voltagedomain06 (Rule 18 of total 148) .... done (Time = 0.00s, Memory = 0.0K)
Checking Rule SGDC_voltagedomain07 (Rule 19 of total 148) .... done (Time = 0.00s, Memory = 8.0K)
Checking Rule SGDC_powerdomainoutputs02 (Rule 20 of total 148) .... done (Time = 0.00s, Memory = 1.6K)
Checking Rule SGDC_supply01 (Rule 21 of total 148) .... done (Time = 0.00s, Memory = 7.5K)
Checking Rule SGDC_waive01 (Rule 22 of total 148) .... done (Time = 0.00s, Memory = 8.7K)
Checking Rule SGDC_waive02 (Rule 23 of total 148) .... done (Time = 0.00s, Memory = 0.0K)
Checking Rule SGDC_waive03 (Rule 24 of total 148) .... done (Time = 0.00s, Memory = 0.0K)
Checking Rule SGDC_waive04 (Rule 25 of total 148) .... done (Time = 0.00s, Memory = 0.0K)
Checking Rule SGDC_waive05 (Rule 26 of total 148) .... done (Time = 0.00s, Memory = 0.0K)
Checking Rule SGDC_waive06 (Rule 27 of total 148) .... done (Time = 0.00s, Memory = 0.0K)
Checking Rule SGDC_waive07 (Rule 28 of total 148) .... done (Time = 0.00s, Memory = 0.0K)
Checking Rule SGDC_waive08 (Rule 29 of total 148) .... done (Time = 0.00s, Memory = 24.0K)
Checking Rule SGDC_waive09 (Rule 30 of total 148) .... done (Time = 0.00s, Memory = 0.0K)
Checking Rule SGDC_waive10 (Rule 31 of total 148) .... done (Time = 0.00s, Memory = 0.0K)
Checking Rule SGDC_waive11 (Rule 32 of total 148) .... done (Time = 0.00s, Memory = 0.0K)
Checking Rule SGDC_waive12 (Rule 33 of total 148) .... done (Time = 0.00s, Memory = 8.0K)
Checking Rule SGDC_waive13 (Rule 34 of total 148) .... done (Time = 0.00s, Memory = -8.0K)
Checking Rule SGDC_waive21 (Rule 35 of total 148) .... done (Time = 0.00s, Memory = 8.0K)
Checking Rule SGDC_waive22 (Rule 36 of total 148) .... done (Time = 0.00s, Memory = 0.0K)
Checking Rule SGDC_waive30 (Rule 37 of total 148) .... done (Time = 0.00s, Memory = 3.3K)
Checking Rule SGDC_waive32 (Rule 38 of total 148) .... done (Time = 0.00s, Memory = 16.0K)
Checking Rule SGDC_waive33 (Rule 39 of total 148) .... done (Time = 0.00s, Memory = 0.0K)
Checking Rule SGDC_waive36 (Rule 40 of total 148) .... done (Time = 0.00s, Memory = 0.0K)
Checking Rule SGDC_waive38 (Rule 41 of total 148) .... done (Time = 0.00s, Memory = 0.0K)
Checking Rule SGDC_fifo01 (Rule 42 of total 148) .... done (Time = 0.00s, Memory = 6.5K)
Checking Rule SGDC_libgroup01 (Rule 43 of total 148) .... done (Time = 0.00s, Memory = 0.0K)
Checking Rule SGDC_libgroup02 (Rule 44 of total 148) .... done (Time = 0.00s, Memory = 0.0K)
Checking Rule SGDC_libgroup04 (Rule 45 of total 148) .... done (Time = 0.00s, Memory = 7.5K)
Checking Rule SGDC_power_data01 (Rule 46 of total 148) .... done (Time = 0.00s, Memory = 0.0K)
Checking Rule SGDC_ungroup01 (Rule 47 of total 148) .... done (Time = 0.00s, Memory = 7.5K)
Checking Rule SGDC_abstract_port06 (Rule 48 of total 148) .... done (Time = 0.00s, Memory = 0.0K)
Checking Rule SGDC_abstract_port14 (Rule 49 of total 148) .... done (Time = 0.00s, Memory = 15.5K)
Checking Rule SGDC_abstract_port15 (Rule 50 of total 148) .... done (Time = 0.00s, Memory = 0.0K)
Checking Rule SGDC_abstract_port18 (Rule 51 of total 148) .... done (Time = 0.00s, Memory = 7.5K)
Checking Rule sdc_init_rule (Rule 52 of total 148) .... done (Time = 0.00s, Memory = 0.6K)
Checking Rule CMD_ignorelibs01 (Rule 53 of total 148) .... done (Time = 0.00s, Memory = 0.0K)
Checking Rule ReportRuleNotRun (Rule 54 of total 148) .... done (Time = 0.00s, Memory = 0.0K)
Checking Rule ReportStopSummary (Rule 55 of total 148) .... done (Time = 0.00s, Memory = 0.0K)
Checking Rule ReportIgnoreSummary (Rule 56 of total 148) .... done (Time = 0.00s, Memory = 3.1K)
 Analyzing source file "/home/ICer/UART_System/rtl/ALU/ALU.v" ....
 Analyzing source file "/home/ICer/UART_System/rtl/ClkDiv_ClkGate/Clk_divider.sv" ....
 Analyzing source file "/home/ICer/UART_System/rtl/ClkDiv_ClkGate/CLK_GATE.v" ....
 Analyzing source file "/home/ICer/UART_System/rtl/DataSynch_RstSynch_PulseGen/DATA_SYNCH.v" ....
 Analyzing source file "/home/ICer/UART_System/rtl/DataSynch_RstSynch_PulseGen/PULSE_GEN.v" ....
 Analyzing source file "/home/ICer/UART_System/rtl/DataSynch_RstSynch_PulseGen/RST_SYNCH.v" ....
 Analyzing source file "/home/ICer/UART_System/rtl/FIFO/Async_FIFO.v" ....
 Analyzing source file "/home/ICer/UART_System/rtl/FIFO/DF_SYNC.v" ....
 Analyzing source file "/home/ICer/UART_System/rtl/FIFO/FIFO_MEM_CNTRL.v" ....
 Analyzing source file "/home/ICer/UART_System/rtl/FIFO/FIFO_RD.v" ....
 Analyzing source file "/home/ICer/UART_System/rtl/FIFO/FIFO_WR.v" ....
 Analyzing source file "/home/ICer/UART_System/rtl/SYS_Control_RegisterFile/Register.v" ....
 Analyzing source file "/home/ICer/UART_System/rtl/SYS_Control_RegisterFile/SYS_CTRL.sv" ....
 Analyzing source file "/home/ICer/UART_System/rtl/UART/Data_Sampling.v" ....
 Analyzing source file "/home/ICer/UART_System/rtl/UART/DATA_SYNC.v" ....
 Analyzing source file "/home/ICer/UART_System/rtl/UART/DeSerializer.v" ....
 Analyzing source file "/home/ICer/UART_System/rtl/UART/Edge_Bit_Counter.v" ....
 Analyzing source file "/home/ICer/UART_System/rtl/UART/MUX.sv" ....
 Analyzing source file "/home/ICer/UART_System/rtl/UART/Parity_Calc.v" ....
 Analyzing source file "/home/ICer/UART_System/rtl/UART/Parity_Chk.v" ....
 Analyzing source file "/home/ICer/UART_System/rtl/UART/RX_FSM.sv" ....
 Analyzing source file "/home/ICer/UART_System/rtl/UART/Serializer.v" ....
 Analyzing source file "/home/ICer/UART_System/rtl/UART/Stp_Chk.v" ....
 Analyzing source file "/home/ICer/UART_System/rtl/UART/Strt_Chk.v" ....
 Analyzing source file "/home/ICer/UART_System/rtl/UART/TX_FSM.sv" ....
 Analyzing source file "/home/ICer/UART_System/rtl/UART/TX_TOP.sv" ....
 Analyzing source file "/home/ICer/UART_System/rtl/UART/UART.v" ....
 Analyzing source file "/home/ICer/UART_System/rtl/UART/UART_RX.sv" ....
***Syntax Errors detected - RULE CHECKING ABORTED***
Checking Rule ReportCheckDataSummary (Rule 57 of total 148) .... done (Time = 0.00s, Memory = 0.0K)

SpyGlass Rule Checking ABORTED.

Generating data for Console...

Generating moresimple report from './spyglass-2/Design_Read/spyglass.vdb' to './spyglass-2/Design_Read/spyglass_reports/moresimple.rpt' ....

Generating runsummary report from './spyglass-2/Design_Read/spyglass.vdb' ....

Generating no_msg_reporting_rules report from './spyglass-2/Design_Read/spyglass.vdb' to './spyglass-2/Design_Read/spyglass_reports/no_msg_reporting_rules.rpt' ....

Policy specific data (reports) are present in the directory './spyglass-2/Design_Read/spyglass_reports'.

SpyGlass critical reports for the current run are present in directory './spyglass-2/consolidated_reports/Design_Read/'.

---------------------------------------------------------------------------------------------
Results Summary:
---------------------------------------------------------------------------------------------
   Goal Run           :      Design_Read
** Design Read        :      6 fatals,     0 error,        0 warning,      0 information message 
   -------------------------------------------------------------------------------------
** Total              :      6 fatals,     0 error,        0 warning,      0 information message 

  Total Number of Generated Messages     :         6 (6 fatals, 0 error, 0 warning, 0 Info)
  Number of Reported Messages            :         6 (6 fatals, 0 error, 0 warning, 0 Info)

  NOTE: It is recommended to first fix/reconcile fatals/errors reported on
        lines starting with ** as subsequent issues might be related to it.
        Please re-run SpyGlass once ** prefixed lines are fatal/error clean.

---------------------------------------------------------------------------------------------

Following FATAL message(s) generated in current run -

Rule         Severity   File                                        Line   Message
-------------------------------------------------------------------------
STX_VE_481   Syntax     /home/ICer/UART_System/rtl/UART/MUX.sv      1      Syntax error near ( uart_pkg )
STX_VE_481   Syntax     /home/ICer/UART_System/rtl/UART/MUX.sv      4      Syntax error near ( mux_sel )
STX_VE_481   Syntax     /home/ICer/UART_System/rtl/UART/TX_FSM.sv   1      Syntax error near ( uart_pkg )
STX_VE_481   Syntax     /home/ICer/UART_System/rtl/UART/TX_FSM.sv   11     Syntax error near ( mux_sel )
STX_VE_481   Syntax     /home/ICer/UART_System/rtl/UART/TX_TOP.sv   1      Syntax error near ( uart_pkg )
STX_VE_481   Syntax     /home/ICer/UART_System/rtl/UART/TX_TOP.sv   20     Syntax error near ( ; )
run_goal: info: updating spyglass.log with goal summary
---------------------------------------------------------------------------------------------------
Results Summary:
---------------------------------------------------------------------------------------------------
   Goal Run           :      Design_Read
   Top Module         :      
---------------------------------------------------------------------------------------------------
   Reports Directory: 
   /home/ICer/UART_System/Spyglass/spyglass-2/consolidated_reports/Design_Read/ 

   SpyGlass LogFile: 
    /home/ICer/UART_System/Spyglass/spyglass-2/Design_Read/spyglass.log 

   Standard Reports: 
     moresimple.rpt          no_msg_reporting_rules.rpt       

   HTML report:
    /home/ICer/UART_System/Spyglass/spyglass-2/html_reports/goals_summary.html
  

   Technology Reports:  
     <Not Available>
   
   
---------------------------------------------------------------------------------------------------
   Goal Violation Summary:
       Waived   Messages:                      0 Errors,      0 Warnings,      0 Infos
       Reported Messages:         6 Fatals,    0 Errors,      0 Warnings,      0 Infos
---------------------------------------------------------------------------------------------------
   
---------------------------------------------------------------------------------------------------
 
run_goal: info: spyglass.log successfully updated with goal summary
6 {Rule-checking terminated due to FATAL errors - design syntax error}