
################################################################################
#
# This file has been generated by SpyGlass:
#     Report Name      : moresimple
#     Report Created by: ICer
#     Report Created on:  Wed Oct  7 22:21:25 2026
#     Working Directory: /home/ICer/UART_System/Spyglass2
#     SpyGlass Version : SpyGlass_vL-2016.06
#     Policy Name      : SpyGlass(SpyGlass_vL-2016.06)
#                        clock-reset(SpyGlass_vL-2016.06)
#                        timing(SpyGlass_vL-2016.06)
#
#     Total Number of Generated Messages :         10
#     Number of Waived Messages          :          0
#     Number of Reported Messages        :         10
#     Number of Overlimit Messages       :          0
#
#
################################################################################

+++++++++++++++++++++++++++++++++++++++++++++++++++++++++++++++++++++++
MORESIMPLE REPORT:


############### BuiltIn -> RuleGroup=Command-line read ###############
+++++++++++++++++++++++++++++++++++++++++++++++++++++++++++++++++++++++++++++++++++++++
ID       Rule           Alias          Severity    File    Line    Wt    Message
======================================================================================
[1]      CMD_sglib03    SglibUnused    Info        N.A     -1      10    No Cell has been used in design from sglib file './lint_cdc/spyglass_cache/autogenerated_sglib/aggregate.sglib'
+++++++++++++++++++++++++++++++++++++++++++++++++++++++++++++++++++++++++++++++++++++++


############### BuiltIn -> RuleGroup=Design Read ###############
+++++++++++++++++++++++++++++++++++++++++++++++++++++++++++++++++++++++++++++++++++++++
ID       Rule                    Alias                   Severity    File                                                                                       Line    Wt    Message
======================================================================================
[2]      DetectTopDesignUnits    DetectTopDesignUnits    Info        ../rtl/System_Top/SYS_TOP_dft.v                                                            1       2     Module sys_top is a top level design unit
[0]      ElabSummary             ElabSummary             Info        ./lint_cdc/sys_top/cdc/clock_reset_integrity/spyglass_reports/SpyGlass/elab_summary.rpt    0       2     Please refer file './lint_cdc/sys_top/cdc/clock_reset_integrity/spyglass_reports/SpyGlass/elab_summary.rpt' for elab summary report
[7]      Info_Case_Analysis      showSimVal              Info        ../rtl/System_Top/SYS_TOP_dft.v                                                            1       10    Information for set_case_analysis value propagation for design 'sys_top' is displayed
+++++++++++++++++++++++++++++++++++++++++++++++++++++++++++++++++++++++++++++++++++++++


############### BuiltIn -> RuleGroup=SGDC Checks ###############
+++++++++++++++++++++++++++++++++++++++++++++++++++++++++++++++++++++++++++++++++++++++
ID       Rule                    Alias    Severity    File             Line    Wt    Message
======================================================================================
[3]      SGDC_abstract_port03             Info        spy_cons.sgdc    47      10    Constraint 'abstract_port': 'VIRTUAL_RST_CL' specified with '-clock' field not found on/within module 'sys_top'.Considering it as virtual clock
+++++++++++++++++++++++++++++++++++++++++++++++++++++++++++++++++++++++++++++++++++++++


############### Non-BuiltIn -> Goal=cdc/clock_reset_integrity ###############
+++++++++++++++++++++++++++++++++++++++++++++++++++++++++++++++++++++++++++++++++++++++
ID       Rule                  Alias    Severity    File                               Line    Wt    Message
======================================================================================
[6]      Propagate_Clocks               Warning     spy_cons.sgdc                      20      2     For sys_top, virtual clock(s) 'VIRTUAL_RST_CLK' of domain 'VIRTUAL_RST_DOMAIN' not propagated
[9]      Clock_Reset_info01             Info        N.A.                               0       2     Clock-Reset Matrix information generated for Clock-Reset-Summary report
[4]      Propagate_Clocks               Info        ../rtl/System_Top/SYS_TOP_dft.v    14      2     For sys_top, clock(s) 'sys_top.REF_CLK' of domain 'REF_DOMAIN' propagated
[5]      Propagate_Clocks               Info        ../rtl/System_Top/SYS_TOP_dft.v    52      2     For sys_top, clock(s) 'sys_top.UART_CLK,sys_top.tx_clk,sys_top.rx_clk' of domain 'UART_DOMAIN' propagated
[8]      Propagate_Resets               Info        ../rtl/System_Top/SYS_TOP_dft.v    15      2     For sys_top, reset 'sys_top.RST_N' propagated
+++++++++++++++++++++++++++++++++++++++++++++++++++++++++++++++++++++++++++++++++++++++
