 
****************************************
Report : area
Design : sys_top
Version: O-2018.06-SP1
Date   : Wed Sep 23 06:54:46 2026
****************************************

Library(s) Used:

    scmetro_tsmc_cl013g_rvt_ss_1p08v_125c (File: /home/ICer/UART_System/Cell_Library/scmetro_tsmc_cl013g_rvt_ss_1p08v_125c.db)

Number of ports:                          700
Number of nets:                          2684
Number of cells:                         1955
Number of combinational cells:           1534
Number of sequential cells:               384
Number of macros/black boxes:               0
Number of buf/inv:                        302
Number of references:                      20

Combinational area:              13427.323926
Buf/Inv area:                     1141.399028
Noncombinational area:            9298.283258
Macro/Black Box area:                0.000000
Net Interconnect area:      undefined  (No wire load specified)

Total cell area:                 22725.607185
Total area:                 undefined

Hierarchical area distribution
------------------------------

                                  Global cell area            Local cell area
                                  -------------------  ----------------------------- 
Hierarchical cell                 Absolute    Percent  Combi-      Noncombi-  Black-
                                  Total       Total    national    national   boxes   Design
--------------------------------  ----------  -------  ----------  ---------  ------  ------------------------------------------------
sys_top                           22725.6072    100.0     50.5981     0.0000  0.0000  sys_top
ALU_CG                               22.3573      0.1      5.8835    16.4738  0.0000  CLK_GATE
ALU_u                              6821.3300     30.0   1149.6359   440.0858  0.0000  ALU_WIDTH8_OUT_WIDTH16_FUN_WIDTH4
ALU_u/add_36                        247.1070      1.1    247.1070     0.0000  0.0000  ALU_WIDTH8_OUT_WIDTH16_FUN_WIDTH4_DW01_add_0
ALU_u/div_45                       2592.2701     11.4   2592.2701     0.0000  0.0000  ALU_WIDTH8_OUT_WIDTH16_FUN_WIDTH4_DW_div_uns_1
ALU_u/mult_42                      2120.4134      9.3   1914.4909     0.0000  0.0000  ALU_WIDTH8_OUT_WIDTH16_FUN_WIDTH4_DW02_mult_0
ALU_u/mult_42/FS_1                  205.9225      0.9    205.9225     0.0000  0.0000  ALU_WIDTH8_OUT_WIDTH16_FUN_WIDTH4_DW01_add_1
ALU_u/sub_39                        271.8177      1.2    271.8177     0.0000  0.0000  ALU_WIDTH8_OUT_WIDTH16_FUN_WIDTH4_DW01_sub_0
FIFO_u                             3560.6942     15.7      5.8835     0.0000  0.0000  FIFO_TOP_BUS_WIDTH8_DEPTH8_ADDR_WIDTH3_PTR_SIZE4
FIFO_u/U1                          2359.2835     10.4   1003.7251  1355.5583  0.0000  FIFO_MEM_CNTRL_BUS_WIDTH8_DEPTH8_ADDR_SIZE3
FIFO_u/U2_WRptr_sync                207.0992      0.9      0.0000   207.0992  0.0000  DF_SYNC_WIDTH4_0
FIFO_u/U3_RDptr_sync                207.0992      0.9      0.0000   207.0992  0.0000  DF_SYNC_WIDTH4_1
FIFO_u/U4                           390.6644      1.7    157.6778   232.9866  0.0000  FIFO_WR_DEPTH8_ADDR_SIZE3_PTR_SIZE4
FIFO_u/U5                           390.6644      1.7    157.6778   232.9866  0.0000  FIFO_RD_DEPTH8_ADDR_SIZE3_PTR_SIZE4
Pulse_U                              57.6583      0.3      5.8835    51.7748  0.0000  PULSE_GEN
RF1                                  77.6622      0.3      0.0000    77.6622  0.0000  RST_SYNCH_0
RX_CLK                              640.1248      2.8    458.9130   181.2118  0.0000  clk_div_WIDTH6_1
Regfile_u                          5830.5485     25.7   2227.4932  3603.0554  0.0000  Register_WIDTH8_DEPTH16_ADDRESS4
Rx2SysCtrl                          447.1460      2.0     84.7224   362.4236  0.0000  Data_Synch
TX_CLK                              641.3015      2.8    460.0897   181.2118  0.0000  clk_div_WIDTH6_0
UART_TX_RX                         3092.3676     13.6      4.7068     0.0000  0.0000  UART_DATA_WIDTH8
UART_TX_RX/U0_UART_RX              2187.4853      9.6      8.2369     0.0000  0.0000  RX_TOP
UART_TX_RX/U0_UART_RX/U1            617.7675      2.7    358.8935   258.8740  0.0000  Edge_Bit_Counter
UART_TX_RX/U0_UART_RX/U2            536.5752      2.4    433.0256   103.5496  0.0000  Data_sampling
UART_TX_RX/U0_UART_RX/U3            298.8818      1.3     91.7826   207.0992  0.0000  DeSerializer
UART_TX_RX/U0_UART_RX/U4            334.1828      1.5    152.9710   181.2118  0.0000  Parity_chk
UART_TX_RX/U0_UART_RX/U5             31.7709      0.1      5.8835    25.8874  0.0000  Strt_chk
UART_TX_RX/U0_UART_RX/U6             57.6583      0.3      5.8835    51.7748  0.0000  stp_chk
UART_TX_RX/U0_UART_RX/U7            302.4119      1.3    172.9749   129.4370  0.0000  RX_FSM
UART_TX_RX/U0_UART_TX               900.1755      4.0      0.0000     0.0000  0.0000  TX_TOP_WIDTH8
UART_TX_RX/U0_UART_TX/U1            591.8801      2.6    229.4565   362.4236  0.0000  serializer_WIDTH8
UART_TX_RX/U0_UART_TX/U2            160.0312      0.7     82.3690    77.6622  0.0000  TX_FSM
UART_TX_RX/U0_UART_TX/U3            124.7302      0.5     98.8428    25.8874  0.0000  parity_WIDTH8
UART_TX_RX/U0_UART_TX/U4             23.5340      0.1     23.5340     0.0000  0.0000  MUX
rx_rst_sync                          77.6622      0.3      0.0000    77.6622  0.0000  RST_SYNCH_1
sys_ctrl_u                         1250.8321      5.5    758.9715   491.8606  0.0000  SYS_CTRL_WIDTH8_ALU_OUT_WIDTH16_ADDR4
tx_rst_sync                          77.6622      0.3      0.0000    77.6622  0.0000  RST_SYNCH_2
uart_rst_sync                        77.6622      0.3      0.0000    77.6622  0.0000  RST_SYNCH_3
--------------------------------  ----------  -------  ----------  ---------  ------  ------------------------------------------------
Total                                                  13427.3239  9298.2833  0.0000

1
