
                           Design Compiler Graphical 
                                 DC Ultra (TM)
                                  DFTMAX (TM)
                              Power Compiler (TM)
                                 DesignWare (R)
                                 DC Expert (TM)
                               Design Vision (TM)
                               HDL Compiler (TM)
                               VHDL Compiler (TM)
                                  DFT Compiler
                               Design Compiler(R)

               Version O-2018.06-SP1 for linux64 - Jul 19, 2018 

                    Copyright (c) 1988 - 2018 Synopsys, Inc.
   This software and the associated documentation are proprietary to Synopsys,
 Inc. This software may only be used in accordance with the terms and conditions
 of a written license agreement with Synopsys, Inc. All other use, reproduction,
            or distribution of this software is strictly prohibited.
Initializing...
Initializing gui preferences from file  /home/ICer/.synopsys_dv_prefs.tcl
########################### Define Top Module ############################
set top_module sys_top
sys_top
##################### Define Working Library Directory ######################
define_design_lib work -path ./work
1
set_svf System_TOP.svf
1
################## Design Compiler Library Files #setup ######################
puts "###########################################"
###########################################
puts "#      #setting Design Libraries           #"
#      #setting Design Libraries           #
puts "###########################################"
###########################################
#Add the path of the libraries to the search_path variable
lappend search_path /home/ICer/UART_System/rtl
. /home/synopsys/syn/O-2018.06-SP1/libraries/syn /home/synopsys/syn/O-2018.06-SP1/minpower/syn /home/synopsys/syn/O-2018.06-SP1/dw/syn_ver /home/synopsys/syn/O-2018.06-SP1/dw/sim_ver /home/ICer/UART_System/rtl
lappend search_path /home/ICer/UART_System/Cell_Library
. /home/synopsys/syn/O-2018.06-SP1/libraries/syn /home/synopsys/syn/O-2018.06-SP1/minpower/syn /home/synopsys/syn/O-2018.06-SP1/dw/syn_ver /home/synopsys/syn/O-2018.06-SP1/dw/sim_ver /home/ICer/UART_System/rtl /home/ICer/UART_System/Cell_Library
set SSLIB "scmetro_tsmc_cl013g_rvt_ss_1p08v_125c.db"
scmetro_tsmc_cl013g_rvt_ss_1p08v_125c.db
set TTLIB "scmetro_tsmc_cl013g_rvt_tt_1p2v_25c.db"
scmetro_tsmc_cl013g_rvt_tt_1p2v_25c.db
set FFLIB "scmetro_tsmc_cl013g_rvt_ff_1p32v_m40c.db"
scmetro_tsmc_cl013g_rvt_ff_1p32v_m40c.db
## Standard Cell libraries 
set target_library [list $SSLIB $TTLIB $FFLIB]
scmetro_tsmc_cl013g_rvt_ss_1p08v_125c.db scmetro_tsmc_cl013g_rvt_tt_1p2v_25c.db scmetro_tsmc_cl013g_rvt_ff_1p32v_m40c.db
## Standard Cell & Hard Macros libraries 
set link_library [list * $SSLIB $TTLIB $FFLIB]  
* scmetro_tsmc_cl013g_rvt_ss_1p08v_125c.db scmetro_tsmc_cl013g_rvt_tt_1p2v_25c.db scmetro_tsmc_cl013g_rvt_ff_1p32v_m40c.db
######################## Reading RTL Files #################################
puts "###########################################"
###########################################
puts "#             Reading RTL Files           #"
#             Reading RTL Files           #
puts "###########################################"
###########################################
set fh [open sverilog.lst r]
file11
set rtl [read $fh]
/home/ICer/UART_System/rtl/UART/Package.sv
/home/ICer/UART_System/rtl/System_Top/System_TOP.sv
/home/ICer/UART_System/rtl/ClkDiv_ClkGate/Clk_divider.sv
/home/ICer/UART_System/rtl/SYS_Control_RegisterFile/SYS_CTRL.sv
/home/ICer/UART_System/rtl/UART/MUX.sv
/home/ICer/UART_System/rtl/UART/RX_FSM.sv
/home/ICer/UART_System/rtl/UART/TX_FSM.sv
/home/ICer/UART_System/rtl/UART/TX_TOP.sv
/home/ICer/UART_System/rtl/UART/UART_RX.sv

close $fh
regsub -all "\n" $rtl " " designs
9
analyze -format sverilog $designs
Running PRESTO HDLC
Compiling source file /home/ICer/UART_System/rtl/UART/Package.sv
Warning:  /home/ICer/UART_System/rtl/UART/Package.sv:1: The package uart_pkg has already been analyzed. It is being replaced. (VER-26)
Compiling source file /home/ICer/UART_System/rtl/System_Top/System_TOP.sv
Compiling source file /home/ICer/UART_System/rtl/ClkDiv_ClkGate/Clk_divider.sv
Compiling source file /home/ICer/UART_System/rtl/SYS_Control_RegisterFile/SYS_CTRL.sv
Compiling source file /home/ICer/UART_System/rtl/UART/MUX.sv
Compiling source file /home/ICer/UART_System/rtl/UART/RX_FSM.sv
Compiling source file /home/ICer/UART_System/rtl/UART/TX_FSM.sv
Compiling source file /home/ICer/UART_System/rtl/UART/TX_TOP.sv
Compiling source file /home/ICer/UART_System/rtl/UART/UART_RX.sv
Presto compilation completed successfully.
Loading db file '/home/ICer/UART_System/Cell_Library/scmetro_tsmc_cl013g_rvt_ss_1p08v_125c.db'
Loading db file '/home/ICer/UART_System/Cell_Library/scmetro_tsmc_cl013g_rvt_tt_1p2v_25c.db'
Loading db file '/home/ICer/UART_System/Cell_Library/scmetro_tsmc_cl013g_rvt_ff_1p32v_m40c.db'
1
set fh [open verilog.lst r]
file12
set rtl [read $fh]
/home/ICer/UART_System/rtl/ALU/ALU.v
/home/ICer/UART_System/rtl/ClkDiv_ClkGate/CLK_GATE.v
/home/ICer/UART_System/rtl/DataSynch_RstSynch_PulseGen/DATA_SYNCH.v
/home/ICer/UART_System/rtl/DataSynch_RstSynch_PulseGen/PULSE_GEN.v
/home/ICer/UART_System/rtl/DataSynch_RstSynch_PulseGen/RST_SYNCH.v
/home/ICer/UART_System/rtl/FIFO/Async_FIFO.v
/home/ICer/UART_System/rtl/FIFO/DF_SYNC.v
/home/ICer/UART_System/rtl/FIFO/FIFO_MEM_CNTRL.v
/home/ICer/UART_System/rtl/FIFO/FIFO_RD.v
/home/ICer/UART_System/rtl/FIFO/FIFO_WR.v
/home/ICer/UART_System/rtl/SYS_Control_RegisterFile/Register.v
/home/ICer/UART_System/rtl/UART/Data_Sampling.v
/home/ICer/UART_System/rtl/UART/DATA_SYNC.v
/home/ICer/UART_System/rtl/UART/DeSerializer.v
/home/ICer/UART_System/rtl/UART/Edge_Bit_Counter.v
/home/ICer/UART_System/rtl/UART/Parity_Calc.v
/home/ICer/UART_System/rtl/UART/Parity_Chk.v
/home/ICer/UART_System/rtl/UART/Serializer.v
/home/ICer/UART_System/rtl/UART/Stp_Chk.v
/home/ICer/UART_System/rtl/UART/Strt_Chk.v
/home/ICer/UART_System/rtl/UART/UART.v

close $fh
regsub -all "\n" $rtl " " designs
21
analyze -format verilog $designs
Running PRESTO HDLC
Compiling source file /home/ICer/UART_System/rtl/ALU/ALU.v
Compiling source file /home/ICer/UART_System/rtl/ClkDiv_ClkGate/CLK_GATE.v
Compiling source file /home/ICer/UART_System/rtl/DataSynch_RstSynch_PulseGen/DATA_SYNCH.v
Compiling source file /home/ICer/UART_System/rtl/DataSynch_RstSynch_PulseGen/PULSE_GEN.v
Compiling source file /home/ICer/UART_System/rtl/DataSynch_RstSynch_PulseGen/RST_SYNCH.v
Compiling source file /home/ICer/UART_System/rtl/FIFO/Async_FIFO.v
Warning:  /home/ICer/UART_System/rtl/DataSynch_RstSynch_PulseGen/RST_SYNCH.v:16: A unnamed generate block with an LRM-defined name 'genblk1' is detected, which is incompatible with Verilog standard 2001 or 1995. (VER-944)
Warning:  /home/ICer/UART_System/rtl/DataSynch_RstSynch_PulseGen/RST_SYNCH.v:16: A unnamed generate block with an LRM-defined name 'genblk1' is detected, which is incompatible with Verilog standard 2001 or 1995. (VER-944)
Compiling source file /home/ICer/UART_System/rtl/FIFO/DF_SYNC.v
Compiling source file /home/ICer/UART_System/rtl/FIFO/FIFO_MEM_CNTRL.v
Compiling source file /home/ICer/UART_System/rtl/FIFO/FIFO_RD.v
Compiling source file /home/ICer/UART_System/rtl/FIFO/FIFO_WR.v
Compiling source file /home/ICer/UART_System/rtl/SYS_Control_RegisterFile/Register.v
Compiling source file /home/ICer/UART_System/rtl/UART/Data_Sampling.v
Compiling source file /home/ICer/UART_System/rtl/UART/DATA_SYNC.v
Compiling source file /home/ICer/UART_System/rtl/UART/DeSerializer.v
Compiling source file /home/ICer/UART_System/rtl/UART/Edge_Bit_Counter.v
Compiling source file /home/ICer/UART_System/rtl/UART/Parity_Calc.v
Compiling source file /home/ICer/UART_System/rtl/UART/Parity_Chk.v
Compiling source file /home/ICer/UART_System/rtl/UART/Serializer.v
Compiling source file /home/ICer/UART_System/rtl/UART/Stp_Chk.v
Compiling source file /home/ICer/UART_System/rtl/UART/Strt_Chk.v
Compiling source file /home/ICer/UART_System/rtl/UART/UART.v
Presto compilation completed successfully.
1
###################### Defining toplevel ###################################
elaborate $top_module
Loading db file '/home/synopsys/syn/O-2018.06-SP1/libraries/syn/gtech.db'
Loading db file '/home/synopsys/syn/O-2018.06-SP1/libraries/syn/standard.sldb'
  Loading link library 'scmetro_tsmc_cl013g_rvt_ss_1p08v_125c'
  Loading link library 'scmetro_tsmc_cl013g_rvt_tt_1p2v_25c'
  Loading link library 'scmetro_tsmc_cl013g_rvt_ff_1p32v_m40c'
  Loading link library 'gtech'
Running PRESTO HDLC

Statistics for case statements in always block at line 215 in file
	'/home/ICer/UART_System/rtl/System_Top/System_TOP.sv'
===============================================
|           Line           |  full/ parallel  |
===============================================
|           217            |    auto/auto     |
===============================================
Presto compilation completed successfully.
Elaborated 1 design.
Current design is now 'sys_top'.
Information: Building the design 'PULSE_GEN'. (HDL-193)

Inferred memory devices in process
	in routine PULSE_GEN line 19 in file
		'/home/ICer/UART_System/rtl/DataSynch_RstSynch_PulseGen/PULSE_GEN.v'.
===============================================================================
|    Register Name    |   Type    | Width | Bus | MB | AR | AS | SR | SS | ST |
===============================================================================
|    rcv_flop_reg     | Flip-flop |   1   |  N  | N  | Y  | N  | N  | N  | N  |
|    pls_flop_reg     | Flip-flop |   1   |  N  | N  | Y  | N  | N  | N  | N  |
===============================================================================
Presto compilation completed successfully.
Information: Building the design 'FIFO_TOP' instantiated from design 'sys_top' with
	the parameters "BUS_WIDTH=8,DEPTH=8,ADDR_WIDTH=3,PTR_SIZE=4". (HDL-193)
Presto compilation completed successfully.
Information: Building the design 'ALU' instantiated from design 'sys_top' with
	the parameters "WIDTH=8,OUT_WIDTH=16,FUN_WIDTH=4". (HDL-193)

Statistics for case statements in always block at line 28 in file
	'/home/ICer/UART_System/rtl/ALU/ALU.v'
===============================================
|           Line           |  full/ parallel  |
===============================================
|            34            |    auto/auto     |
===============================================

Inferred memory devices in process
	in routine ALU_WIDTH8_OUT_WIDTH16_FUN_WIDTH4 line 13 in file
		'/home/ICer/UART_System/rtl/ALU/ALU.v'.
===============================================================================
|    Register Name    |   Type    | Width | Bus | MB | AR | AS | SR | SS | ST |
===============================================================================
|     ALU_OUT_reg     | Flip-flop |  16   |  Y  | N  | Y  | N  | N  | N  | N  |
|    OUT_VALID_reg    | Flip-flop |   1   |  N  | N  | Y  | N  | N  | N  | N  |
===============================================================================
Presto compilation completed successfully.
Information: Building the design 'Register' instantiated from design 'sys_top' with
	the parameters "WIDTH=8,DEPTH=16,ADDRESS=4". (HDL-193)

Inferred memory devices in process
	in routine Register_WIDTH8_DEPTH16_ADDRESS4 line 13 in file
		'/home/ICer/UART_System/rtl/SYS_Control_RegisterFile/Register.v'.
===============================================================================
|    Register Name    |   Type    | Width | Bus | MB | AR | AS | SR | SS | ST |
===============================================================================
|     RdData_reg      | Flip-flop |   8   |  Y  | N  | Y  | N  | N  | N  | N  |
|    reg_file_reg     | Flip-flop |  125  |  Y  | N  | Y  | N  | N  | N  | N  |
|    reg_file_reg     | Flip-flop |   3   |  Y  | N  | N  | Y  | N  | N  | N  |
|   RdData_VLD_reg    | Flip-flop |   1   |  N  | N  | Y  | N  | N  | N  | N  |
===============================================================================
Statistics for MUX_OPs
=========================================================================
|          block name/line            | Inputs | Outputs | # sel inputs |
=========================================================================
| Register_WIDTH8_DEPTH16_ADDRESS4/38 |   16   |    8    |      4       |
=========================================================================
Presto compilation completed successfully.
Information: Building the design 'SYS_CTRL' instantiated from design 'sys_top' with
	the parameters "WIDTH=8,ALU_OUT_WIDTH=16,ADDR=4". (HDL-193)

Statistics for case statements in always block at line 48 in file
	'/home/ICer/UART_System/rtl/SYS_Control_RegisterFile/SYS_CTRL.sv'
===============================================
|           Line           |  full/ parallel  |
===============================================
|            51            |    auto/auto     |
|            55            |    auto/auto     |
===============================================

Statistics for case statements in always block at line 83 in file
	'/home/ICer/UART_System/rtl/SYS_Control_RegisterFile/SYS_CTRL.sv'
===============================================
|           Line           |  full/ parallel  |
===============================================
|            95            |    auto/auto     |
===============================================

Inferred memory devices in process
	in routine SYS_CTRL_WIDTH8_ALU_OUT_WIDTH16_ADDR4 line 178 in file
		'/home/ICer/UART_System/rtl/SYS_Control_RegisterFile/SYS_CTRL.sv'.
===============================================================================
|    Register Name    |   Type    | Width | Bus | MB | AR | AS | SR | SS | ST |
===============================================================================
|  current_state_reg  | Flip-flop |   4   |  Y  | N  | Y  | N  | N  | N  | N  |
===============================================================================

Inferred memory devices in process
	in routine SYS_CTRL_WIDTH8_ALU_OUT_WIDTH16_ADDR4 line 190 in file
		'/home/ICer/UART_System/rtl/SYS_Control_RegisterFile/SYS_CTRL.sv'.
===============================================================================
|    Register Name    |   Type    | Width | Bus | MB | AR | AS | SR | SS | ST |
===============================================================================
|     wr_addr_reg     | Flip-flop |   4   |  Y  | N  | Y  | N  | N  | N  | N  |
===============================================================================

Inferred memory devices in process
	in routine SYS_CTRL_WIDTH8_ALU_OUT_WIDTH16_ADDR4 line 198 in file
		'/home/ICer/UART_System/rtl/SYS_Control_RegisterFile/SYS_CTRL.sv'.
===============================================================================
|    Register Name    |   Type    | Width | Bus | MB | AR | AS | SR | SS | ST |
===============================================================================
|     frame2_reg      | Flip-flop |   8   |  Y  | N  | Y  | N  | N  | N  | N  |
===============================================================================

Inferred memory devices in process
	in routine SYS_CTRL_WIDTH8_ALU_OUT_WIDTH16_ADDR4 line 205 in file
		'/home/ICer/UART_System/rtl/SYS_Control_RegisterFile/SYS_CTRL.sv'.
===============================================================================
|    Register Name    |   Type    | Width | Bus | MB | AR | AS | SR | SS | ST |
===============================================================================
|    reg3_cfg_reg     | Flip-flop |   1   |  N  | N  | Y  | N  | N  | N  | N  |
|   cfg_locked_reg    | Flip-flop |   1   |  N  | N  | Y  | N  | N  | N  | N  |
|    reg2_cfg_reg     | Flip-flop |   1   |  N  | N  | Y  | N  | N  | N  | N  |
===============================================================================
Presto compilation completed successfully.
Information: Building the design 'Data_Synch'. (HDL-193)

Inferred memory devices in process
	in routine Data_Synch line 22 in file
		'/home/ICer/UART_System/rtl/DataSynch_RstSynch_PulseGen/DATA_SYNCH.v'.
===============================================================================
|    Register Name    |   Type    | Width | Bus | MB | AR | AS | SR | SS | ST |
===============================================================================
|    pulse_out_reg    | Flip-flop |   1   |  N  | N  | Y  | N  | N  | N  | N  |
|    en_pulse_reg     | Flip-flop |   1   |  N  | N  | Y  | N  | N  | N  | N  |
|      SYNC_reg       | Flip-flop |   4   |  Y  | N  | Y  | N  | N  | N  | N  |
|    sync_bus_reg     | Flip-flop |   8   |  Y  | N  | Y  | N  | N  | N  | N  |
===============================================================================
Presto compilation completed successfully.
Information: Building the design 'UART' instantiated from design 'sys_top' with
	the parameters "DATA_WIDTH=8". (HDL-193)
Presto compilation completed successfully.
Information: Building the design 'clk_div' instantiated from design 'sys_top' with
	the parameters "WIDTH=6". (HDL-193)

Inferred memory devices in process
	in routine clk_div_WIDTH6 line 28 in file
		'/home/ICer/UART_System/rtl/ClkDiv_ClkGate/Clk_divider.sv'.
===============================================================================
|    Register Name    |   Type    | Width | Bus | MB | AR | AS | SR | SS | ST |
===============================================================================
|   div_clk_reg_reg   | Flip-flop |   1   |  N  | N  | Y  | N  | N  | N  | N  |
|      count_reg      | Flip-flop |   5   |  Y  | N  | Y  | N  | N  | N  | N  |
|      count_reg      | Flip-flop |   1   |  N  | N  | N  | Y  | N  | N  | N  |
===============================================================================
Presto compilation completed successfully.
Information: Building the design 'RST_SYNCH'. (HDL-193)

Inferred memory devices in process
	in routine RST_SYNCH line 29 in file
		'/home/ICer/UART_System/rtl/DataSynch_RstSynch_PulseGen/RST_SYNCH.v'.
===============================================================================
|    Register Name    |   Type    | Width | Bus | MB | AR | AS | SR | SS | ST |
===============================================================================
|     n_synch_reg     | Flip-flop |   3   |  Y  | N  | Y  | N  | N  | N  | N  |
===============================================================================
Presto compilation completed successfully.
Information: Building the design 'CLK_GATE'. (HDL-193)

Inferred memory devices in process
	in routine CLK_GATE line 16 in file
		'/home/ICer/UART_System/rtl/ClkDiv_ClkGate/CLK_GATE.v'.
===========================================================================
|    Register Name    | Type  | Width | Bus | MB | AR | AS | SR | SS | ST |
===========================================================================
|    Latch_Out_reg    | Latch |   1   |  N  | N  | N  | N  | -  | -  | -  |
===========================================================================
Presto compilation completed successfully.
Information: Building the design 'FIFO_MEM_CNTRL' instantiated from design 'FIFO_TOP_BUS_WIDTH8_DEPTH8_ADDR_WIDTH3_PTR_SIZE4' with
	the parameters "BUS_WIDTH=8,DEPTH=8,ADDR_SIZE=3". (HDL-193)

Inferred memory devices in process
	in routine FIFO_MEM_CNTRL_BUS_WIDTH8_DEPTH8_ADDR_SIZE3 line 16 in file
		'/home/ICer/UART_System/rtl/FIFO/FIFO_MEM_CNTRL.v'.
===============================================================================
|    Register Name    |   Type    | Width | Bus | MB | AR | AS | SR | SS | ST |
===============================================================================
|       mem_reg       | Flip-flop |  64   |  Y  | N  | N  | N  | N  | N  | N  |
===============================================================================
Statistics for MUX_OPs
====================================================================================
|                block name/line                 | Inputs | Outputs | # sel inputs |
====================================================================================
| FIFO_MEM_CNTRL_BUS_WIDTH8_DEPTH8_ADDR_SIZE3/14 |   8    |    8    |      3       |
====================================================================================
Presto compilation completed successfully.
Information: Building the design 'DF_SYNC' instantiated from design 'FIFO_TOP_BUS_WIDTH8_DEPTH8_ADDR_WIDTH3_PTR_SIZE4' with
	the parameters "WIDTH=4". (HDL-193)

Inferred memory devices in process
	in routine DF_SYNC_WIDTH4 line 11 in file
		'/home/ICer/UART_System/rtl/FIFO/DF_SYNC.v'.
===============================================================================
|    Register Name    |   Type    | Width | Bus | MB | AR | AS | SR | SS | ST |
===============================================================================
|       s0_reg        | Flip-flop |   4   |  Y  | N  | Y  | N  | N  | N  | N  |
|       s1_reg        | Flip-flop |   4   |  Y  | N  | Y  | N  | N  | N  | N  |
===============================================================================
Presto compilation completed successfully.
Information: Building the design 'FIFO_WR' instantiated from design 'FIFO_TOP_BUS_WIDTH8_DEPTH8_ADDR_WIDTH3_PTR_SIZE4' with
	the parameters "DEPTH=8,ADDR_SIZE=3,PTR_SIZE=4". (HDL-193)

Inferred memory devices in process
	in routine FIFO_WR_DEPTH8_ADDR_SIZE3_PTR_SIZE4 line 26 in file
		'/home/ICer/UART_System/rtl/FIFO/FIFO_WR.v'.
===============================================================================
|    Register Name    |   Type    | Width | Bus | MB | AR | AS | SR | SS | ST |
===============================================================================
|      full_reg       | Flip-flop |   1   |  N  | N  | Y  | N  | N  | N  | N  |
|   WR_PTR_GRAY_reg   | Flip-flop |   4   |  Y  | N  | Y  | N  | N  | N  | N  |
|   WR_PTR_BIN_reg    | Flip-flop |   4   |  Y  | N  | Y  | N  | N  | N  | N  |
===============================================================================
Presto compilation completed successfully.
Information: Building the design 'FIFO_RD' instantiated from design 'FIFO_TOP_BUS_WIDTH8_DEPTH8_ADDR_WIDTH3_PTR_SIZE4' with
	the parameters "DEPTH=8,ADDR_SIZE=3,PTR_SIZE=4". (HDL-193)

Inferred memory devices in process
	in routine FIFO_RD_DEPTH8_ADDR_SIZE3_PTR_SIZE4 line 28 in file
		'/home/ICer/UART_System/rtl/FIFO/FIFO_RD.v'.
===============================================================================
|    Register Name    |   Type    | Width | Bus | MB | AR | AS | SR | SS | ST |
===============================================================================
|      empty_reg      | Flip-flop |   1   |  N  | N  | N  | Y  | N  | N  | N  |
|   RD_PTR_GRAY_reg   | Flip-flop |   4   |  Y  | N  | Y  | N  | N  | N  | N  |
|   RD_PTR_BIN_reg    | Flip-flop |   4   |  Y  | N  | Y  | N  | N  | N  | N  |
===============================================================================
Presto compilation completed successfully.
Information: Building the design 'TX_TOP' instantiated from design 'UART_DATA_WIDTH8' with
	the parameters "WIDTH=8". (HDL-193)
Presto compilation completed successfully.
Information: Building the design 'RX_TOP'. (HDL-193)
Presto compilation completed successfully.
Information: Building the design 'serializer' instantiated from design 'TX_TOP_WIDTH8' with
	the parameters "WIDTH=8". (HDL-193)
Warning:  /home/ICer/UART_System/rtl/UART/Serializer.v:37: signed to unsigned conversion occurs. (VER-318)

Inferred memory devices in process
	in routine serializer_WIDTH8 line 16 in file
		'/home/ICer/UART_System/rtl/UART/Serializer.v'.
===============================================================================
|    Register Name    |   Type    | Width | Bus | MB | AR | AS | SR | SS | ST |
===============================================================================
|       mem_reg       | Flip-flop |   8   |  Y  | N  | Y  | N  | N  | N  | N  |
|     loading_reg     | Flip-flop |   1   |  N  | N  | Y  | N  | N  | N  | N  |
|    ser_done_reg     | Flip-flop |   1   |  N  | N  | Y  | N  | N  | N  | N  |
|    ser_data_reg     | Flip-flop |   1   |  N  | N  | Y  | N  | N  | N  | N  |
|     counter_reg     | Flip-flop |   3   |  Y  | N  | Y  | N  | N  | N  | N  |
===============================================================================
Statistics for MUX_OPs
==========================================================
|   block name/line    | Inputs | Outputs | # sel inputs |
==========================================================
| serializer_WIDTH8/35 |   8    |    1    |      3       |
==========================================================
Presto compilation completed successfully.
Information: Building the design 'TX_FSM'. (HDL-193)

Statistics for case statements in always block at line 42 in file
	'/home/ICer/UART_System/rtl/UART/TX_FSM.sv'
===============================================
|           Line           |  full/ parallel  |
===============================================
|            44            |    auto/auto     |
===============================================

Statistics for case statements in always block at line 72 in file
	'/home/ICer/UART_System/rtl/UART/TX_FSM.sv'
===============================================
|           Line           |  full/ parallel  |
===============================================
|            77            |    auto/auto     |
===============================================

Inferred memory devices in process
	in routine TX_FSM line 31 in file
		'/home/ICer/UART_System/rtl/UART/TX_FSM.sv'.
===============================================================================
|    Register Name    |   Type    | Width | Bus | MB | AR | AS | SR | SS | ST |
===============================================================================
|  current_state_reg  | Flip-flop |   3   |  Y  | N  | Y  | N  | N  | N  | N  |
===============================================================================
Presto compilation completed successfully.
Information: Building the design 'parity' instantiated from design 'TX_TOP_WIDTH8' with
	the parameters "WIDTH=8". (HDL-193)

Inferred memory devices in process
	in routine parity_WIDTH8 line 10 in file
		'/home/ICer/UART_System/rtl/UART/Parity_Calc.v'.
===============================================================================
|    Register Name    |   Type    | Width | Bus | MB | AR | AS | SR | SS | ST |
===============================================================================
|     par_bit_reg     | Flip-flop |   1   |  N  | N  | Y  | N  | N  | N  | N  |
===============================================================================
Presto compilation completed successfully.
Information: Building the design 'MUX'. (HDL-193)

Statistics for case statements in always block at line 12 in file
	'/home/ICer/UART_System/rtl/UART/MUX.sv'
===============================================
|           Line           |  full/ parallel  |
===============================================
|            13            |    auto/auto     |
===============================================
Presto compilation completed successfully.
Information: Building the design 'RX_FSM'. (HDL-193)

Statistics for case statements in always block at line 42 in file
	'/home/ICer/UART_System/rtl/UART/RX_FSM.sv'
===============================================
|           Line           |  full/ parallel  |
===============================================
|            46            |    auto/auto     |
===============================================

Statistics for case statements in always block at line 101 in file
	'/home/ICer/UART_System/rtl/UART/RX_FSM.sv'
===============================================
|           Line           |  full/ parallel  |
===============================================
|           111            |    auto/auto     |
===============================================

Inferred memory devices in process
	in routine RX_FSM line 154 in file
		'/home/ICer/UART_System/rtl/UART/RX_FSM.sv'.
===============================================================================
|    Register Name    |   Type    | Width | Bus | MB | AR | AS | SR | SS | ST |
===============================================================================
| sample_valid_d_reg  | Flip-flop |   1   |  N  | N  | Y  | N  | N  | N  | N  |
===============================================================================

Inferred memory devices in process
	in routine RX_FSM line 169 in file
		'/home/ICer/UART_System/rtl/UART/RX_FSM.sv'.
===============================================================================
|    Register Name    |   Type    | Width | Bus | MB | AR | AS | SR | SS | ST |
===============================================================================
|   data_valid_reg    | Flip-flop |   1   |  N  | N  | Y  | N  | N  | N  | N  |
|     c_state_reg     | Flip-flop |   3   |  Y  | N  | Y  | N  | N  | N  | N  |
===============================================================================
Presto compilation completed successfully.
Information: Building the design 'stp_chk'. (HDL-193)

Inferred memory devices in process
	in routine stp_chk line 12 in file
		'/home/ICer/UART_System/rtl/UART/Stp_Chk.v'.
===============================================================================
|    Register Name    |   Type    | Width | Bus | MB | AR | AS | SR | SS | ST |
===============================================================================
|    stp_done_reg     | Flip-flop |   1   |  N  | N  | Y  | N  | N  | N  | N  |
|     stp_err_reg     | Flip-flop |   1   |  N  | N  | Y  | N  | N  | N  | N  |
===============================================================================
Presto compilation completed successfully.
Information: Building the design 'Strt_chk'. (HDL-193)

Inferred memory devices in process
	in routine Strt_chk line 12 in file
		'/home/ICer/UART_System/rtl/UART/Strt_Chk.v'.
===============================================================================
|    Register Name    |   Type    | Width | Bus | MB | AR | AS | SR | SS | ST |
===============================================================================
|   strt_glitch_reg   | Flip-flop |   1   |  N  | N  | Y  | N  | N  | N  | N  |
===============================================================================
Presto compilation completed successfully.
Information: Building the design 'Parity_chk'. (HDL-193)

Inferred memory devices in process
	in routine Parity_chk line 24 in file
		'/home/ICer/UART_System/rtl/UART/Parity_Chk.v'.
===============================================================================
|    Register Name    |   Type    | Width | Bus | MB | AR | AS | SR | SS | ST |
===============================================================================
|   parity_reg_reg    | Flip-flop |   1   |  N  | N  | Y  | N  | N  | N  | N  |
|      count_reg      | Flip-flop |   4   |  Y  | N  | Y  | N  | N  | N  | N  |
|     par_err_reg     | Flip-flop |   1   |  N  | N  | Y  | N  | N  | N  | N  |
|    par_done_reg     | Flip-flop |   1   |  N  | N  | Y  | N  | N  | N  | N  |
===============================================================================
Presto compilation completed successfully.
Information: Building the design 'Edge_Bit_Counter'. (HDL-193)

Inferred memory devices in process
	in routine Edge_Bit_Counter line 13 in file
		'/home/ICer/UART_System/rtl/UART/Edge_Bit_Counter.v'.
===============================================================================
|    Register Name    |   Type    | Width | Bus | MB | AR | AS | SR | SS | ST |
===============================================================================
|    Edge_cnt_reg     | Flip-flop |   6   |  Y  | N  | Y  | N  | N  | N  | N  |
|     Bit_cnt_reg     | Flip-flop |   4   |  Y  | N  | Y  | N  | N  | N  | N  |
===============================================================================
Presto compilation completed successfully.
Information: Building the design 'Data_sampling'. (HDL-193)

Inferred memory devices in process
	in routine Data_sampling line 17 in file
		'/home/ICer/UART_System/rtl/UART/Data_Sampling.v'.
===============================================================================
|    Register Name    |   Type    | Width | Bus | MB | AR | AS | SR | SS | ST |
===============================================================================
|  Sample_Valid_reg   | Flip-flop |   1   |  N  | N  | Y  | N  | N  | N  | N  |
|   Sampled_bit_reg   | Flip-flop |   1   |  N  | N  | Y  | N  | N  | N  | N  |
|       s0_reg        | Flip-flop |   1   |  N  | N  | Y  | N  | N  | N  | N  |
|       s1_reg        | Flip-flop |   1   |  N  | N  | Y  | N  | N  | N  | N  |
===============================================================================
Presto compilation completed successfully.
Information: Building the design 'DeSerializer'. (HDL-193)

Inferred memory devices in process
	in routine DeSerializer line 11 in file
		'/home/ICer/UART_System/rtl/UART/DeSerializer.v'.
===============================================================================
|    Register Name    |   Type    | Width | Bus | MB | AR | AS | SR | SS | ST |
===============================================================================
|     P_DATA_reg      | Flip-flop |   8   |  Y  | N  | Y  | N  | N  | N  | N  |
===============================================================================
Presto compilation completed successfully.
1
current_design $top_module
Current design is 'sys_top'.
{sys_top}
#################### Liniking All The Design Parts #########################
puts "###############################################"
###############################################
puts "######## Liniking All The Design Parts ########"
######## Liniking All The Design Parts ########
puts "###############################################"
###############################################
#################### Liniking All The Design Parts #########################
puts "###############################################"
###############################################
puts "######## checking design consistency ##########"
######## checking design consistency ##########
puts "###############################################"
###############################################
check_design
 
****************************************
check_design summary:
Version:     O-2018.06-SP1
Date:        Wed Sep 23 06:54:36 2026
****************************************

                   Name                                            Total
--------------------------------------------------------------------------------
Inputs/Outputs                                                      2
    Unconnected ports (LINT-28)                                     1
    Constant outputs (LINT-52)                                      1

Cells                                                              21
    Cells do not drive (LINT-1)                                    17
    Connected to power or ground (LINT-32)                          3
    Nets connected to multiple pins on same cell (LINT-33)          1

Nets                                                                2
    Unloaded nets (LINT-2)                                          2
--------------------------------------------------------------------------------

Warning: In design 'ALU_WIDTH8_OUT_WIDTH16_FUN_WIDTH4', cell 'C342' does not drive any nets. (LINT-1)
Warning: In design 'ALU_WIDTH8_OUT_WIDTH16_FUN_WIDTH4', cell 'C343' does not drive any nets. (LINT-1)
Warning: In design 'ALU_WIDTH8_OUT_WIDTH16_FUN_WIDTH4', cell 'C344' does not drive any nets. (LINT-1)
Warning: In design 'ALU_WIDTH8_OUT_WIDTH16_FUN_WIDTH4', cell 'C345' does not drive any nets. (LINT-1)
Warning: In design 'ALU_WIDTH8_OUT_WIDTH16_FUN_WIDTH4', cell 'C370' does not drive any nets. (LINT-1)
Warning: In design 'ALU_WIDTH8_OUT_WIDTH16_FUN_WIDTH4', cell 'C372' does not drive any nets. (LINT-1)
Warning: In design 'ALU_WIDTH8_OUT_WIDTH16_FUN_WIDTH4', cell 'C374' does not drive any nets. (LINT-1)
Warning: In design 'clk_div_WIDTH6', cell 'C116' does not drive any nets. (LINT-1)
Warning: In design 'FIFO_WR_DEPTH8_ADDR_SIZE3_PTR_SIZE4', cell 'B_1' does not drive any nets. (LINT-1)
Warning: In design 'FIFO_RD_DEPTH8_ADDR_SIZE3_PTR_SIZE4', cell 'B_1' does not drive any nets. (LINT-1)
Warning: In design 'serializer_WIDTH8', cell 'C113' does not drive any nets. (LINT-1)
Warning: In design 'Parity_chk', cell 'B_6' does not drive any nets. (LINT-1)
Warning: In design 'Edge_Bit_Counter', cell 'C178' does not drive any nets. (LINT-1)
Warning: In design 'Edge_Bit_Counter', cell 'C179' does not drive any nets. (LINT-1)
Warning: In design 'Edge_Bit_Counter', cell 'C186' does not drive any nets. (LINT-1)
Warning: In design 'Edge_Bit_Counter', cell 'C187' does not drive any nets. (LINT-1)
Warning: In design 'Data_sampling', cell 'C98' does not drive any nets. (LINT-1)
Warning: In design 'sys_top', net 'reg3[6]' driven by pin 'Regfile_u/REG3[6]' has no loads. (LINT-2)
Warning: In design 'sys_top', net 'reg3[7]' driven by pin 'Regfile_u/REG3[7]' has no loads. (LINT-2)
Warning: In design 'Data_sampling', port 'Prescale[0]' is not connected to any nets. (LINT-28)
Warning: In design 'sys_top', a pin on submodule 'RX_CLK' is connected to logic 1 or logic 0. (LINT-32)
   Pin 'i_div_ratio[5]' is connected to logic 0. 
Warning: In design 'sys_top', a pin on submodule 'RX_CLK' is connected to logic 1 or logic 0. (LINT-32)
   Pin 'i_div_ratio[4]' is connected to logic 0. 
Warning: In design 'sys_top', a pin on submodule 'RX_CLK' is connected to logic 1 or logic 0. (LINT-32)
   Pin 'i_div_ratio[3]' is connected to logic 0. 
Warning: In design 'sys_top', the same net is connected to more than one pin on submodule 'RX_CLK'. (LINT-33)
   Net '*Logic0*' is connected to pins 'i_div_ratio[5]', 'i_div_ratio[4]'', 'i_div_ratio[3]'.
Warning: In design 'SYS_CTRL_WIDTH8_ALU_OUT_WIDTH16_ADDR4', output port 'clk_div_en' is connected directly to 'logic 1'. (LINT-52)
1
#################### Define Design Constraints #########################
puts "###############################################"
###############################################
puts "############ Design Constraints #### ##########"
############ Design Constraints #### ##########
puts "###############################################"
###############################################
###################### Mapping and optimization ########################
puts "###############################################"
###############################################
puts "########## Mapping & Optimization #############"
########## Mapping & Optimization #############
puts "###############################################"
###############################################
source cons.tcl 
###############################################
############ Design Constraints #### ##########
###############################################
Warning: Design rule attributes from the driving cell will be
	set on the port. (UID-401)
Using operating conditions 'scmetro_tsmc_cl013g_rvt_ss_1p08v_125c' found in library 'scmetro_tsmc_cl013g_rvt_ss_1p08v_125c'.
Using operating conditions 'scmetro_tsmc_cl013g_rvt_ff_1p32v_m40c' found in library 'scmetro_tsmc_cl013g_rvt_ff_1p32v_m40c'.
 
****************************************
check_design summary:
Version:     O-2018.06-SP1
Date:        Wed Sep 23 06:54:36 2026
****************************************

                   Name                                            Total
--------------------------------------------------------------------------------
Inputs/Outputs                                                      2
    Unconnected ports (LINT-28)                                     1
    Constant outputs (LINT-52)                                      1

Cells                                                              21
    Cells do not drive (LINT-1)                                    17
    Connected to power or ground (LINT-32)                          3
    Nets connected to multiple pins on same cell (LINT-33)          1

Nets                                                                2
    Unloaded nets (LINT-2)                                          2
--------------------------------------------------------------------------------

Warning: In design 'ALU_WIDTH8_OUT_WIDTH16_FUN_WIDTH4', cell 'C342' does not drive any nets. (LINT-1)
Warning: In design 'ALU_WIDTH8_OUT_WIDTH16_FUN_WIDTH4', cell 'C343' does not drive any nets. (LINT-1)
Warning: In design 'ALU_WIDTH8_OUT_WIDTH16_FUN_WIDTH4', cell 'C344' does not drive any nets. (LINT-1)
Warning: In design 'ALU_WIDTH8_OUT_WIDTH16_FUN_WIDTH4', cell 'C345' does not drive any nets. (LINT-1)
Warning: In design 'ALU_WIDTH8_OUT_WIDTH16_FUN_WIDTH4', cell 'C370' does not drive any nets. (LINT-1)
Warning: In design 'ALU_WIDTH8_OUT_WIDTH16_FUN_WIDTH4', cell 'C372' does not drive any nets. (LINT-1)
Warning: In design 'ALU_WIDTH8_OUT_WIDTH16_FUN_WIDTH4', cell 'C374' does not drive any nets. (LINT-1)
Warning: In design 'clk_div_WIDTH6', cell 'C116' does not drive any nets. (LINT-1)
Warning: In design 'FIFO_WR_DEPTH8_ADDR_SIZE3_PTR_SIZE4', cell 'B_1' does not drive any nets. (LINT-1)
Warning: In design 'FIFO_RD_DEPTH8_ADDR_SIZE3_PTR_SIZE4', cell 'B_1' does not drive any nets. (LINT-1)
Warning: In design 'serializer_WIDTH8', cell 'C113' does not drive any nets. (LINT-1)
Warning: In design 'Parity_chk', cell 'B_6' does not drive any nets. (LINT-1)
Warning: In design 'Edge_Bit_Counter', cell 'C178' does not drive any nets. (LINT-1)
Warning: In design 'Edge_Bit_Counter', cell 'C179' does not drive any nets. (LINT-1)
Warning: In design 'Edge_Bit_Counter', cell 'C186' does not drive any nets. (LINT-1)
Warning: In design 'Edge_Bit_Counter', cell 'C187' does not drive any nets. (LINT-1)
Warning: In design 'Data_sampling', cell 'C98' does not drive any nets. (LINT-1)
Warning: In design 'sys_top', net 'reg3[6]' driven by pin 'Regfile_u/REG3[6]' has no loads. (LINT-2)
Warning: In design 'sys_top', net 'reg3[7]' driven by pin 'Regfile_u/REG3[7]' has no loads. (LINT-2)
Warning: In design 'Data_sampling', port 'Prescale[0]' is not connected to any nets. (LINT-28)
Warning: In design 'sys_top', a pin on submodule 'RX_CLK' is connected to logic 1 or logic 0. (LINT-32)
   Pin 'i_div_ratio[5]' is connected to logic 0. 
Warning: In design 'sys_top', a pin on submodule 'RX_CLK' is connected to logic 1 or logic 0. (LINT-32)
   Pin 'i_div_ratio[4]' is connected to logic 0. 
Warning: In design 'sys_top', a pin on submodule 'RX_CLK' is connected to logic 1 or logic 0. (LINT-32)
   Pin 'i_div_ratio[3]' is connected to logic 0. 
Warning: In design 'sys_top', the same net is connected to more than one pin on submodule 'RX_CLK'. (LINT-33)
   Net '*Logic0*' is connected to pins 'i_div_ratio[5]', 'i_div_ratio[4]'', 'i_div_ratio[3]'.
Warning: In design 'SYS_CTRL_WIDTH8_ALU_OUT_WIDTH16_ADDR4', output port 'clk_div_en' is connected directly to 'logic 1'. (LINT-52)
###############################################
########## Mapping & Optimization #############
###############################################
Information: Evaluating DesignWare library utilization. (UISN-27)

============================================================================
| DesignWare Building Block Library  |         Version         | Available |
============================================================================
| Basic DW Building Blocks           | O-2018.06-DWBB_201806.1 |     *     |
| Licensed DW Building Blocks        |                         |           |
============================================================================


Information: There are 25 potential problems in your design. Please run 'check_design' for more information. (LINT-99)


Warning: Operating condition scmetro_tsmc_cl013g_rvt_ss_1p08v_125c set on design sys_top has different process,
voltage and temperatures parameters than the parameters at which target library 
scmetro_tsmc_cl013g_rvt_tt_1p2v_25c is characterized. Delays may be inaccurate as a result. (OPT-998)

  Beginning Pass 1 Mapping
  ------------------------
  Processing 'CLK_GATE'
  Processing 'RST_SYNCH_0'
  Processing 'clk_div_WIDTH6_0'
  Processing 'DeSerializer'
  Processing 'Data_sampling'
  Processing 'Edge_Bit_Counter'
  Processing 'Parity_chk'
  Processing 'Strt_chk'
  Processing 'stp_chk'
  Processing 'RX_FSM'
  Processing 'RX_TOP'
  Processing 'MUX'
  Processing 'parity_WIDTH8'
  Processing 'TX_FSM'
  Processing 'serializer_WIDTH8'
  Processing 'TX_TOP_WIDTH8'
  Processing 'UART_DATA_WIDTH8'
  Processing 'Data_Synch'
  Processing 'SYS_CTRL_WIDTH8_ALU_OUT_WIDTH16_ADDR4'
  Processing 'Register_WIDTH8_DEPTH16_ADDRESS4'
  Processing 'ALU_WIDTH8_OUT_WIDTH16_FUN_WIDTH4'
  Processing 'FIFO_RD_DEPTH8_ADDR_SIZE3_PTR_SIZE4'
  Processing 'FIFO_WR_DEPTH8_ADDR_SIZE3_PTR_SIZE4'
  Processing 'DF_SYNC_WIDTH4_0'
  Processing 'FIFO_MEM_CNTRL_BUS_WIDTH8_DEPTH8_ADDR_SIZE3'
  Processing 'FIFO_TOP_BUS_WIDTH8_DEPTH8_ADDR_WIDTH3_PTR_SIZE4'
  Processing 'PULSE_GEN'
  Processing 'sys_top'

  Updating timing information
Information: Updating design information... (UID-85)

  Beginning Implementation Selection
  ----------------------------------
  Processing 'clk_div_WIDTH6_1_DW01_cmp2_0'
  Processing 'clk_div_WIDTH6_1_DW01_sub_0'
  Processing 'clk_div_WIDTH6_0_DW01_cmp2_0'
  Processing 'clk_div_WIDTH6_0_DW01_sub_0'
  Processing 'Data_sampling_DW01_cmp6_0'
  Processing 'Data_sampling_DW01_inc_0'
  Processing 'Data_sampling_DW01_cmp6_1'
  Processing 'Data_sampling_DW01_cmp6_2'
  Processing 'Data_sampling_DW01_dec_0'
  Processing 'Edge_Bit_Counter_DW01_inc_0'
  Processing 'Edge_Bit_Counter_DW01_cmp2_0'
  Processing 'Edge_Bit_Counter_DW01_dec_0'
  Processing 'ALU_WIDTH8_OUT_WIDTH16_FUN_WIDTH4_DW_div_uns_0'
  Processing 'ALU_WIDTH8_OUT_WIDTH16_FUN_WIDTH4_DW01_sub_0'
  Processing 'ALU_WIDTH8_OUT_WIDTH16_FUN_WIDTH4_DW01_add_0'
  Processing 'ALU_WIDTH8_OUT_WIDTH16_FUN_WIDTH4_DW01_cmp6_0'
  Processing 'ALU_WIDTH8_OUT_WIDTH16_FUN_WIDTH4_DW02_mult_0'
  Processing 'ALU_WIDTH8_OUT_WIDTH16_FUN_WIDTH4_DW01_add_1'
  Processing 'clk_div_WIDTH6_0_DW01_inc_0'
  Processing 'clk_div_WIDTH6_0_DW02_mult_0'
  Processing 'clk_div_WIDTH6_1_DW01_inc_0'
  Processing 'clk_div_WIDTH6_1_DW02_mult_0'

  Beginning Mapping Optimizations  (High effort)
  -------------------------------
Loading db file '/home/ICer/UART_System/Cell_Library/scmetro_tsmc_cl013g_rvt_tt_1p2v_25c.db'
Loading db file '/home/ICer/UART_System/Cell_Library/scmetro_tsmc_cl013g_rvt_ff_1p32v_m40c.db'
  Mapping Optimization (Phase 1)
  Mapping Optimization (Phase 2)

                                  TOTAL                                      
   ELAPSED            WORST NEG   SETUP    DESIGN                            
    TIME      AREA      SLACK     COST    RULE COST         ENDPOINT         
  --------- --------- --------- --------- --------- -------------------------
    0:00:06   44546.3      0.37       0.4       0.0                          
    0:00:06   44546.3      0.37       0.4       0.0                          
    0:00:06   44546.3      0.37       0.4       0.0                          
    0:00:06   44542.8      0.36       0.4       0.0                          
    0:00:06   44542.8      0.36       0.4       0.0                          
    0:00:06   23292.8      1.53       1.6       0.0                          
    0:00:06   23265.7      1.38       1.4       0.0                          
    0:00:06   23170.4      1.15       1.1       0.0                          
    0:00:06   23163.3      0.95       1.0       0.0                          
    0:00:07   23163.3      0.95       1.0       0.0                          
    0:00:07   23176.3      0.93       0.9       0.0                          
    0:00:07   23176.3      0.93       0.9       0.0                          
    0:00:07   23176.3      0.93       0.9       0.0                          
    0:00:07   23186.9      0.84       0.8       0.0                          
    0:00:07   23198.6      0.85       0.8       0.0                          
    0:00:07   23199.8      0.74       0.7       0.0                          
    0:00:07   23211.6      0.73       0.7       0.0                          
    0:00:07   23206.9      0.70       0.7       0.0                          
    0:00:07   23191.6      0.68       0.7       0.0                          
    0:00:07   23196.3      0.67       0.7       0.0                          
    0:00:07   23199.8      0.65       0.6       0.0                          
    0:00:07   23199.8      0.65       0.6       0.0                          
    0:00:07   23101.0      0.65       0.6       0.0                          
    0:00:07   23101.0      0.65       0.6       0.0                          
    0:00:07   23101.0      0.65       0.6       0.0                          
    0:00:07   23101.0      0.65       0.6       0.0                          
    0:00:07   23101.0      0.65       0.6       0.0                          
    0:00:07   23244.5      0.19       0.2       0.0 ALU_u/ALU_OUT_reg[0]/D   
    0:00:07   23292.8      0.12       0.1       0.0                          



  Beginning Delay Optimization Phase
  ----------------------------------

                                  TOTAL                                      
   ELAPSED            WORST NEG   SETUP    DESIGN                            
    TIME      AREA      SLACK     COST    RULE COST         ENDPOINT         
  --------- --------- --------- --------- --------- -------------------------
    0:00:07   23292.8      0.12       0.1       0.0                          
    0:00:07   23291.6      0.07       0.1       0.0 ALU_u/ALU_OUT_reg[0]/D   
    0:00:07   23246.9      0.00       0.0       0.0                          
    0:00:07   23244.5      0.00       0.0       0.0                          


  Beginning Area-Recovery Phase  (cleanup)
  -----------------------------

                                  TOTAL                                      
   ELAPSED            WORST NEG   SETUP    DESIGN                            
    TIME      AREA      SLACK     COST    RULE COST         ENDPOINT         
  --------- --------- --------- --------- --------- -------------------------
    0:00:07   23244.5      0.00       0.0       0.0                          
    0:00:07   23244.5      0.00       0.0       0.0                          
    0:00:07   23042.1      0.06       0.1       0.0                          
    0:00:07   23001.0      0.06       0.1       0.0                          
    0:00:07   22985.7      0.05       0.1       0.0                          
    0:00:07   22985.7      0.05       0.1       0.0                          
    0:00:07   22985.7      0.05       0.1       0.0                          
    0:00:07   22985.7      0.05       0.1       0.0                          
    0:00:07   22990.4      0.00       0.0       0.0                          
    0:00:07   22562.0      1.15       1.2       0.0                          
    0:00:07   22411.4      1.15       1.2       0.0                          
    0:00:07   22411.4      1.15       1.2       0.0                          
    0:00:07   22411.4      1.15       1.2       0.0                          
    0:00:08   22411.4      1.15       1.2       0.0                          
    0:00:08   22411.4      1.15       1.2       0.0                          
    0:00:08   22411.4      1.15       1.2       0.0                          
    0:00:08   22713.8      0.09       0.1       0.0 ALU_u/ALU_OUT_reg[0]/D   
    0:00:08   22729.1      0.06       0.1       0.0 ALU_u/ALU_OUT_reg[0]/D   
    0:00:08   22725.6      0.00       0.0       0.0 ALU_u/ALU_OUT_reg[0]/D   
    0:00:08   22725.6      0.00       0.0       0.0                          
Loading db file '/home/ICer/UART_System/Cell_Library/scmetro_tsmc_cl013g_rvt_ss_1p08v_125c.db'


Note: Symbol # after min delay cost means estimated hold TNS across all active scenarios 


  Optimization Complete
  ---------------------
1
set_svf -off
1
#############################################################################
# Write out Design after initial compile
#############################################################################
report_power -hierarchy > power.rpt
report_area -hierarchy > area.rpt
report_timing -max_paths 100 -delay_type max > setup.rpt
report_timing -max_paths 100 -delay_type min > hold.rpt
report_clock -attributes > clocks.rpt
report_constraint -all_violators > constraints.rpt
################# reporting #######################
write_file -format verilog -hierarchy -output sys_top_netlist_n_DFT.v
Writing verilog file '/home/ICer/UART_System/Synthesis_Formality_DFT/Synthesis/sys_top_netlist_n_DFT.v'.
Warning: Verilog 'assign' or 'tran' statements are written out. (VO-4)
Warning: Verilog writer has added 2 nets to module sys_top using SYNOPSYS_UNCONNECTED_ as prefix.  Please use the change_names command to make the correct changes before invoking the verilog writer.  (VO-11)
1
write_sdf sys_top_n_DFT.sdf
Information: Annotated 'cell' delays are assumed to include load delay. (UID-282)
Information: Writing timing information to file '/home/ICer/UART_System/Synthesis_Formality_DFT/Synthesis/sys_top_n_DFT.sdf'. (WT-3)
1
write_sdc sys_top_n_DFT.sdc
1
write_file -format ddc -hierarchy -output sys_top_n_DFT.ddc
Writing ddc file 'sys_top_n_DFT.ddc'.
1
################# starting graphical user interface #######################
#gui_start
exit

Memory usage for main task 280 Mbytes.
Memory usage for this session 280 Mbytes.
CPU usage for this session 10 seconds ( 0.00 hours ).

Thank you...
