
################################################################################
#
# This file has been generated by SpyGlass:
#     Report Name      : moresimple
#     Report Created by: ICer
#     Report Created on:  Wed Sep 23 03:35:35 2026
#     Working Directory: /home/ICer/UART_System/Spyglass
#     SpyGlass Version : SpyGlass_vL-2016.06
#     Policy Name      : SpyGlass(SpyGlass_vL-2016.06)
#                        clock-reset(SpyGlass_vL-2016.06)
#
#     Total Number of Generated Messages :         11
#     Number of Waived Messages          :          0
#     Number of Reported Messages        :         11
#     Number of Overlimit Messages       :          0
#
#
################################################################################

+++++++++++++++++++++++++++++++++++++++++++++++++++++++++++++++++++++++
MORESIMPLE REPORT:


############### BuiltIn -> RuleGroup=Design Read ###############
+++++++++++++++++++++++++++++++++++++++++++++++++++++++++++++++++++++++++++++++++++++++
ID       Rule                    Alias                   Severity    File                                                                                Line    Wt    Message
======================================================================================
[1]      DetectTopDesignUnits    DetectTopDesignUnits    Info        /home/ICer/UART_System/rtl/System_Top/System_TOP.sv                                 1       2     Module sys_top is a top level design unit
[0]      ElabSummary             ElabSummary             Info        ./spyglass-1/sys_top/cdc/cdc_abstract/spyglass_reports/SpyGlass/elab_summary.rpt    0       2     Please refer file './spyglass-1/sys_top/cdc/cdc_abstract/spyglass_reports/SpyGlass/elab_summary.rpt' for elab summary report
[6]      Info_Case_Analysis      showSimVal              Info        /home/ICer/UART_System/rtl/System_Top/System_TOP.sv                                 1       10    Information for set_case_analysis value propagation for design 'sys_top' is displayed
+++++++++++++++++++++++++++++++++++++++++++++++++++++++++++++++++++++++++++++++++++++++


############### BuiltIn -> RuleGroup=SGDC Checks ###############
+++++++++++++++++++++++++++++++++++++++++++++++++++++++++++++++++++++++++++++++++++++++
ID       Rule                    Alias    Severity    File             Line    Wt    Message
======================================================================================
[2]      SGDC_abstract_port03             Info        spy_cons.sgdc    47      10    Constraint 'abstract_port': 'VIRTUAL_RST_CLK' specified with '-clock' field not found on/within module 'sys_top'.Considering it as virtual clock
+++++++++++++++++++++++++++++++++++++++++++++++++++++++++++++++++++++++++++++++++++++++


############### Non-BuiltIn -> Goal=cdc/cdc_abstract ###############
+++++++++++++++++++++++++++++++++++++++++++++++++++++++++++++++++++++++++++++++++++++++
ID       Rule                Alias    Severity    File                                                                                                                                                  Line    Wt    Message
======================================================================================
[8]      Ac_abstract01                Info        ./spyglass-1/sys_top/cdc/cdc_abstract/spyglass_reports/abstract_view/sys_top_ALU_OUT_WIDTH_16_FIFO_ADDR_WIDTH_3_FIFO_DEPTH_8_F_1_cdc_abstract.sgdc    0       2     Abstracted sgdc file for module 'sys_top' is generated
[3]      Propagate_Clocks             Info        /home/ICer/UART_System/rtl/System_Top/System_TOP.sv                                                                                                   13      2     For sys_top, clock(s) 'sys_top.REF_CLK' of domain 'REF_DOMAIN' propagated
[4]      Propagate_Clocks             Info        /home/ICer/UART_System/rtl/System_Top/System_TOP.sv                                                                                                   45      2     For sys_top, clock(s) 'sys_top.UART_CLK,sys_top.tx_clk,sys_top.rx_clk' of domain 'UART_DOMAIN' propagated
[5]      Propagate_Clocks             Info        spy_cons.sgdc                                                                                                                                         20      2     For sys_top, virtual clock(s) 'VIRTUAL_RST_CLK' of domain 'VIRTUAL_RST_DOMAIN' propagated
[7]      Propagate_Resets             Info        /home/ICer/UART_System/rtl/System_Top/System_TOP.sv                                                                                                   14      2     For sys_top, reset 'sys_top.RST' propagated
[11]     Setup_port01                 Info        ./spyglass-1/sys_top/cdc/cdc_abstract/spyglass_reports/clock-reset/sys_top_input_abstract.sgdc                                                        0       2     Abstracted sgdc file for input ports of block 'sys_top' is generated
[12]     Setup_port01                 Info        /home/ICer/UART_System/rtl/System_Top/System_TOP.sv                                                                                                   1       2     Port coverage for top design unit 'sys_top' is: '0' (0.00 %) port(s) not fully constrained
+++++++++++++++++++++++++++++++++++++++++++++++++++++++++++++++++++++++++++++++++++++++
