
################################################################################
#
# This file has been generated by SpyGlass:
#     Report Name      : moresimple
#     Report Created by: ICer
#     Report Created on:  Wed Oct  7 22:19:20 2026
#     Working Directory: /home/ICer/UART_System/Spyglass2
#     SpyGlass Version : SpyGlass_vL-2016.06
#     Policy Name      : SpyGlass(SpyGlass_vL-2016.06)
#                        clock-reset(SpyGlass_vL-2016.06)
#                        erc(SpyGlass_vL-2016.06)
#                        latch(SpyGlass_vL-2016.06)
#                        lint(SpyGlass_vL-2016.06)
#                        morelint(SpyGlass_vL-2016.06)
#                        openmore(SpyGlass_vL-2016.06)
#                        power_est(SpyGlass_vL-2016.06)
#                        simulation(SpyGlass_vL-2016.06)
#                        starc(SpyGlass_vL-2016.06)
#                        starc2005(SpyGlass_vL-2016.06)
#                        timing(SpyGlass_vL-2016.06)
#                        txv(SpyGlass_vL-2016.06)
#
#     Total Number of Generated Messages :         10
#     Number of Waived Messages          :          6
#     Number of Reported Messages        :          4
#     Number of Overlimit Messages       :          0
#
#
################################################################################

+++++++++++++++++++++++++++++++++++++++++++++++++++++++++++++++++++++++
MORESIMPLE REPORT:


############### BuiltIn -> RuleGroup=Command-line read ###############
+++++++++++++++++++++++++++++++++++++++++++++++++++++++++++++++++++++++++++++++++++++++
ID       Rule           Alias          Severity    File    Line    Wt    Message
======================================================================================
[7]      CMD_sglib03    SglibUnused    Info        N.A     -1      10    No Cell has been used in design from sglib file './lint_cdc/spyglass_cache/autogenerated_sglib/aggregate.sglib'
+++++++++++++++++++++++++++++++++++++++++++++++++++++++++++++++++++++++++++++++++++++++


############### BuiltIn -> RuleGroup=Design Read ###############
+++++++++++++++++++++++++++++++++++++++++++++++++++++++++++++++++++++++++++++++++++++++
ID       Rule                    Alias                   Severity    File                                                                                             Line    Wt    Message
======================================================================================
[2]      DetectTopDesignUnits    DetectTopDesignUnits    Info        ../rtl/System_Top/SYS_TOP_dft.v                                                                  1       2     Module sys_top is a top level design unit
[0]      AutoGenerateSglib       AutoGenerateSglib       Info        ./lint_cdc/spyglass_cache/autogenerated_sglib/lc/spyglass_lc_aggregate_reports/moresimple.rpt    0       2     Sglib './lint_cdc/spyglass_cache/autogenerated_sglib/aggregate.sglib' has been auto-generated successfully
[1]      ElabSummary             ElabSummary             Info        ./lint_cdc/sys_top/lint/lint_rtl/spyglass_reports/SpyGlass/elab_summary.rpt                      0       2     Please refer file './lint_cdc/sys_top/lint/lint_rtl/spyglass_reports/SpyGlass/elab_summary.rpt' for elab summary report
+++++++++++++++++++++++++++++++++++++++++++++++++++++++++++++++++++++++++++++++++++++++
