
################################################################################
#
# This file has been generated by SpyGlass:
#     Report Name      : moresimple
#     Report Created by: ICer
#     Report Created on:  Wed Sep 23 03:36:01 2026
#     Working Directory: /home/ICer/UART_System/Spyglass
#     SpyGlass Version : SpyGlass_vL-2016.06
#     Policy Name      : SpyGlass(SpyGlass_vL-2016.06)
#                        clock-reset(SpyGlass_vL-2016.06)
#
#     Total Number of Generated Messages :         19
#     Number of Waived Messages          :          2
#     Number of Reported Messages        :         17
#     Number of Overlimit Messages       :          0
#
#
################################################################################

+++++++++++++++++++++++++++++++++++++++++++++++++++++++++++++++++++++++
MORESIMPLE REPORT:


############### BuiltIn -> RuleGroup=Design Read ###############
+++++++++++++++++++++++++++++++++++++++++++++++++++++++++++++++++++++++++++++++++++++++
ID       Rule                    Alias                   Severity    File                                                                                   Line    Wt    Message
======================================================================================
[1]      DetectTopDesignUnits    DetectTopDesignUnits    Info        /home/ICer/UART_System/rtl/System_Top/System_TOP.sv                                    1       2     Module sys_top is a top level design unit
[0]      ElabSummary             ElabSummary             Info        ./spyglass-1/sys_top/cdc/cdc_setup_check/spyglass_reports/SpyGlass/elab_summary.rpt    0       2     Please refer file './spyglass-1/sys_top/cdc/cdc_setup_check/spyglass_reports/SpyGlass/elab_summary.rpt' for elab summary report
[6]      Info_Case_Analysis      showSimVal              Info        /home/ICer/UART_System/rtl/System_Top/System_TOP.sv                                    1       10    Information for set_case_analysis value propagation for design 'sys_top' is displayed
+++++++++++++++++++++++++++++++++++++++++++++++++++++++++++++++++++++++++++++++++++++++


############### BuiltIn -> RuleGroup=SGDC Checks ###############
+++++++++++++++++++++++++++++++++++++++++++++++++++++++++++++++++++++++++++++++++++++++
ID       Rule                    Alias    Severity    File             Line    Wt    Message
======================================================================================
[2]      SGDC_abstract_port03             Info        spy_cons.sgdc    47      10    Constraint 'abstract_port': 'VIRTUAL_RST_CLK' specified with '-clock' field not found on/within module 'sys_top'.Considering it as virtual clock
+++++++++++++++++++++++++++++++++++++++++++++++++++++++++++++++++++++++++++++++++++++++


############### Non-BuiltIn -> Goal=cdc/cdc_setup_check ###############
+++++++++++++++++++++++++++++++++++++++++++++++++++++++++++++++++++++++++++++++++++++++
ID       Rule                Alias    Severity    File                                                        Line    Wt    Message
======================================================================================
[E]      Clock_info02                 Info        N.A.                                                        0       2     Clock Tree generated
[9]      Clock_info03b                Info        /home/ICer/UART_System/rtl/ClkDiv_ClkGate/Clk_divider.sv    47      2     Data pin of flop sys_top.RX_CLK.count[5:1], clocked by sys_top.UART_CLK , is tied to constant value 0
[A]      Clock_info03b                Info        /home/ICer/UART_System/rtl/ClkDiv_ClkGate/Clk_divider.sv    47      2     Data pin of flop sys_top.RX_CLK.count[0], clocked by sys_top.UART_CLK , is tied to constant value 1
[B]      Clock_info03b                Info        /home/ICer/UART_System/rtl/ClkDiv_ClkGate/Clk_divider.sv    47      2     Data pin of flop sys_top.TX_CLK.count[5:1], clocked by sys_top.UART_CLK , is tied to constant value 0
[C]      Clock_info03b                Info        /home/ICer/UART_System/rtl/ClkDiv_ClkGate/Clk_divider.sv    47      2     Data pin of flop sys_top.TX_CLK.count[0], clocked by sys_top.UART_CLK , is tied to constant value 1
[7]      Clock_info03b                Info        /home/ICer/UART_System/rtl/ClkDiv_ClkGate/Clk_divider.sv    48      2     Data pin of flop sys_top.TX_CLK.div_clk_reg, clocked by sys_top.UART_CLK , is tied to constant value 0
[8]      Clock_info03b                Info        /home/ICer/UART_System/rtl/ClkDiv_ClkGate/Clk_divider.sv    48      2     Data pin of flop sys_top.RX_CLK.div_clk_reg, clocked by sys_top.UART_CLK , is tied to constant value 0
[19]     Clock_info15                 Info        N.A.                                                        0       2     Port-Clock information generated for PortClockMatrix report
[3]      Propagate_Clocks             Info        /home/ICer/UART_System/rtl/System_Top/System_TOP.sv         13      2     For sys_top, clock(s) 'sys_top.REF_CLK' of domain 'REF_DOMAIN' propagated
[4]      Propagate_Clocks             Info        /home/ICer/UART_System/rtl/System_Top/System_TOP.sv         45      2     For sys_top, clock(s) 'sys_top.UART_CLK,sys_top.tx_clk,sys_top.rx_clk' of domain 'UART_DOMAIN' propagated
[5]      Propagate_Clocks             Info        spy_cons.sgdc                                               20      2     For sys_top, virtual clock(s) 'VIRTUAL_RST_CLK' of domain 'VIRTUAL_RST_DOMAIN' propagated
[D]      Propagate_Resets             Info        /home/ICer/UART_System/rtl/System_Top/System_TOP.sv         14      2     For sys_top, reset 'sys_top.RST' propagated
[F]      Reset_info02                 Info        N.A.                                                        0       2     Reset Tree generated
+++++++++++++++++++++++++++++++++++++++++++++++++++++++++++++++++++++++++++++++++++++++
