
################################################################################
#
# This file has been generated by SpyGlass:
#     Report Name      : waiver
#     Report Created by: ICer
#     Report Created on:  Wed Sep 23 03:36:01 2026
#     Working Directory: /home/ICer/UART_System/Spyglass
#     SpyGlass Version : SpyGlass_vL-2016.06
#     Policy Name      : SpyGlass(SpyGlass_vL-2016.06)
#                        clock-reset(SpyGlass_vL-2016.06)
#
#     Total Number of Generated Messages :         19
#     Number of Waived Messages          :          2
#     Number of Reported Messages        :         17
#     Number of Overlimit Messages       :          0
#
#     Total Number of Waivers                            :          1
#     Number of Waivers Applied                          :          1
#     Number of Waivers with Regex and/or wildcard       :          0
#     Number of Waivers with -rule                       :          1
#     Number of Waivers with line number and/or file info:          0
#     Number of Waive -IP commands                       :          0
#
#
################################################################################

WAIVER REPORT:
+++++++++++++++++++++++++++++++++++++++++++++++++++++++++++++++++++++++++++++++

Design Issues Waiver Report
+++++++++++++++++++++++++++++++++++++++++++++++++++++++++++++++++++++++++++++++

Waiver comment : Created by ICer on 22-Sep-2026 21:43:49
waive -rule "Setup_port01" 
#spg_backref : "./spyglass-1/sys_top/cdc/cdc_setup_check/spyglass-1_waiver_file.awl" 1

2 message(s) waived:
===============================================================================
Index    Rule         Severity File                                                                                              Line Wt Message
===============================================================================
[1A]     Setup_port01 Info     ./spyglass-1/sys_top/cdc/cdc_setup_check/spyglass_reports/clock-reset/sys_top_input_abstract.sgdc 0    2  Abstracted sgdc file for input ports of block 'sys_top' is generated
[18]     Setup_port01 Info     /home/ICer/UART_System/rtl/System_Top/System_TOP.sv                                               1    2  Port coverage for top design unit 'sys_top' is: '0' (0.00 %) port(s) not fully constrained
===============================================================================

