
################################################################################
#
# This file has been generated by SpyGlass:
#     Report Name      : waiver
#     Report Created by: ICer
#     Report Created on:  Wed Oct  7 22:19:20 2026
#     Working Directory: /home/ICer/UART_System/Spyglass2
#     SpyGlass Version : SpyGlass_vL-2016.06
#     Policy Name      : SpyGlass(SpyGlass_vL-2016.06)
#                        clock-reset(SpyGlass_vL-2016.06)
#                        erc(SpyGlass_vL-2016.06)
#                        latch(SpyGlass_vL-2016.06)
#                        lint(SpyGlass_vL-2016.06)
#                        morelint(SpyGlass_vL-2016.06)
#                        openmore(SpyGlass_vL-2016.06)
#                        power_est(SpyGlass_vL-2016.06)
#                        simulation(SpyGlass_vL-2016.06)
#                        starc(SpyGlass_vL-2016.06)
#                        starc2005(SpyGlass_vL-2016.06)
#                        timing(SpyGlass_vL-2016.06)
#                        txv(SpyGlass_vL-2016.06)
#
#     Total Number of Generated Messages :         10
#     Number of Waived Messages          :          6
#     Number of Reported Messages        :          4
#     Number of Overlimit Messages       :          0
#
#     Total Number of Waivers                            :          6
#     Number of Waivers Applied                          :          6
#     Number of Waivers with Regex and/or wildcard       :          0
#     Number of Waivers with -rule                       :          6
#     Number of Waivers with line number and/or file info:          0
#     Number of Waive -IP commands                       :          0
#
#
################################################################################

WAIVER REPORT:
+++++++++++++++++++++++++++++++++++++++++++++++++++++++++++++++++++++++++++++++

Design Issues Waiver Report
+++++++++++++++++++++++++++++++++++++++++++++++++++++++++++++++++++++++++++++++

Waiver comment : Created by ICer on 05-Oct-2026 02:40:14  Intentional latch due to use of icg cell
waive -exact 1 \
      -rule "InferLatch" 
#spg_backref : "./spyglass-1/sys_top/lint/lint_rtl/spyglass-1_waiver_file.awl" 1

1 message(s) waived:
===============================================================================
Index    Rule       Severity File                             Line Wt Message
===============================================================================
[13]     InferLatch Error    ../rtl/ClkDiv_ClkGate/CLK_GATE.v 20   5  Latch inferred for signal 'Latch_Out' in module 'CLK_GATE'
===============================================================================

Waiver comment : Created by ICer on 05-Oct-2026 02:40:45  Intentional due to muxing clk with div_clk
waive -exact 1 \
      -rule q%STARC05-1.4.3.4% 
#spg_backref : "./spyglass-1/sys_top/lint/lint_rtl/spyglass-1_waiver_file.awl" 3

2 message(s) waived:
===============================================================================
Index    Rule            Severity File                                 Line Wt Message
===============================================================================
[14]     STARC05-1.4.3.4 Warning  ../rtl/ClkDiv_ClkGate/Clk_divider.sv 48   10 Clock signal 'sys_top.TX_CLK.div_clk_reg' used as a non-clock (Used with name 'sys_top.TX_CLK.div_clk_reg')
[15]     STARC05-1.4.3.4 Warning  ../rtl/ClkDiv_ClkGate/Clk_divider.sv 48   10 Clock signal 'sys_top.RX_CLK.div_clk_reg' used as a non-clock (Used with name 'sys_top.RX_CLK.div_clk_reg')
===============================================================================

Waiver comment : Created by ICer on 05-Oct-2026 02:41:28  Intentional due to dft insetion and unused dft signals
waive -exact 1 \
      -rule "W240" 
#spg_backref : "./spyglass-1/sys_top/lint/lint_rtl/spyglass-1_waiver_file.awl" 5

3 message(s) waived:
===============================================================================
Index    Rule Severity File                                                                         Line Wt Message
===============================================================================
[3]      W240 Warning  ../rtl/System_Top/SYS_TOP_dft.v                                              17   10 Input 'SE' declared but not read.[Hierarchy: ':sys_top']
[5]      W240 Warning  ../rtl/System_Top/SYS_TOP_dft.v                                              18   10 Input 'SI[3:0]' declared but not read.[Hierarchy: ':sys_top']
[4]      W240 Info     ./lint_cdc/sys_top/lint/lint_rtl/spyglass_reports/lint/SignalUsageReport.rpt 0    10 Please refer to 'SignalUsageReport.rpt' for details of violating bits
===============================================================================

===============================================================================
Design Issues Waivers Waiving Zero Violations
===============================================================================
Waiver comment : Created by ICer on 05-Oct-2026 02:40:14  Intentional latch due to use of icg cell
waive -exact 1 \
      -rule "InferLatch" 
#spg_backref : "./spyglass-1/sys_top/lint/lint_rtl/spyglass-1_waiver_file.awl" 2

Waiver comment : Created by ICer on 05-Oct-2026 02:40:45  Intentional due to muxing clk with div_clk
waive -exact 1 \
      -rule q%STARC05-1.4.3.4% 
#spg_backref : "./spyglass-1/sys_top/lint/lint_rtl/spyglass-1_waiver_file.awl" 4

Waiver comment : Created by ICer on 05-Oct-2026 02:41:28  Intentional due to dft insetion and unused dft signals
waive -exact 1 \
      -rule "W240" 
#spg_backref : "./spyglass-1/sys_top/lint/lint_rtl/spyglass-1_waiver_file.awl" 6

===============================================================================

