
################################################################################
#
# This file has been generated by SpyGlass:
#     Report Name      : moresimple_turbo
#     Report Created by: ICer
#     Report Created on: Tue Sep 22 03:21:50 2026
#     Working Directory: /home/ICer/UART_System/Spyglass
#     SpyGlass Version : SpyGlass_vL-2016.06
#     Policy Name      : SpyGlass(SpyGlass_vL-2016.06)
#                        auto-verify(SpyGlass_vL-2016.06)
#                        erc(SpyGlass_vL-2016.06)
#                        latch(SpyGlass_vL-2016.06)
#                        lint(SpyGlass_vL-2016.06)
#                        morelint(SpyGlass_vL-2016.06)
#                        openmore(SpyGlass_vL-2016.06)
#                        simulation(SpyGlass_vL-2016.06)
#                        starc(SpyGlass_vL-2016.06)
#                        starc2005(SpyGlass_vL-2016.06)
#                        timing(SpyGlass_vL-2016.06)
#
#     Total Number of Generated Primary Messages   :         14
#     Total Number of Generated Secondary Messages :          2
#     Number of Waived Primary Messages            :          0
#     Number of Waived Secondary Messages          :          0
#     Number of Reported Primary Messages          :         14
#     Number of Reported Secondary Messages        :          2
#     Number of Overlimit Messages                 :          0
#
#
################################################################################

++++++++++++++++++++++++++++++++++++++++++++++++++++++++++++++++++++++++++++++++++++++++++++++++++++++++++++++++
MORESIMPLE_TURBO REPORT:
############### FATAL MESSAGES ############### 
++++++++++++++++++++++++++++++++++++++++++++++++++++++++++++++++++++++++++++++++++++++++++++++++++++++++++++++++++
ID       ParentID   Rule             Alias    Severity    File                                           Line    Wt    Message
========================================================================================================================
[10]     N.A        Av_multitop01             Fatal       /home/ICer/UART_System/rtl/UART/DATA_SYNC.v    1       10    Detected '2' top level design units. Please specify a single top level design unit
+++++++++++++++++++++++++++++++++++++++++++++++++++++++++++++++++++++++++++++++++++++++++++++++++++++++++++++++++++++++


############### BuiltIn -> RuleGroup=Design Read ###############
++++++++++++++++++++++++++++++++++++++++++++++++++++++++++++++++++++++++++++++++++++++++++++++++++++++++++++++++++++++++
ID       ParentID   Rule                             Alias                            Severity    File                                                                           Line    Wt    Message
========================================================================================================================
[A]      N.A        DetectTopDesignUnits             DetectTopDesignUnits             Info        /home/ICer/UART_System/rtl/System_Top/System_TOP.sv                            1       2     Module sys_top is a top level design unit
[B]      N.A        DetectTopDesignUnits             DetectTopDesignUnits             Info        /home/ICer/UART_System/rtl/UART/DATA_SYNC.v                                    1       2     Module Data_Sync is a top level design unit
[0]      N.A        ReportIgnoredOverlappingRules    ReportIgnoredOverlappingRules    Warning     N.A.                                                                           0       10    Rule 'STARC05-2.1.3.1 (verilog)' not run (subset of rule 'Av_width_mismatch_function (mixed)')
[1]      N.A        ReportIgnoredOverlappingRules    ReportIgnoredOverlappingRules    Warning     N.A.                                                                           0       10    Rule 'STARC05-2.10.3.2a (verilog)' not run (subset of rule 'Av_width_mismatch_expr (mixed)')
[2]      N.A        ReportIgnoredOverlappingRules    ReportIgnoredOverlappingRules    Warning     N.A.                                                                           0       10    Rule 'W110 (verilog)' not run (subset of rule 'Av_width_mismatch_port (mixed)')
[3]      N.A        ReportIgnoredOverlappingRules    ReportIgnoredOverlappingRules    Warning     N.A.                                                                           0       10    Rule 'W116 (verilog)' not run (subset of rule 'Av_width_mismatch_expr02 (mixed)')
[4]      N.A        ReportIgnoredOverlappingRules    ReportIgnoredOverlappingRules    Warning     N.A.                                                                           0       10    Rule 'W263 (verilog)' not run (subset of rule 'Av_width_mismatch_case (mixed)')
[5]      N.A        ReportIgnoredOverlappingRules    ReportIgnoredOverlappingRules    Warning     N.A.                                                                           0       10    Rule 'W362 (verilog)' not run (subset of rule 'Av_width_mismatch_expr03 (mixed)')
[6]      N.A        ReportIgnoredOverlappingRules    ReportIgnoredOverlappingRules    Warning     N.A.                                                                           0       10    Rule 'W467 (verilog)' not run (subset of rule 'Av_dontcare_mismatch (mixed)')
[7]      N.A        ReportIgnoredOverlappingRules    ReportIgnoredOverlappingRules    Warning     N.A.                                                                           0       10    Rule 'W71 (verilog)' not run (subset of rule 'Av_case_default_missing (mixed)')
[9]      N.A        ElabSummary                      ElabSummary                      Info        ./spyglass-1/lint/lint_turbo_rtl/spyglass_reports/SpyGlass/elab_summary.rpt    0       2     Please refer file './spyglass-1/lint/lint_turbo_rtl/spyglass_reports/SpyGlass/elab_summary.rpt' for elab summary report
[8]      N.A        TurboModeStatus                  TurboModeStatus                  Info        N.A.                                                                           0       10    Turbo-Mode is enabled in the current run as turbo_struct license feature successfully checked out
+++++++++++++++++++++++++++++++++++++++++++++++++++++++++++++++++++++++++++++++++++++++++++++++++++++++++++++++++++++++


############### Non-BuiltIn -> Goal=lint/lint_turbo_rtl ###############
++++++++++++++++++++++++++++++++++++++++++++++++++++++++++++++++++++++++++++++++++++++++++++++++++++++++++++++++++++++++
ID       ParentID   Rule     Alias    Severity    File                                                   Line    Wt    Message
========================================================================================================================
[E]      N.A        W287b             Warning     /home/ICer/UART_System/rtl/System_Top/System_TOP.sv    145     5     Instance output port 'parity_error' is not connected. For similar '2' violations of module 'UART', please refer to the spreadsheet for details
[C]      [E]        W287b             Warning     /home/ICer/UART_System/rtl/System_Top/System_TOP.sv    145     5     Instance output port 'framing_error' is not connected
[D]      [E]        W287b             Warning     /home/ICer/UART_System/rtl/System_Top/System_TOP.sv    145     5     Instance output port 'parity_error' is not connected
+++++++++++++++++++++++++++++++++++++++++++++++++++++++++++++++++++++++++++++++++++++++++++++++++++++++++++++++++++++++
