
################################################################################
#
# This file has been generated by SpyGlass:
#     Report Name      : no_msg_reporting_rules
#     Report Created by: ICer
#     Report Created on:  Tue Sep 22 03:21:50 2026
#     Working Directory: /home/ICer/UART_System/Spyglass
#     SpyGlass Version : SpyGlass_vL-2016.06
#     Policy Name      : SpyGlass(SpyGlass_vL-2016.06)
#                        auto-verify(SpyGlass_vL-2016.06)
#                        erc(SpyGlass_vL-2016.06)
#                        latch(SpyGlass_vL-2016.06)
#                        lint(SpyGlass_vL-2016.06)
#                        morelint(SpyGlass_vL-2016.06)
#                        openmore(SpyGlass_vL-2016.06)
#                        simulation(SpyGlass_vL-2016.06)
#                        starc(SpyGlass_vL-2016.06)
#                        starc2005(SpyGlass_vL-2016.06)
#                        timing(SpyGlass_vL-2016.06)
#
#     Total Number of Generated Messages :         14
#     Number of Waived Messages          :          0
#     Number of Reported Messages        :         14
#     Number of Overlimit Messages       :          0
#
#
################################################################################

NO VIOLATION RULE REPORT :
++++++++++++++++++++++++++++++++++++++++++++++++++++++++++++++++++++++++++++++++

Following rules did not produce any violation or waived off during spyglass run

++++++++++++++++++++++++++++++++++++++++++++++++++++++++++++++++++++++++++++++++


================================================================================
	INDEX                                   RULE-NAME
================================================================================
	1                                  Av_Info_Case_Analysis
	2                                  Av_case_default_missing
	3                                  Av_dontcare_mismatch
	4                                  Av_signed_unsigned_mismatch
	5                                  Av_width_mismatch_assign
	6                                  Av_width_mismatch_case
	7                                  Av_width_mismatch_expr
	8                                  Av_width_mismatch_expr02
	9                                  Av_width_mismatch_expr03
	10                                 Av_width_mismatch_function
	11                                 Av_width_mismatch_port
	12                                 BlockHeader
	13                                 BufClock
	14                                 CheckDelayTimescale-ML
	15                                 CombLoop
	16                                 FlopClockConstant
	17                                 FlopEConst
	18                                 FlopSRConst
	19                                 InferLatch
	20                                 LatchFeedback
	21                                 NoAssignX-ML
	22                                 NoXInCase-ML
	23                                 ParamWidthMismatch-ML
	24                                 RegInputOutput-ML
	25                                 STARC05-1.2.1.2
	26                                 STARC05-1.3.1.3
	27                                 STARC05-1.4.3.4
	28                                 STARC05-2.1.4.5
	29                                 STARC05-2.1.5.3
	30                                 STARC05-2.1.6.5
	31                                 STARC05-2.10.1.4a
	32                                 STARC05-2.10.1.4b
	33                                 STARC05-2.10.2.3
	34                                 STARC05-2.11.3.1
	35                                 STARC05-2.2.3.3
	36                                 STARC05-2.3.1.2c
	37                                 STARC05-2.3.1.5b
	38                                 STARC05-2.3.1.6
	39                                 STARC05-2.3.3.1
	40                                 STARC05-2.3.4.1v
	41                                 STARC05-2.4.1.5
	42                                 STARC05-2.5.1.2
	43                                 STARC05-2.5.1.7
	44                                 STARC05-2.5.1.9
	45                                 UndrivenInTerm-ML
	46                                 W110a
	47                                 W116
	48                                 W122
	49                                 W123
	50                                 W156
	51                                 W19
	52                                 W215
	53                                 W216
	54                                 W218
	55                                 W224
	56                                 W240
	57                                 W287a
	58                                 W289
	59                                 W292
	60                                 W293
	61                                 W317
	62                                 W336
	63                                 W337
	64                                 W339a
	65                                 W352
	66                                 W392
	67                                 W398
	68                                 W414
	69                                 W415
	70                                 W415a
	71                                 W416
	72                                 W421
	73                                 W422
	74                                 W424
	75                                 W426
	76                                 W442a
	77                                 W442b
	78                                 W442c
	79                                 W442f
	80                                 W450L
	81                                 W467
	82                                 W480
	83                                 W481a
	84                                 W481b
	85                                 W486
	86                                 W496a
	87                                 W496b
	88                                 W499
	89                                 W502
	90                                 W505
	91                                 W528
	92                                 W66
	93                                 W71
	94                                 badimplicitSM1
	95                                 badimplicitSM2
	96                                 badimplicitSM4
	97                                 bothedges
	98                                 checkPinConnectedToSupply
	99                                 mixedsenselist
	100                                sim_race02
================================================================================
