
################################################################################
#
# This file has been generated by SpyGlass:
#     Report Name      : waiver
#     Report Created by: ICer
#     Report Created on:  Mon Oct  5 03:49:49 2026
#     Working Directory: /home/ICer/UART_System/Spyglass2
#     SpyGlass Version : SpyGlass_vL-2016.06
#     Policy Name      : SpyGlass(SpyGlass_vL-2016.06)
#                        clock-reset(SpyGlass_vL-2016.06)
#
#     Total Number of Generated Messages :         20
#     Number of Waived Messages          :          3
#     Number of Reported Messages        :         17
#     Number of Overlimit Messages       :          0
#
#     Total Number of Waivers                            :          1
#     Number of Waivers Applied                          :          1
#     Number of Waivers with Regex and/or wildcard       :          0
#     Number of Waivers with -rule                       :          1
#     Number of Waivers with line number and/or file info:          0
#     Number of Waive -IP commands                       :          0
#
#
################################################################################

WAIVER REPORT:
+++++++++++++++++++++++++++++++++++++++++++++++++++++++++++++++++++++++++++++++

Design Issues Waiver Report
+++++++++++++++++++++++++++++++++++++++++++++++++++++++++++++++++++++++++++++++

Waiver comment : Created by ICer on 05-Oct-2026 03:50:03
waive -rule "Propagate_Clocks" 
#spg_backref : "./spyglass-1/sys_top/cdc/cdc_setup_check/spyglass-1_waiver_file.awl" 1

3 message(s) waived:
===============================================================================
Index    Rule             Severity File                            Line Wt Message
===============================================================================
[6]      Propagate_Clocks Warning  ../Spyglass/spy_cons.sgdc       20   2  For sys_top, virtual clock(s) 'VIRTUAL_RST_CLK' of domain 'VIRTUAL_RST_DOMAIN' not propagated
[4]      Propagate_Clocks Info     ../rtl/System_Top/SYS_TOP_dft.v 14   2  For sys_top, clock(s) 'sys_top.REF_CLK' of domain 'REF_DOMAIN' propagated
[5]      Propagate_Clocks Info     ../rtl/System_Top/SYS_TOP_dft.v 52   2  For sys_top, clock(s) 'sys_top.UART_CLK,sys_top.tx_clk,sys_top.rx_clk' of domain 'UART_DOMAIN' propagated
===============================================================================

